Archive member included because of file (symbol)

C:/Program Files (x86)/ChipON IDE/KungFu32/ChiponCC32/ccr1_issue_v0/lib/libio.a(fprintf.o)
                              ./source/main.o (fprintf)
C:/Program Files (x86)/ChipON IDE/KungFu32/ChiponCC32/ccr1_issue_v0/lib/libio.a(vfprintf.o)
                              C:/Program Files (x86)/ChipON IDE/KungFu32/ChiponCC32/ccr1_issue_v0/lib/libio.a(fprintf.o) (vfprintf)
C:/Program Files (x86)/ChipON IDE/KungFu32/ChiponCC32/ccr1_issue_v0/lib/libio.a(putchar.o)
                              C:/Program Files (x86)/ChipON IDE/KungFu32/ChiponCC32/ccr1_issue_v0/lib/libio.a(vfprintf.o) (fputchar)
C:/Program Files (x86)/ChipON IDE/KungFu32/ChiponCC32/ccr1_issue_v0/lib/libstdlib.a(ftoa.o)
                              C:/Program Files (x86)/ChipON IDE/KungFu32/ChiponCC32/ccr1_issue_v0/lib/libio.a(vfprintf.o) (ftoa)
C:/Program Files (x86)/ChipON IDE/KungFu32/ChiponCC32/ccr1_issue_v0/lib/libstdlib.a(itoa.o)
                              C:/Program Files (x86)/ChipON IDE/KungFu32/ChiponCC32/ccr1_issue_v0/lib/libstdlib.a(ftoa.o) (uitoa)
C:/Program Files (x86)/ChipON IDE/KungFu32/ChiponCC32/ccr1_issue_v0/lib/libstdlib.a(ltoa.o)
                              C:/Program Files (x86)/ChipON IDE/KungFu32/ChiponCC32/ccr1_issue_v0/lib/libio.a(vfprintf.o) (ultoa)
C:/Program Files (x86)/ChipON IDE/KungFu32/ChiponCC32/ccr1_issue_v0/lib/libctype.a(ctype_tab.o)
                              C:/Program Files (x86)/ChipON IDE/KungFu32/ChiponCC32/ccr1_issue_v0/lib/libio.a(vfprintf.o) (_Ctype)
C:/Program Files (x86)/ChipON IDE/KungFu32/ChiponCC32/ccr1_issue_v0/lib/libcrtv1.a(adddf3.o)
                              ./source/system.o (__adddf3)
C:/Program Files (x86)/ChipON IDE/KungFu32/ChiponCC32/ccr1_issue_v0/lib/libcrtv1.a(addsf3.o)
                              ./source/system.o (__addsf3)
C:/Program Files (x86)/ChipON IDE/KungFu32/ChiponCC32/ccr1_issue_v0/lib/libcrtv1.a(divdf3.o)
                              ./source/system.o (__divdf3)
C:/Program Files (x86)/ChipON IDE/KungFu32/ChiponCC32/ccr1_issue_v0/lib/libcrtv1.a(divsf3.o)
                              ./source/system.o (__divsf3)
C:/Program Files (x86)/ChipON IDE/KungFu32/ChiponCC32/ccr1_issue_v0/lib/libcrtv1.a(fixunsdfsi.o)
                              ./source/aebs.o (__fixunsdfsi)
C:/Program Files (x86)/ChipON IDE/KungFu32/ChiponCC32/ccr1_issue_v0/lib/libcrtv1.a(fixunssfsi.o)
                              ./driver/canreceive.o (__fixunssfsi)
C:/Program Files (x86)/ChipON IDE/KungFu32/ChiponCC32/ccr1_issue_v0/lib/libcrtv1.a(floatsidf.o)
                              ./source/aebs.o (__floatsidf)
C:/Program Files (x86)/ChipON IDE/KungFu32/ChiponCC32/ccr1_issue_v0/lib/libcrtv1.a(floatsisf.o)
                              ./source/system.o (__floatsisf)
C:/Program Files (x86)/ChipON IDE/KungFu32/ChiponCC32/ccr1_issue_v0/lib/libcrtv1.a(floatunsisf.o)
                              ./driver/canreceive.o (__floatunsisf)
C:/Program Files (x86)/ChipON IDE/KungFu32/ChiponCC32/ccr1_issue_v0/lib/libcrtv1.a(gedf2.o)
                              ./source/displayhelper.o (__gtdf2)
C:/Program Files (x86)/ChipON IDE/KungFu32/ChiponCC32/ccr1_issue_v0/lib/libcrtv1.a(gesf2.o)
                              ./source/system.o (__gesf2)
C:/Program Files (x86)/ChipON IDE/KungFu32/ChiponCC32/ccr1_issue_v0/lib/libcrtv1.a(ledf2.o)
                              ./source/displayhelper.o (__ltdf2)
C:/Program Files (x86)/ChipON IDE/KungFu32/ChiponCC32/ccr1_issue_v0/lib/libcrtv1.a(muldf3.o)
                              ./source/aebs.o (__muldf3)
C:/Program Files (x86)/ChipON IDE/KungFu32/ChiponCC32/ccr1_issue_v0/lib/libcrtv1.a(mulsf3.o)
                              ./driver/canreceive.o (__mulsf3)
C:/Program Files (x86)/ChipON IDE/KungFu32/ChiponCC32/ccr1_issue_v0/lib/libcrtv1.a(subdf3.o)
                              ./source/system.o (__subdf3)
C:/Program Files (x86)/ChipON IDE/KungFu32/ChiponCC32/ccr1_issue_v0/lib/libcrtv1.a(subsf3.o)
                              ./source/system.o (__subsf3)
C:/Program Files (x86)/ChipON IDE/KungFu32/ChiponCC32/ccr1_issue_v0/lib/libcrtv1.a(truncdfsf2.o)
                              C:/Program Files (x86)/ChipON IDE/KungFu32/ChiponCC32/ccr1_issue_v0/lib/libio.a(vfprintf.o) (__truncdfsf2)
C:/Program Files (x86)/ChipON IDE/KungFu32/ChiponCC32/ccr1_issue_v0/lib/libcrtv1.a(__clzsi2.o)
                              C:/Program Files (x86)/ChipON IDE/KungFu32/ChiponCC32/ccr1_issue_v0/lib/libcrtv1.a(adddf3.o) (__clzsi2)

@@@@@Discarded input sections

 .text          0x00000000        0x0 ./system/src/kf32a_basic_adc.o
 .data          0x00000000        0x0 ./system/src/kf32a_basic_adc.o
 .bss           0x00000000        0x0 ./system/src/kf32a_basic_adc.o
 .text$ADC_Struct_Init
                0x00000000       0x22 ./system/src/kf32a_basic_adc.o
 .text$ADC_Delay_Configuration
                0x00000000       0x24 ./system/src/kf32a_basic_adc.o
 .text$ADC_Delay_Struct_Init
                0x00000000        0xa ./system/src/kf32a_basic_adc.o
 .text$ADC_Analog_Watchdog_Configuration
                0x00000000       0x48 ./system/src/kf32a_basic_adc.o
 .text$ADC_Analog_Watchdog_Struct_Init
                0x00000000       0x10 ./system/src/kf32a_basic_adc.o
 .text$ADC_Watchdog_Single_Channel_Enable
                0x00000000        0xc ./system/src/kf32a_basic_adc.o
 .text$ADC_Scan_Mode_Enable
                0x00000000        0xc ./system/src/kf32a_basic_adc.o
 .text$ADC_Bosssel_Comparator_Calibration
                0x00000000        0xc ./system/src/kf32a_basic_adc.o
 .text$ADC_Bosssel_Calibration
                0x00000000        0xc ./system/src/kf32a_basic_adc.o
 .text$ADC_Trim_Current_Intensity_Bias
                0x00000000        0xc ./system/src/kf32a_basic_adc.o
 .text$ADC_Analog_Clock_Config
                0x00000000       0x10 ./system/src/kf32a_basic_adc.o
 .text$ADC_Data_Align_Config
                0x00000000        0xa ./system/src/kf32a_basic_adc.o
 .text$ADC_Clock_Source_Config
                0x00000000        0xc ./system/src/kf32a_basic_adc.o
 .text$ADC_Regular_Channel_DMA_Cmd
                0x00000000        0xc ./system/src/kf32a_basic_adc.o
 .text$ADC_High_Priority_Channel_DMA_Cmd
                0x00000000       0x14 ./system/src/kf32a_basic_adc.o
 .text$ADC_Double_Mode_Config
                0x00000000       0x18 ./system/src/kf32a_basic_adc.o
 .text$ADC_Reference_Voltage_Config
                0x00000000       0x10 ./system/src/kf32a_basic_adc.o
 .text$ADC_Analog_Watchdog_Channel_Config
                0x00000000       0x10 ./system/src/kf32a_basic_adc.o
 .text$ADC_Regular_Channel_Watchdog_Enable
                0x00000000        0xc ./system/src/kf32a_basic_adc.o
 .text$ADC_External_Trig_Conv_Enable
                0x00000000        0xe ./system/src/kf32a_basic_adc.o
 .text$ADC_External_Trig_Conv_Config
                0x00000000       0x10 ./system/src/kf32a_basic_adc.o
 .text$ADC_Regular_Sequencer_Length_Config
                0x00000000       0x14 ./system/src/kf32a_basic_adc.o
 .text$ADC_Regular_Channel_TxCCRy_Trig_Enable
                0x00000000       0x18 ./system/src/kf32a_basic_adc.o
 .text$ADC_Continuous_Mode_Cmd
                0x00000000        0xc ./system/src/kf32a_basic_adc.o
 .text$ADC_Disc_Mode_Channel_Count_Config
                0x00000000       0x18 ./system/src/kf32a_basic_adc.o
 .text$ADC_Disc_Mode_Cmd
                0x00000000        0xc ./system/src/kf32a_basic_adc.o
 .text$ADC_High_Priority_Watchdog_Enable
                0x00000000        0xc ./system/src/kf32a_basic_adc.o
 .text$ADC_HPExternal_Trig_Conv_Enable
                0x00000000        0xe ./system/src/kf32a_basic_adc.o
 .text$ADC_High_Priority_Channel_Config
                0x00000000       0x1a ./system/src/kf32a_basic_adc.o
 .text$ADC_High_Priority_Sequencer_Length_Config
                0x00000000       0x10 ./system/src/kf32a_basic_adc.o
 .text$ADC_Set_HPChannel_Conv_Value_Offset
                0x00000000        0x4 ./system/src/kf32a_basic_adc.o
 .text$ADC_HPExternal_Trig_Conv_Config
                0x00000000       0x10 ./system/src/kf32a_basic_adc.o
 .text$ADC_Software_HPStart_Conv
                0x00000000        0x6 ./system/src/kf32a_basic_adc.o
 .text$ADC_HPAuto_Conv_Cmd
                0x00000000        0xc ./system/src/kf32a_basic_adc.o
 .text$ADC_HPDisc_Mode_Cmd
                0x00000000        0xc ./system/src/kf32a_basic_adc.o
 .text$ADC_Get_HPConversion_Data
                0x00000000        0x8 ./system/src/kf32a_basic_adc.o
 .text$ADC_Set_INT_Enable
                0x00000000       0x1c ./system/src/kf32a_basic_adc.o
 .text$ADC_Clear_INT_Flag
                0x00000000       0x2c ./system/src/kf32a_basic_adc.o
 .text$ADC_Get_INT_Status
                0x00000000       0x18 ./system/src/kf32a_basic_adc.o
 .text          0x00000000        0x0 ./system/src/kf32a_basic_aes.o
 .data          0x00000000        0x0 ./system/src/kf32a_basic_aes.o
 .bss           0x00000000        0x0 ./system/src/kf32a_basic_aes.o
 .text$AES_Reset
                0x00000000       0x30 ./system/src/kf32a_basic_aes.o
 .text$AES_Configuration
                0x00000000       0x2c ./system/src/kf32a_basic_aes.o
 .text$AES_Struct_Init
                0x00000000       0x10 ./system/src/kf32a_basic_aes.o
 .text$AES_KEY0_DATA
                0x00000000        0xc ./system/src/kf32a_basic_aes.o
 .text$AES_KEY1_DATA
                0x00000000        0xc ./system/src/kf32a_basic_aes.o
 .text$AES_KEY2_DATA
                0x00000000        0xc ./system/src/kf32a_basic_aes.o
 .text$AES_KEY3_DATA
                0x00000000        0xc ./system/src/kf32a_basic_aes.o
 .text$AES_INPUT0_DATA
                0x00000000        0xc ./system/src/kf32a_basic_aes.o
 .text$AES_INPUT1_DATA
                0x00000000        0xc ./system/src/kf32a_basic_aes.o
 .text$AES_INPUT2_DATA
                0x00000000        0xc ./system/src/kf32a_basic_aes.o
 .text$AES_INPUT3_DATA
                0x00000000        0xc ./system/src/kf32a_basic_aes.o
 .text$GET_AES_OUTPUT0_DATA
                0x00000000        0xc ./system/src/kf32a_basic_aes.o
 .text$GET_AES_OUTPUT1_DATA
                0x00000000        0xc ./system/src/kf32a_basic_aes.o
 .text$GET_AES_OUTPUT2_DATA
                0x00000000        0xc ./system/src/kf32a_basic_aes.o
 .text$GET_AES_OUTPUT3_DATA
                0x00000000        0xc ./system/src/kf32a_basic_aes.o
 .text$AES_Get_Flag_Status
                0x00000000        0xc ./system/src/kf32a_basic_aes.o
 .text$AES_Start
                0x00000000       0x10 ./system/src/kf32a_basic_aes.o
 .text$AES_CLR_Flag_Status
                0x00000000       0x1c ./system/src/kf32a_basic_aes.o
 .text          0x00000000        0x0 ./system/src/kf32a_basic_atim.o
 .data          0x00000000        0x0 ./system/src/kf32a_basic_atim.o
 .bss           0x00000000        0x0 ./system/src/kf32a_basic_atim.o
 .text$ATIM_X_Configuration
                0x00000000       0x34 ./system/src/kf32a_basic_atim.o
 .text$ATIM_Z_Configuration
                0x00000000       0x34 ./system/src/kf32a_basic_atim.o
 .text$ATIM_Struct_Init
                0x00000000       0x1c ./system/src/kf32a_basic_atim.o
 .text$ATIM_X_Cmd
                0x00000000        0xe ./system/src/kf32a_basic_atim.o
 .text$ATIM_Z_Cmd
                0x00000000        0xe ./system/src/kf32a_basic_atim.o
 .text$ATIM_X_Updata_Configuration
                0x00000000       0x1a ./system/src/kf32a_basic_atim.o
 .text$ATIM_Z_Updata_Configuration
                0x00000000       0x1a ./system/src/kf32a_basic_atim.o
 .text$ATIM_X_Updata_Cmd
                0x00000000       0x10 ./system/src/kf32a_basic_atim.o
 .text$ATIM_Z_Updata_Cmd
                0x00000000       0x10 ./system/src/kf32a_basic_atim.o
 .text$ATIM_X_Set_Counter
                0x00000000        0x6 ./system/src/kf32a_basic_atim.o
 .text$ATIM_Z_Set_Counter
                0x00000000        0x6 ./system/src/kf32a_basic_atim.o
 .text$ATIM_X_Set_Period
                0x00000000        0x6 ./system/src/kf32a_basic_atim.o
 .text$ATIM_Z_Set_Period
                0x00000000        0x6 ./system/src/kf32a_basic_atim.o
 .text$ATIM_X_Set_Prescaler
                0x00000000        0x6 ./system/src/kf32a_basic_atim.o
 .text$ATIM_Z_Set_Prescaler
                0x00000000        0x6 ./system/src/kf32a_basic_atim.o
 .text$ATIM_X_Counter_Mode_Config
                0x00000000       0x10 ./system/src/kf32a_basic_atim.o
 .text$ATIM_Z_Counter_Mode_Config
                0x00000000       0x10 ./system/src/kf32a_basic_atim.o
 .text$ATIM_X_Clock_Config
                0x00000000        0xc ./system/src/kf32a_basic_atim.o
 .text$ATIM_Z_Clock_Config
                0x00000000        0xc ./system/src/kf32a_basic_atim.o
 .text$ATIM_X_Postscaler_Config
                0x00000000       0x10 ./system/src/kf32a_basic_atim.o
 .text$ATIM_Z_Postscaler_Config
                0x00000000       0x10 ./system/src/kf32a_basic_atim.o
 .text$ATIM_X_External_Pulse_Sync_Config
                0x00000000        0xe ./system/src/kf32a_basic_atim.o
 .text$ATIM_Z_External_Pulse_Sync_Config
                0x00000000        0xe ./system/src/kf32a_basic_atim.o
 .text$ATIM_X_Work_Mode_Config
                0x00000000        0xe ./system/src/kf32a_basic_atim.o
 .text$ATIM_Z_Work_Mode_Config
                0x00000000        0xe ./system/src/kf32a_basic_atim.o
 .text$ATIM_X_Get_Direction
                0x00000000        0xa ./system/src/kf32a_basic_atim.o
 .text$ATIM_Z_Get_Direction
                0x00000000        0xa ./system/src/kf32a_basic_atim.o
 .text$ATIM_X_Overflow_AD_Enable
                0x00000000        0xe ./system/src/kf32a_basic_atim.o
 .text$ATIM_Z_Overflow_AD_Enable
                0x00000000        0xe ./system/src/kf32a_basic_atim.o
 .text$ATIM_X_Underflow_AD_Enable
                0x00000000        0xe ./system/src/kf32a_basic_atim.o
 .text$ATIM_Z_Underflow_AD_Enable
                0x00000000        0xe ./system/src/kf32a_basic_atim.o
 .text$ATIM_X_TriggerAD_Config
                0x00000000        0xe ./system/src/kf32a_basic_atim.o
 .text$ATIM_Z_TriggerAD_Config
                0x00000000        0xe ./system/src/kf32a_basic_atim.o
 .text$ATIM_X_Set_TriggerAD_Signal
                0x00000000        0xa ./system/src/kf32a_basic_atim.o
 .text$ATIM_Z_Set_TriggerAD_Signal
                0x00000000        0x6 ./system/src/kf32a_basic_atim.o
 .text$ATIM_X_Updata_Immediately_Config
                0x00000000       0x10 ./system/src/kf32a_basic_atim.o
 .text$ATIM_Z_Updata_Immediately_Config
                0x00000000       0x10 ./system/src/kf32a_basic_atim.o
 .text$ATIM_X_Updata_Output_Ctl
                0x00000000       0x10 ./system/src/kf32a_basic_atim.o
 .text$ATIM_Z_Updata_Output_Ctl
                0x00000000       0x10 ./system/src/kf32a_basic_atim.o
 .text$ATIM_X_Updata_Enable
                0x00000000       0x10 ./system/src/kf32a_basic_atim.o
 .text$ATIM_Z_Updata_Enable
                0x00000000       0x10 ./system/src/kf32a_basic_atim.o
 .text$ATIM_X_Set_Updata_Counter
                0x00000000        0x8 ./system/src/kf32a_basic_atim.o
 .text$ATIM_Z_Set_Updata_Counter
                0x00000000        0x8 ./system/src/kf32a_basic_atim.o
 .text$ATIM_X_Slave_Mode_Config
                0x00000000       0x12 ./system/src/kf32a_basic_atim.o
 .text$ATIM_Z_Slave_Mode_Config
                0x00000000       0x14 ./system/src/kf32a_basic_atim.o
 .text$ATIM_Master_Mode_Config
                0x00000000       0x10 ./system/src/kf32a_basic_atim.o
 .text$ATIM_Master_Slave_Snyc_Enable
                0x00000000       0x10 ./system/src/kf32a_basic_atim.o
 .text$ATIM_Trigger_Select_Config
                0x00000000       0x14 ./system/src/kf32a_basic_atim.o
 .text$ATIM_Timer_Unite_Enable
                0x00000000       0x10 ./system/src/kf32a_basic_atim.o
 .text$ATIM_X_Get_Counter
                0x00000000        0x6 ./system/src/kf32a_basic_atim.o
 .text$ATIM_Z_Get_Counter
                0x00000000        0x6 ./system/src/kf32a_basic_atim.o
 .text$ATIM_X_Get_Period
                0x00000000        0x6 ./system/src/kf32a_basic_atim.o
 .text$ATIM_Z_Get_Period
                0x00000000        0x6 ./system/src/kf32a_basic_atim.o
 .text$ATIM_X_Get_Prescaler
                0x00000000        0x6 ./system/src/kf32a_basic_atim.o
 .text$ATIM_Z_Get_Prescaler
                0x00000000        0x6 ./system/src/kf32a_basic_atim.o
 .text$ATIM_X_Updata_INT_Enable
                0x00000000       0x10 ./system/src/kf32a_basic_atim.o
 .text$ATIM_Z_Updata_INT_Enable
                0x00000000       0x10 ./system/src/kf32a_basic_atim.o
 .text$ATIM_X_Overflow_INT_Enable
                0x00000000       0x10 ./system/src/kf32a_basic_atim.o
 .text$ATIM_Z_Overflow_INT_Enable
                0x00000000       0x10 ./system/src/kf32a_basic_atim.o
 .text$ATIM_X_Trigger_INT_Enable
                0x00000000       0x10 ./system/src/kf32a_basic_atim.o
 .text$ATIM_X_Updata_DMA_Enable
                0x00000000       0x10 ./system/src/kf32a_basic_atim.o
 .text$ATIM_Z_Updata_DMA_Enable
                0x00000000       0x10 ./system/src/kf32a_basic_atim.o
 .text$ATIM_X_Trigger_DMA_Enable
                0x00000000       0x10 ./system/src/kf32a_basic_atim.o
 .text$ATIM_X_Get_Updata_INT_Flag
                0x00000000        0xc ./system/src/kf32a_basic_atim.o
 .text$ATIM_Z_Get_Updata_INT_Flag
                0x00000000        0xc ./system/src/kf32a_basic_atim.o
 .text$ATIM_X_Get_Overflow_INT_Flag
                0x00000000        0xc ./system/src/kf32a_basic_atim.o
 .text$ATIM_Z_Get_Overflow_INT_Flag
                0x00000000        0xc ./system/src/kf32a_basic_atim.o
 .text$ATIM_X_Get_Trigger_INT_Flag
                0x00000000        0xc ./system/src/kf32a_basic_atim.o
 .text$ATIM_X_Generate_Trigger_Config
                0x00000000       0x10 ./system/src/kf32a_basic_atim.o
 .text$ATIM_X_Get_Updata_DMA_INT_Flag
                0x00000000        0xc ./system/src/kf32a_basic_atim.o
 .text$ATIM_Z_Get_Updata_DMA_INT_Flag
                0x00000000        0xc ./system/src/kf32a_basic_atim.o
 .text$ATIM_X_Get_Trigger_DMA_INT_Flag
                0x00000000        0xc ./system/src/kf32a_basic_atim.o
 .text$ATIM_X_Clear_Updata_INT_Flag
                0x00000000       0x1a ./system/src/kf32a_basic_atim.o
 .text$ATIM_Z_Clear_Updata_INT_Flag
                0x00000000       0x1a ./system/src/kf32a_basic_atim.o
 .text$ATIM_X_Clear_Overflow_INT_Flag
                0x00000000       0x1a ./system/src/kf32a_basic_atim.o
 .text$ATIM_Z_Clear_Overflow_INT_Flag
                0x00000000       0x1a ./system/src/kf32a_basic_atim.o
 .text$ATIM_X_Clear_Trigger_INT_Flag
                0x00000000       0x1a ./system/src/kf32a_basic_atim.o
 .text$ECCP_Compare_Configuration
                0x00000000       0x22 ./system/src/kf32a_basic_atim.o
 .text$ECCP_Capture_Configuration
                0x00000000       0x2e ./system/src/kf32a_basic_atim.o
 .text$ECCP_Capture_Struct_Init
                0x00000000        0xc ./system/src/kf32a_basic_atim.o
 .text$ECCP_PWM_Configuration
                0x00000000       0xa8 ./system/src/kf32a_basic_atim.o
 .text$ECCP_PWM_Struct_Init
                0x00000000       0x18 ./system/src/kf32a_basic_atim.o
 .text$ECCP_Capture_Mode_Config
                0x00000000       0x16 ./system/src/kf32a_basic_atim.o
 .text$ECCP_Compare_Mode_Config
                0x00000000       0x16 ./system/src/kf32a_basic_atim.o
 .text$ECCP_PWM_Mode_Config
                0x00000000       0x10 ./system/src/kf32a_basic_atim.o
 .text$ECCP_Get_Capture_Result
                0x00000000        0xc ./system/src/kf32a_basic_atim.o
 .text$ECCP_Get_Compare_Result
                0x00000000        0xc ./system/src/kf32a_basic_atim.o
 .text$ECCP_Set_Compare_Result
                0x00000000        0xc ./system/src/kf32a_basic_atim.o
 .text$ECCP_Generate_Trigger_Config
                0x00000000       0x1a ./system/src/kf32a_basic_atim.o
 .text$ECCP_PWM_Input_Enable
                0x00000000       0x10 ./system/src/kf32a_basic_atim.o
 .text$ECCP_Input_XOR_Enable
                0x00000000       0x10 ./system/src/kf32a_basic_atim.o
 .text$ECCP_Single_Pulse_Enable
                0x00000000       0x10 ./system/src/kf32a_basic_atim.o
 .text$ECCP_Single_Pulse_Shut_Enable
                0x00000000       0x10 ./system/src/kf32a_basic_atim.o
 .text$ECCP_PWM_Restart_Enable
                0x00000000       0x10 ./system/src/kf32a_basic_atim.o
 .text$ECCP_Dead_Time_Config
                0x00000000       0x28 ./system/src/kf32a_basic_atim.o
 .text$ECCP_Channel_Output_Control
                0x00000000       0x18 ./system/src/kf32a_basic_atim.o
 .text$ECCP_Channel_Output_Mode
                0x00000000       0x18 ./system/src/kf32a_basic_atim.o
 .text$ECCP_Channel_Work_State_Config
                0x00000000       0x18 ./system/src/kf32a_basic_atim.o
 .text$ECCP_Get_Channel_Work_State
                0x00000000       0x16 ./system/src/kf32a_basic_atim.o
 .text$ECCP_CHANNEL4_Shutdown_SEL
                0x00000000        0xe ./system/src/kf32a_basic_atim.o
 .text$ECCP_Channel_Shutdown_Signal
                0x00000000       0x16 ./system/src/kf32a_basic_atim.o
 .text$ECCP_Channel_Pin_Ctl
                0x00000000       0x24 ./system/src/kf32a_basic_atim.o
 .text$ECCP_Zero_Clock_Config
                0x00000000       0x14 ./system/src/kf32a_basic_atim.o
 .text$ECCP_Channel_Pin_Tristate_Enable
                0x00000000       0x1a ./system/src/kf32a_basic_atim.o
 .text$ECCP_Channel_INT_Enable
                0x00000000       0x1a ./system/src/kf32a_basic_atim.o
 .text$ECCP_X_Turn_off_DMA_Enable
                0x00000000       0x10 ./system/src/kf32a_basic_atim.o
 .text$ECCP_Channel_DMA_Enable
                0x00000000       0x1a ./system/src/kf32a_basic_atim.o
 .text$ECCP_Get_Channel_Trigger_INT_Flag
                0x00000000       0x14 ./system/src/kf32a_basic_atim.o
 .text$ECCP_X_Get_Turn_off_DMA_Flag
                0x00000000        0xc ./system/src/kf32a_basic_atim.o
 .text$ECCP_Get_Trigger_DMA_INT_Flag
                0x00000000       0x14 ./system/src/kf32a_basic_atim.o
 .text$ECCP_Clear_Channel_INT_Flag
                0x00000000       0x2a ./system/src/kf32a_basic_atim.o
 .text$ECCP_PWM_Move_Phase_Enable
                0x00000000       0x10 ./system/src/kf32a_basic_atim.o
 .text$ECCP_Channel_Zero_Detect_Sequential_Ctl
                0x00000000       0x16 ./system/src/kf32a_basic_atim.o
 .text$ECCP_Get_Channel_Zero_Detection_State
                0x00000000       0x14 ./system/src/kf32a_basic_atim.o
 .text$ECCP_Clear_Channel_Zero_Detection_State
                0x00000000       0x10 ./system/src/kf32a_basic_atim.o
 .text$ECCP_Channel_Zero_Detect_Enable
                0x00000000       0x18 ./system/src/kf32a_basic_atim.o
 .text$ECCP_Channel_Zero_Voltage_Config
                0x00000000       0x1a ./system/src/kf32a_basic_atim.o
 .text          0x00000000        0x0 ./system/src/kf32a_basic_bkp.o
 .data          0x00000000        0x0 ./system/src/kf32a_basic_bkp.o
 .bss           0x00000000        0x0 ./system/src/kf32a_basic_bkp.o
 .text$BKP_Reset
                0x00000000        0xc ./system/src/kf32a_basic_bkp.o
 .text$BKP_Write_And_Read_Enable
                0x00000000       0xe8 ./system/src/kf32a_basic_bkp.o
 .text$BKP_Reset_Enable
                0x00000000       0x14 ./system/src/kf32a_basic_bkp.o
 .text$BKP_Pin_Effective_Level_Config
                0x00000000       0x22 ./system/src/kf32a_basic_bkp.o
 .text$BKP_Pin_Enable
                0x00000000       0x22 ./system/src/kf32a_basic_bkp.o
 .text$BKP_RTC_Clock_Config
                0x00000000       0x14 ./system/src/kf32a_basic_bkp.o
 .text$BKP_External_Clock_Bypass_Enable
                0x00000000       0x1e ./system/src/kf32a_basic_bkp.o
 .text$BKP_Data_Config
                0x00000000       0x10 ./system/src/kf32a_basic_bkp.o
 .text$BKP_Get_Data
                0x00000000       0x10 ./system/src/kf32a_basic_bkp.o
 .text$BKP_Pin_TAMP_INT_Enable
                0x00000000       0x22 ./system/src/kf32a_basic_bkp.o
 .text$BKP_Get_Pin_TAMP_INT_Flag
                0x00000000       0x1c ./system/src/kf32a_basic_bkp.o
 .text$BKP_Clear_Pin_TAMP_INT_Flag
                0x00000000       0x30 ./system/src/kf32a_basic_bkp.o
 .data$static$pmwrenbkp.1929
                0x00000000        0x4 ./system/src/kf32a_basic_bkp.o
 .data$static$bkpregclrbkp.1930
                0x00000000        0x4 ./system/src/kf32a_basic_bkp.o
 .data$static$bkpwrbkp.1931
                0x00000000        0x4 ./system/src/kf32a_basic_bkp.o
 .text          0x00000000        0x0 ./system/src/kf32a_basic_btim.o
 .data          0x00000000        0x0 ./system/src/kf32a_basic_btim.o
 .bss           0x00000000        0x0 ./system/src/kf32a_basic_btim.o
 .text$BTIM_Configuration
                0x00000000       0x48 ./system/src/kf32a_basic_btim.o
 .text$BTIM_Struct_Init
                0x00000000       0x20 ./system/src/kf32a_basic_btim.o
 .text$BTIM_Cmd
                0x00000000        0xe ./system/src/kf32a_basic_btim.o
 .text$BTIM_Set_Counter
                0x00000000        0x6 ./system/src/kf32a_basic_btim.o
 .text$BTIM_Set_Period
                0x00000000        0x6 ./system/src/kf32a_basic_btim.o
 .text$BTIM_Set_Prescaler
                0x00000000        0x6 ./system/src/kf32a_basic_btim.o
 .text$BTIM_Counter_Mode_Config
                0x00000000       0x10 ./system/src/kf32a_basic_btim.o
 .text$BTIM_Clock_Config
                0x00000000        0xc ./system/src/kf32a_basic_btim.o
 .text$BTIM_External_Pulse_Sync_Config
                0x00000000        0xe ./system/src/kf32a_basic_btim.o
 .text$BTIM_Work_Mode_Config
                0x00000000        0xe ./system/src/kf32a_basic_btim.o
 .text$BTIM_Generate_Trigger_Config
                0x00000000        0xe ./system/src/kf32a_basic_btim.o
 .text$BTIM_Single_Pulse_Enable
                0x00000000        0xe ./system/src/kf32a_basic_btim.o
 .text$BTIM_Single_Pulse_Shut_Enable
                0x00000000        0xe ./system/src/kf32a_basic_btim.o
 .text$BTIM_Updata_Immediately_Config
                0x00000000        0xe ./system/src/kf32a_basic_btim.o
 .text$BTIM_Master_Slave_Snyc_Config
                0x00000000        0xe ./system/src/kf32a_basic_btim.o
 .text$BTIM_Trigger_Select_Config
                0x00000000       0x10 ./system/src/kf32a_basic_btim.o
 .text$BTIM_Slave_Mode_Config
                0x00000000        0xe ./system/src/kf32a_basic_btim.o
 .text$BTIM_Master_Mode_Config
                0x00000000        0xc ./system/src/kf32a_basic_btim.o
 .text$BTIM_Updata_Rising_Edge_Config
                0x00000000        0xe ./system/src/kf32a_basic_btim.o
 .text$BTIM_Updata_Enable
                0x00000000        0xe ./system/src/kf32a_basic_btim.o
 .text$BTIM_Get_Direction
                0x00000000        0xa ./system/src/kf32a_basic_btim.o
 .text$BTIM_Get_Counter
                0x00000000        0x6 ./system/src/kf32a_basic_btim.o
 .text$BTIM_Get_Period
                0x00000000        0x6 ./system/src/kf32a_basic_btim.o
 .text$BTIM_Get_Prescaler
                0x00000000        0x6 ./system/src/kf32a_basic_btim.o
 .text$BTIM_Trigger_DMA_Enable
                0x00000000        0xe ./system/src/kf32a_basic_btim.o
 .text$BTIM_Updata_DMA_Enable
                0x00000000        0xe ./system/src/kf32a_basic_btim.o
 .text$BTIM_Overflow_INT_Enable
                0x00000000        0xe ./system/src/kf32a_basic_btim.o
 .text$BTIM_Trigger_INT_Enable
                0x00000000        0xe ./system/src/kf32a_basic_btim.o
 .text$BTIM_Updata_INT_Enable
                0x00000000        0xe ./system/src/kf32a_basic_btim.o
 .text$BTIM_Get_Trigger_DMA_INT_Status
                0x00000000        0xa ./system/src/kf32a_basic_btim.o
 .text$BTIM_Get_Updata_DMA_INT_Status
                0x00000000        0xa ./system/src/kf32a_basic_btim.o
 .text$BTIM_Get_Overflow_INT_Status
                0x00000000        0xa ./system/src/kf32a_basic_btim.o
 .text$BTIM_Get_Trigger_INT_Status
                0x00000000        0xa ./system/src/kf32a_basic_btim.o
 .text$BTIM_Get_Updata_INT_Status
                0x00000000        0x8 ./system/src/kf32a_basic_btim.o
 .text$BTIM_Get_Trigger_DMA_INT_Flag
                0x00000000        0xa ./system/src/kf32a_basic_btim.o
 .text$BTIM_Get_Updata_DMA_INT_Flag
                0x00000000        0xa ./system/src/kf32a_basic_btim.o
 .text$BTIM_Get_Overflow_INT_Flag
                0x00000000        0xa ./system/src/kf32a_basic_btim.o
 .text$BTIM_Get_Trigger_INT_Flag
                0x00000000        0xa ./system/src/kf32a_basic_btim.o
 .text$BTIM_Get_Updata_INT_Flag
                0x00000000        0x8 ./system/src/kf32a_basic_btim.o
 .text$BTIM_Clear_Overflow_INT_Flag
                0x00000000       0x12 ./system/src/kf32a_basic_btim.o
 .text$BTIM_Clear_Trigger_INT_Flag
                0x00000000       0x12 ./system/src/kf32a_basic_btim.o
 .text$BTIM_Clear_Updata_INT_Flag
                0x00000000       0x12 ./system/src/kf32a_basic_btim.o
 .text          0x00000000        0x0 ./system/src/kf32a_basic_can.o
 .data          0x00000000        0x0 ./system/src/kf32a_basic_can.o
 .bss           0x00000000        0x0 ./system/src/kf32a_basic_can.o
 .text$CAN_Struct_Init
                0x00000000       0x18 ./system/src/kf32a_basic_can.o
 .text$CAN_Get_Receive_Message_Counter
                0x00000000       0x10 ./system/src/kf32a_basic_can.o
 .text$CAN_Cmd  0x00000000        0xc ./system/src/kf32a_basic_can.o
 .text$CAN_Clock_Source_Config
                0x00000000        0xc ./system/src/kf32a_basic_can.o
 .text$CAN_Sleep_Mode_Enable
                0x00000000        0xc ./system/src/kf32a_basic_can.o
 .text$CAN_Reset_Mode_Enable
                0x00000000        0xc ./system/src/kf32a_basic_can.o
 .text$CAN_Work_Mode_Config
                0x00000000        0xc ./system/src/kf32a_basic_can.o
 .text$CAN_Bus_Sample_Times_Config
                0x00000000        0xe ./system/src/kf32a_basic_can.o
 .text$CAN_Time_Segment_Config
                0x00000000       0x18 ./system/src/kf32a_basic_can.o
 .text$CAN_Sync_Jump_Width_Config
                0x00000000        0xe ./system/src/kf32a_basic_can.o
 .text$CAN_Baud_Rate_Preset_Config
                0x00000000        0xe ./system/src/kf32a_basic_can.o
 .text$CAN_Get_Error_Code
                0x00000000       0x2c ./system/src/kf32a_basic_can.o
 .text$CAN_Get_Error_Warning_Limit
                0x00000000        0x6 ./system/src/kf32a_basic_can.o
 .text$CAN_Get_Error_Counter
                0x00000000       0x18 ./system/src/kf32a_basic_can.o
 .text$CAN_Error_Warning_Limit_Config
                0x00000000       0x18 ./system/src/kf32a_basic_can.o
 .text$CAN_Error_Counter_Config
                0x00000000       0x26 ./system/src/kf32a_basic_can.o
 .text$CAN_Acceptance_Config
                0x00000000        0x4 ./system/src/kf32a_basic_can.o
 .text$CAN_Get_Acceptance
                0x00000000        0x4 ./system/src/kf32a_basic_can.o
 .text$CAN_Acceptance_Mask_Config
                0x00000000        0x4 ./system/src/kf32a_basic_can.o
 .text$CAN_Get_Acceptance_Mask
                0x00000000        0x4 ./system/src/kf32a_basic_can.o
 .text$CAN_Message_Struct_Init
                0x00000000       0x1e ./system/src/kf32a_basic_can.o
 .text$CAN_Clear_Buffer_Overflow_Flag
                0x00000000       0x1e ./system/src/kf32a_basic_can.o
 .text$CAN_Transmit_Single
                0x00000000       0x24 ./system/src/kf32a_basic_can.o
 .text$CAN_Transmit_Repeat
                0x00000000       0x14 ./system/src/kf32a_basic_can.o
 .text$CAN_Frame_Format_Config
                0x00000000        0xe ./system/src/kf32a_basic_can.o
 .text$CAN_Remote_Request_Config
                0x00000000        0xe ./system/src/kf32a_basic_can.o
 .text$CAN_Data_Length_Config
                0x00000000        0xe ./system/src/kf32a_basic_can.o
 .text$CAN_Identification_Code_Config
                0x00000000       0x24 ./system/src/kf32a_basic_can.o
 .text          0x00000000        0x0 ./system/src/kf32a_basic_cfgl.o
 .data          0x00000000        0x0 ./system/src/kf32a_basic_cfgl.o
 .bss           0x00000000        0x0 ./system/src/kf32a_basic_cfgl.o
 .text$CFGL_Reset
                0x00000000       0x30 ./system/src/kf32a_basic_cfgl.o
 .text$CFGL_Configuration
                0x00000000      0x130 ./system/src/kf32a_basic_cfgl.o
 .text$CFGL_Struct_Init
                0x00000000       0x9c ./system/src/kf32a_basic_cfgl.o
 .text$CFGL2_OUT_SYNCHRO_Enable
                0x00000000       0x14 ./system/src/kf32a_basic_cfgl.o
 .text$CFGL1_OUT_SYNCHRO_Enable
                0x00000000       0x14 ./system/src/kf32a_basic_cfgl.o
 .text$CFGL2_FALLINT_Enable
                0x00000000       0x24 ./system/src/kf32a_basic_cfgl.o
 .text$CFGL2_RISEINT_Enable
                0x00000000       0x24 ./system/src/kf32a_basic_cfgl.o
 .text$CFGL1_FALLINT_Enable
                0x00000000       0x24 ./system/src/kf32a_basic_cfgl.o
 .text$CFGL1_RISEINT_Enable
                0x00000000       0x24 ./system/src/kf32a_basic_cfgl.o
 .text$CFGL1_Get_INT_Flag
                0x00000000       0x10 ./system/src/kf32a_basic_cfgl.o
 .text$CFGL2_Get_INT_Flag
                0x00000000       0x10 ./system/src/kf32a_basic_cfgl.o
 .text$CFGL1_Clear_RISEINT_Flag
                0x00000000       0x20 ./system/src/kf32a_basic_cfgl.o
 .text$CFGL1_Clear_FALLINT_Flag
                0x00000000       0x20 ./system/src/kf32a_basic_cfgl.o
 .text$CFGL1_Clear_RISEFALLINT_Flag
                0x00000000       0x24 ./system/src/kf32a_basic_cfgl.o
 .text$CFGL2_Clear_RISEINT_Flag
                0x00000000       0x1c ./system/src/kf32a_basic_cfgl.o
 .text$CFGL2_Clear_RISEFALLINT_Flag
                0x00000000       0x20 ./system/src/kf32a_basic_cfgl.o
 .text$CFGL2_Clear_FALLINT_Flag
                0x00000000       0x1c ./system/src/kf32a_basic_cfgl.o
 .text$CFGL2_OUT_STATE
                0x00000000       0x10 ./system/src/kf32a_basic_cfgl.o
 .text$CFGL1_OUT_STATE
                0x00000000       0x10 ./system/src/kf32a_basic_cfgl.o
 .text          0x00000000        0x0 ./system/src/kf32a_basic_cmp.o
 .data          0x00000000        0x0 ./system/src/kf32a_basic_cmp.o
 .bss           0x00000000        0x0 ./system/src/kf32a_basic_cmp.o
 .text$CMP_Reset
                0x00000000       0x30 ./system/src/kf32a_basic_cmp.o
 .text$CMP_Configuration
                0x00000000      0x198 ./system/src/kf32a_basic_cmp.o
 .text$CMP_Struct_Init
                0x00000000       0x1a ./system/src/kf32a_basic_cmp.o
 .text$CMP0_POSITIVE_INPUT_SELECT
                0x00000000       0x18 ./system/src/kf32a_basic_cmp.o
 .text$CMP0_NEGATIVE_INPUT_SELECT
                0x00000000       0x18 ./system/src/kf32a_basic_cmp.o
 .text$CMP1_POSITIVE_INPUT_SELECT
                0x00000000       0x18 ./system/src/kf32a_basic_cmp.o
 .text$CMP1_NEGATIVE_INPUT_SELECT
                0x00000000       0x18 ./system/src/kf32a_basic_cmp.o
 .text$CMP2_POSITIVE_INPUT_SELECT
                0x00000000       0x18 ./system/src/kf32a_basic_cmp.o
 .text$CMP2_NEGATIVE_INPUT_SELECT
                0x00000000       0x18 ./system/src/kf32a_basic_cmp.o
 .text$CMP3_POSITIVE_INPUT_SELECT
                0x00000000       0x2c ./system/src/kf32a_basic_cmp.o
 .text$CMP3_NEGATIVE_INPUT_SELECT
                0x00000000       0x18 ./system/src/kf32a_basic_cmp.o
 .text$CMP0_OUTPUT_POL_SELECT
                0x00000000       0x10 ./system/src/kf32a_basic_cmp.o
 .text$CMP1_OUTPUT_POL_SELECT
                0x00000000       0x10 ./system/src/kf32a_basic_cmp.o
 .text$CMP2_OUTPUT_POL_SELECT
                0x00000000       0x10 ./system/src/kf32a_basic_cmp.o
 .text$CMP3_OUTPUT_POL_SELECT
                0x00000000       0x10 ./system/src/kf32a_basic_cmp.o
 .text$CMP_OUTPUT_SELECT
                0x00000000       0x14 ./system/src/kf32a_basic_cmp.o
 .text$CMP0_Cmd
                0x00000000       0x14 ./system/src/kf32a_basic_cmp.o
 .text$CMP1_Cmd
                0x00000000       0x14 ./system/src/kf32a_basic_cmp.o
 .text$CMP2_Cmd
                0x00000000       0x14 ./system/src/kf32a_basic_cmp.o
 .text$CMP3_Cmd
                0x00000000       0x14 ./system/src/kf32a_basic_cmp.o
 .text$CMP0_Read_Output_State
                0x00000000       0x10 ./system/src/kf32a_basic_cmp.o
 .text$CMP1_Read_Output_State
                0x00000000       0x10 ./system/src/kf32a_basic_cmp.o
 .text$CMP2_Read_Output_State
                0x00000000       0x10 ./system/src/kf32a_basic_cmp.o
 .text$CMP3_Read_Output_State
                0x00000000        0xc ./system/src/kf32a_basic_cmp.o
 .text$CMP0_Get_Updata_INT_Flag
                0x00000000       0x10 ./system/src/kf32a_basic_cmp.o
 .text$CMP1_Get_Updata_INT_Flag
                0x00000000       0x10 ./system/src/kf32a_basic_cmp.o
 .text$CMP2_Get_Updata_INT_Flag
                0x00000000       0x10 ./system/src/kf32a_basic_cmp.o
 .text$CMP3_Get_Updata_INT_Flag
                0x00000000       0x10 ./system/src/kf32a_basic_cmp.o
 .text$CMP_Trigger_Select_Config
                0x00000000       0x10 ./system/src/kf32a_basic_cmp.o
 .text$CMP0_Clear_Trigger_INT_Flag
                0x00000000       0x1c ./system/src/kf32a_basic_cmp.o
 .text$CMP1_Clear_Trigger_INT_Flag
                0x00000000       0x1c ./system/src/kf32a_basic_cmp.o
 .text$CMP2_Clear_Trigger_INT_Flag
                0x00000000       0x1c ./system/src/kf32a_basic_cmp.o
 .text$CMP3_Clear_Trigger_INT_Flag
                0x00000000       0x1c ./system/src/kf32a_basic_cmp.o
 .text$CMP0_INT_Enable
                0x00000000       0x14 ./system/src/kf32a_basic_cmp.o
 .text$CMP1_INT_Enable
                0x00000000       0x14 ./system/src/kf32a_basic_cmp.o
 .text$CMP2_INT_Enable
                0x00000000       0x14 ./system/src/kf32a_basic_cmp.o
 .text$CMP3_INT_Enable
                0x00000000       0x14 ./system/src/kf32a_basic_cmp.o
 .text$CMP_SluggishVoltage_Select
                0x00000000       0x14 ./system/src/kf32a_basic_cmp.o
 .text$CMP_HALLMODE_Select
                0x00000000       0x10 ./system/src/kf32a_basic_cmp.o
 .text$CMP_BEMF_Enable
                0x00000000       0x14 ./system/src/kf32a_basic_cmp.o
 .text$CMP_FLTINSEL_Select
                0x00000000       0x10 ./system/src/kf32a_basic_cmp.o
 .text          0x00000000        0x0 ./system/src/kf32a_basic_crc.o
 .data          0x00000000        0x0 ./system/src/kf32a_basic_crc.o
 .bss           0x00000000        0x0 ./system/src/kf32a_basic_crc.o
 .text$CRC_Reset
                0x00000000       0x30 ./system/src/kf32a_basic_crc.o
 .text$CRC_Configuration
                0x00000000       0x24 ./system/src/kf32a_basic_crc.o
 .text$CRC_Struct_Init
                0x00000000        0xc ./system/src/kf32a_basic_crc.o
 .text$CRC_INPUT_DATA
                0x00000000        0xc ./system/src/kf32a_basic_crc.o
 .text$CRC_GET_RESULT
                0x00000000        0xc ./system/src/kf32a_basic_crc.o
 .text$CRC_SET_INITVALUE
                0x00000000        0xc ./system/src/kf32a_basic_crc.o
 .text$CRC_SET_PLN
                0x00000000        0xc ./system/src/kf32a_basic_crc.o
 .text$CRC_SET_RXOR
                0x00000000        0xc ./system/src/kf32a_basic_crc.o
 .text$CRC_SET_IDATA
                0x00000000        0xc ./system/src/kf32a_basic_crc.o
 .text$CRC_GET_TEMP
                0x00000000        0xc ./system/src/kf32a_basic_crc.o
 .text$CRC_SET_RSET
                0x00000000       0x10 ./system/src/kf32a_basic_crc.o
 .text          0x00000000        0x0 ./system/src/kf32a_basic_dac.o
 .data          0x00000000        0x0 ./system/src/kf32a_basic_dac.o
 .bss           0x00000000        0x0 ./system/src/kf32a_basic_dac.o
 .text$DAC_Reset
                0x00000000       0x74 ./system/src/kf32a_basic_dac.o
 .text$DAC_Configuration
                0x00000000       0x54 ./system/src/kf32a_basic_dac.o
 .text$DAC_Struct_Init
                0x00000000       0x1a ./system/src/kf32a_basic_dac.o
 .text$DAC_Cmd  0x00000000        0xc ./system/src/kf32a_basic_dac.o
 .text$DAC_Software_Trigger_Cmd
                0x00000000        0xc ./system/src/kf32a_basic_dac.o
 .text$DAC_DMA_Cmd
                0x00000000        0xc ./system/src/kf32a_basic_dac.o
 .text$DAC_Output_Buffer_Config
                0x00000000        0xe ./system/src/kf32a_basic_dac.o
 .text$DAC_Output_Port_Config
                0x00000000        0xe ./system/src/kf32a_basic_dac.o
 .text$DAC_Write_Output_Data
                0x00000000        0x4 ./system/src/kf32a_basic_dac.o
 .text$DAC_Read_Output_Data
                0x00000000        0xc ./system/src/kf32a_basic_dac.o
 .text$DAC_Calibration_Config
                0x00000000       0x2c ./system/src/kf32a_basic_dac.o
 .text$DAC_Calibration_Struct_Init
                0x00000000        0xe ./system/src/kf32a_basic_dac.o
 .text          0x00000000        0x0 ./system/src/kf32a_basic_dma.o
 .data          0x00000000        0x0 ./system/src/kf32a_basic_dma.o
 .bss           0x00000000        0x0 ./system/src/kf32a_basic_dma.o
 .text$DMA_Reset
                0x00000000       0x74 ./system/src/kf32a_basic_dma.o
 .text$DMA_Configuration
                0x00000000       0x5c ./system/src/kf32a_basic_dma.o
 .text$DMA_Struct_Init
                0x00000000       0x1c ./system/src/kf32a_basic_dma.o
 .text$DMA_Transfer_Number_Config
                0x00000000        0xe ./system/src/kf32a_basic_dma.o
 .text$DMA_Memory_To_Memory_Enable
                0x00000000       0x10 ./system/src/kf32a_basic_dma.o
 .text$DMA_Channel_Priority_Config
                0x00000000       0x10 ./system/src/kf32a_basic_dma.o
 .text$DMA_Peripheral_Data_Width_Config
                0x00000000       0x10 ./system/src/kf32a_basic_dma.o
 .text$DMA_Memory_Data_Width_Config
                0x00000000       0x10 ./system/src/kf32a_basic_dma.o
 .text$DMA_Peripheral_addr_increase_Enable
                0x00000000       0x10 ./system/src/kf32a_basic_dma.o
 .text$DMA_Memory_addr_increase_Enable
                0x00000000       0x10 ./system/src/kf32a_basic_dma.o
 .text$DMA_Loop_Mode_Enable
                0x00000000       0x10 ./system/src/kf32a_basic_dma.o
 .text$DMA_Transfer_Direction_Config
                0x00000000       0x10 ./system/src/kf32a_basic_dma.o
 .text$DMA_Transfer_Mode_Config
                0x00000000       0x10 ./system/src/kf32a_basic_dma.o
 .text$DMA_Oneshot_Enable
                0x00000000       0x10 ./system/src/kf32a_basic_dma.o
 .text$DMA_Channel_Enable
                0x00000000       0x10 ./system/src/kf32a_basic_dma.o
 .text$DMA_Peripheral_Start_Address_Config
                0x00000000        0x8 ./system/src/kf32a_basic_dma.o
 .text$DMA_Memory_Start_Address_Config
                0x00000000        0x8 ./system/src/kf32a_basic_dma.o
 .text$DMA_Get_Peripheral_Current_Address
                0x00000000        0x8 ./system/src/kf32a_basic_dma.o
 .text$DMA_Get_Memory_Current_Address
                0x00000000        0x8 ./system/src/kf32a_basic_dma.o
 .text$DMA_Get_Transfer_Number_Remain
                0x00000000        0xa ./system/src/kf32a_basic_dma.o
 .text$DMA_Get_INT_Flag
                0x00000000       0x18 ./system/src/kf32a_basic_dma.o
 .text$DMA_Clear_INT_Flag
                0x00000000       0x14 ./system/src/kf32a_basic_dma.o
 .text$DMA_Set_INT_Enable
                0x00000000       0x20 ./system/src/kf32a_basic_dma.o
 .text$DMA_Get_Error_Transfer_INT_Flag
                0x00000000       0x1a ./system/src/kf32a_basic_dma.o
 .text$DMA_Get_Half_Transfer_INT_Flag
                0x00000000       0x1a ./system/src/kf32a_basic_dma.o
 .text$DMA_Get_Finish_Transfer_INT_Flag
                0x00000000       0x1a ./system/src/kf32a_basic_dma.o
 .text$DMA_Error_Transfer_INT_Enable
                0x00000000       0x20 ./system/src/kf32a_basic_dma.o
 .text$DMA_Half_Transfer_INT_Enable
                0x00000000       0x20 ./system/src/kf32a_basic_dma.o
 .text$DMA_Finish_Transfer_INT_Enable
                0x00000000       0x20 ./system/src/kf32a_basic_dma.o
 .text          0x00000000        0x0 ./system/src/kf32a_basic_exic.o
 .data          0x00000000        0x0 ./system/src/kf32a_basic_exic.o
 .bss           0x00000000        0x0 ./system/src/kf32a_basic_exic.o
 .text$EXIC_Reset
                0x00000000       0x30 ./system/src/kf32a_basic_exic.o
 .text$EXIC_Configuration
                0x00000000       0x78 ./system/src/kf32a_basic_exic.o
 .text$EXIC_Struct_Init
                0x00000000       0x2c ./system/src/kf32a_basic_exic.o
 .text$EXIC_Get_Write_Finish_INT_Flag
                0x00000000       0x10 ./system/src/kf32a_basic_exic.o
 .text$EXIC_Clear_Write_Finish_INT_Flag
                0x00000000       0x1c ./system/src/kf32a_basic_exic.o
 .text$EXIC_Get_Read_Finish_INT_Flag
                0x00000000       0x10 ./system/src/kf32a_basic_exic.o
 .text$EXIC_Clear_Read_Finish_INT_Flag
                0x00000000       0x1c ./system/src/kf32a_basic_exic.o
 .text$EXIC_Write_Buff
                0x00000000        0xc ./system/src/kf32a_basic_exic.o
 .text$EXIC_Read_Buff
                0x00000000        0xc ./system/src/kf32a_basic_exic.o
 .text          0x00000000        0x0 ./system/src/kf32a_basic_flash.o
 .data          0x00000000        0x0 ./system/src/kf32a_basic_flash.o
 .bss           0x00000000        0x0 ./system/src/kf32a_basic_flash.o
 .indata$CHECK_RESTRICTION_RAM
                0x00000000        0x8 ./system/src/kf32a_basic_flash.o
 .indata$FLASH_Get_NonVolatile_Memory_Unlock_Status_RAM
                0x00000000       0x10 ./system/src/kf32a_basic_flash.o
 .indata$FLASH_Clear_NonVolatile_Memory_Unlock_Status_RAM
                0x00000000       0x1c ./system/src/kf32a_basic_flash.o
 .text$FLASH_Clear_NonVolatile_Memory_Unlock_Status
                0x00000000       0x1c ./system/src/kf32a_basic_flash.o
 .indata$FLASH_Unlock_ISP_RAM
                0x00000000       0x18 ./system/src/kf32a_basic_flash.o
 .text$FLASH_Unlock_ISP
                0x00000000       0x18 ./system/src/kf32a_basic_flash.o
 .indata$FLASH_Get_Flash_Unlock_Status_RAM
                0x00000000       0x10 ./system/src/kf32a_basic_flash.o
 .indata$FLASH_Clear_Flash_Unlock_Status_RAM
                0x00000000       0x1c ./system/src/kf32a_basic_flash.o
 .text$FLASH_Clear_Flash_Unlock_Status
                0x00000000       0x1c ./system/src/kf32a_basic_flash.o
 .indata$FLASH_Unlock_Code_RAM
                0x00000000       0x18 ./system/src/kf32a_basic_flash.o
 .text$FLASH_Unlock_Code
                0x00000000       0x18 ./system/src/kf32a_basic_flash.o
 .indata$FLASH_Get_Config_Unlock_Status_RAM
                0x00000000       0x10 ./system/src/kf32a_basic_flash.o
 .indata$FLASH_Clear_Config_Unlock_Status_RAM
                0x00000000       0x1c ./system/src/kf32a_basic_flash.o
 .text$FLASH_Clear_Config_Unlock_Status
                0x00000000       0x1c ./system/src/kf32a_basic_flash.o
 .indata$FLASH_Unlock_User_Config_RAM
                0x00000000       0x18 ./system/src/kf32a_basic_flash.o
 .text$FLASH_Unlock_User_Config
                0x00000000       0x18 ./system/src/kf32a_basic_flash.o
 .indata$FLASH_Data_Write_Enable_RAM
                0x00000000       0x18 ./system/src/kf32a_basic_flash.o
 .indata$FLASH_Zone_Config_RAM
                0x00000000       0x20 ./system/src/kf32a_basic_flash.o
 .text$FLASH_Zone_Config
                0x00000000       0x14 ./system/src/kf32a_basic_flash.o
 .indata$FLASH_Standby_Mode_Config_RAM
                0x00000000       0x30 ./system/src/kf32a_basic_flash.o
 .indata$FLASH_Read_Mode_Config_RAM
                0x00000000       0x20 ./system/src/kf32a_basic_flash.o
 .indata$FLASH_Calibration_Updata_Enable_RAM
                0x00000000       0x28 ./system/src/kf32a_basic_flash.o
 .indata$FLASH_Information_Zone_Wipe_Unlock_Config_RAM
                0x00000000       0x28 ./system/src/kf32a_basic_flash.o
 .indata$FLASH_Half_Page_Write_Size_Config_RAM
                0x00000000       0x24 ./system/src/kf32a_basic_flash.o
 .indata$FLASH_Program_Cmd_Config_RAM
                0x00000000       0x28 ./system/src/kf32a_basic_flash.o
 .indata$FLASH_Executive_Cmd_RAM
                0x00000000       0x1c ./system/src/kf32a_basic_flash.o
 .text$FLASH_Executive_Cmd
                0x00000000       0x1c ./system/src/kf32a_basic_flash.o
 .indata$FLASH_NonVolatile_Memory_ECC_Enable_RAM
                0x00000000       0x18 ./system/src/kf32a_basic_flash.o
 .indata$FLASH_Linear_Prefetch_Enable_RAM
                0x00000000       0x18 ./system/src/kf32a_basic_flash.o
 .indata$FLASH_Period_Number_Config_RAM
                0x00000000       0x20 ./system/src/kf32a_basic_flash.o
 .indata$FLASH_Program_Addr_Config_RAM
                0x00000000       0x20 ./system/src/kf32a_basic_flash.o
 .indata$FLASH_Get_Program_Status_RAM
                0x00000000       0x10 ./system/src/kf32a_basic_flash.o
 .text$FLASH_Get_Program_Status
                0x00000000       0x10 ./system/src/kf32a_basic_flash.o
 .indata$FLASH_Get_Wipe_Status_RAM
                0x00000000       0x10 ./system/src/kf32a_basic_flash.o
 .text$FLASH_Get_Wipe_Status
                0x00000000       0x10 ./system/src/kf32a_basic_flash.o
 .indata$FLASH_Get_Compute_Complete_Status_RAM
                0x00000000       0x10 ./system/src/kf32a_basic_flash.o
 .indata$FLASH_Clear_Compute_Complete_Status_RAM
                0x00000000       0x20 ./system/src/kf32a_basic_flash.o
 .indata$FLASH_Get_CFG_Error_Flag_RAM
                0x00000000       0x10 ./system/src/kf32a_basic_flash.o
 .indata$FLASH_Clear_CFG_Error_Flag_RAM
                0x00000000       0x20 ./system/src/kf32a_basic_flash.o
 .indata$FLASH_CheckSum_Addr_Config_RAM
                0x00000000       0x20 ./system/src/kf32a_basic_flash.o
 .indata$FLASH_Start_SIG_Compute_Enable_RAM
                0x00000000       0x18 ./system/src/kf32a_basic_flash.o
 .indata$FLASH_Get_CheckSum_Result_RAM
                0x00000000       0x18 ./system/src/kf32a_basic_flash.o
 .text$FLASH_Wipe_Configuration
                0x00000000       0xac ./system/src/kf32a_basic_flash.o
 .text$FLASH_Program_Configuration
                0x00000000      0x118 ./system/src/kf32a_basic_flash.o
 .text$Read_Flash_or_CFR
                0x00000000       0x9c ./system/src/kf32a_basic_flash.o
 .text$Read_Soft_Device_ID1
                0x00000000       0x18 ./system/src/kf32a_basic_flash.o
 .text$Read_Soft_Device_ID2
                0x00000000       0x18 ./system/src/kf32a_basic_flash.o
 .text$Read_Soft_Device_ID3
                0x00000000       0x18 ./system/src/kf32a_basic_flash.o
 .text$Read_Soft_Device_ID4
                0x00000000       0x18 ./system/src/kf32a_basic_flash.o
 .text          0x00000000        0x0 ./system/src/kf32a_basic_gpio.o
 .data          0x00000000        0x0 ./system/src/kf32a_basic_gpio.o
 .bss           0x00000000        0x0 ./system/src/kf32a_basic_gpio.o
 .text$GPIO_Reset
                0x00000000      0x124 ./system/src/kf32a_basic_gpio.o
 .text$GPIO_Pin_Lock_Config
                0x00000000       0x1e ./system/src/kf32a_basic_gpio.o
 .text$GPIO_Pull_Up_Enable
                0x00000000       0x16 ./system/src/kf32a_basic_gpio.o
 .text$GPIO_Toggle_Pull_Up_Config
                0x00000000        0xa ./system/src/kf32a_basic_gpio.o
 .text$GPIO_Pull_Down_Enable
                0x00000000       0x16 ./system/src/kf32a_basic_gpio.o
 .text$GPIO_Toggle_Pull_Down_Config
                0x00000000        0xa ./system/src/kf32a_basic_gpio.o
 .text$GPIO_Open_Drain_Enable
                0x00000000       0x16 ./system/src/kf32a_basic_gpio.o
 .text$GPIO_Toggle_Open_Drain_Config
                0x00000000        0xa ./system/src/kf32a_basic_gpio.o
 .text$GPIO_Speed_Config
                0x00000000       0x2a ./system/src/kf32a_basic_gpio.o
 .text$GPIO_Toggle_Speed_Config
                0x00000000       0x20 ./system/src/kf32a_basic_gpio.o
 .text$GPIO_Read_Input_Data
                0x00000000        0x6 ./system/src/kf32a_basic_gpio.o
 .text$GPIO_Read_Output_Data
                0x00000000        0x6 ./system/src/kf32a_basic_gpio.o
 .text$GPIO_Toggle_Output_Data_Config
                0x00000000        0xa ./system/src/kf32a_basic_gpio.o
 .text          0x00000000        0x0 ./system/src/kf32a_basic_gptim.o
 .data          0x00000000        0x0 ./system/src/kf32a_basic_gptim.o
 .bss           0x00000000        0x0 ./system/src/kf32a_basic_gptim.o
 .text$GPTIM_Configuration
                0x00000000       0x6a ./system/src/kf32a_basic_gptim.o
 .text$GPTIM_Struct_Init
                0x00000000       0x1e ./system/src/kf32a_basic_gptim.o
 .text$GPTIM_External_Pulse_Sync_Config
                0x00000000        0xe ./system/src/kf32a_basic_gptim.o
 .text$GPTIM_Master_Slave_Snyc_Config
                0x00000000        0xe ./system/src/kf32a_basic_gptim.o
 .text$GPTIM_Trigger_Select_Config
                0x00000000       0x10 ./system/src/kf32a_basic_gptim.o
 .text$GPTIM_Slave_Mode_Config
                0x00000000        0xe ./system/src/kf32a_basic_gptim.o
 .text$GPTIM_Master_Mode_Config
                0x00000000        0xe ./system/src/kf32a_basic_gptim.o
 .text$GPTIM_Updata_Rising_Edge_Config
                0x00000000        0xe ./system/src/kf32a_basic_gptim.o
 .text$GPTIM_Trigger_DMA_Enable
                0x00000000        0xe ./system/src/kf32a_basic_gptim.o
 .text$GPTIM_Updata_DMA_Enable
                0x00000000        0xe ./system/src/kf32a_basic_gptim.o
 .text$GPTIM_Updata_INT_Enable
                0x00000000        0xe ./system/src/kf32a_basic_gptim.o
 .text$GPTIM_Trigger_INT_Enable
                0x00000000        0xe ./system/src/kf32a_basic_gptim.o
 .text$GPTIM_Generate_Trigger_Config
                0x00000000        0xe ./system/src/kf32a_basic_gptim.o
 .text$GPTIM_Get_Direction
                0x00000000        0xa ./system/src/kf32a_basic_gptim.o
 .text$GPTIM_Get_Counter
                0x00000000       0x20 ./system/src/kf32a_basic_gptim.o
 .text$GPTIM_Get_Period
                0x00000000       0x20 ./system/src/kf32a_basic_gptim.o
 .text$GPTIM_Get_Prescaler
                0x00000000       0x20 ./system/src/kf32a_basic_gptim.o
 .text$GPTIM_Clear_Trigger_INT_Flag
                0x00000000       0x14 ./system/src/kf32a_basic_gptim.o
 .text$GPTIM_Get_Overflow_INT_Flag
                0x00000000        0xa ./system/src/kf32a_basic_gptim.o
 .text$GPTIM_Get_Updata_INT_Flag
                0x00000000        0xa ./system/src/kf32a_basic_gptim.o
 .text$GPTIM_Get_Trigger_INT_Flag
                0x00000000        0xa ./system/src/kf32a_basic_gptim.o
 .text$GPTIM_Get_Updata_DMA_INT_Flag
                0x00000000        0xa ./system/src/kf32a_basic_gptim.o
 .text$GPTIM_Get_Trigger_DMA_INT_Flag
                0x00000000        0xa ./system/src/kf32a_basic_gptim.o
 .text$CCP_Compare_Configuration
                0x00000000       0x36 ./system/src/kf32a_basic_gptim.o
 .text$CCP_Compare_Struct_Init
                0x00000000        0xc ./system/src/kf32a_basic_gptim.o
 .text$CCP_Capture_Configuration
                0x00000000       0x34 ./system/src/kf32a_basic_gptim.o
 .text$CCP_Capture_Struct_Init
                0x00000000       0x10 ./system/src/kf32a_basic_gptim.o
 .text$CCP_PWM_Configuration
                0x00000000       0x62 ./system/src/kf32a_basic_gptim.o
 .text$CCP_PWM_Struct_Init
                0x00000000       0x12 ./system/src/kf32a_basic_gptim.o
 .text$CCP_Capture_Mode_Config
                0x00000000       0x14 ./system/src/kf32a_basic_gptim.o
 .text$CCP_Compare_Mode_Config
                0x00000000       0x14 ./system/src/kf32a_basic_gptim.o
 .text$CCP_Get_Capture_Result
                0x00000000       0x24 ./system/src/kf32a_basic_gptim.o
 .text$CCP_Get_Compare_Result
                0x00000000       0x24 ./system/src/kf32a_basic_gptim.o
 .text$CCP_Compare_PWM_Signal_Clear
                0x00000000       0x16 ./system/src/kf32a_basic_gptim.o
 .text$CCP_Compare_Check_Config
                0x00000000        0xc ./system/src/kf32a_basic_gptim.o
 .text$CCP_Single_Pulse_Shut_Enable
                0x00000000        0xe ./system/src/kf32a_basic_gptim.o
 .text$CCP_Single_Pulse_Enable
                0x00000000        0xe ./system/src/kf32a_basic_gptim.o
 .text$CCP_PWM_Input_Measurement_Config
                0x00000000        0xe ./system/src/kf32a_basic_gptim.o
 .text$CCP_Input_XOR_Config
                0x00000000        0xe ./system/src/kf32a_basic_gptim.o
 .text$CCP_Channel_DMA_Config
                0x00000000       0x18 ./system/src/kf32a_basic_gptim.o
 .text$CCP_Generate_Trigger_Config
                0x00000000       0x18 ./system/src/kf32a_basic_gptim.o
 .text$CCP_USART_Receive_Config
                0x00000000        0xe ./system/src/kf32a_basic_gptim.o
 .text$CCP_Get_Channel_Trigger_INT_Flag
                0x00000000       0x12 ./system/src/kf32a_basic_gptim.o
 .text$CCP_Get_Trigger_DMA_INT_Flag
                0x00000000       0x12 ./system/src/kf32a_basic_gptim.o
 .text$CCP_Channel_INT_Config
                0x00000000       0x18 ./system/src/kf32a_basic_gptim.o
 .text$CCP_Clear_Channel_INT_Flag
                0x00000000       0x24 ./system/src/kf32a_basic_gptim.o
 .text          0x00000000        0x0 ./system/src/kf32a_basic_i2c.o
 .data          0x00000000        0x0 ./system/src/kf32a_basic_i2c.o
 .bss           0x00000000        0x0 ./system/src/kf32a_basic_i2c.o
 .text$I2C_Reset
                0x00000000       0xbc ./system/src/kf32a_basic_i2c.o
 .text$I2C_Configuration
                0x00000000       0x34 ./system/src/kf32a_basic_i2c.o
 .text$I2C_Struct_Init
                0x00000000       0x16 ./system/src/kf32a_basic_i2c.o
 .text$I2C_Cmd  0x00000000        0xc ./system/src/kf32a_basic_i2c.o
 .text$I2C_Bufr_Address_Config
                0x00000000        0xc ./system/src/kf32a_basic_i2c.o
 .text$I2C_Generate_START
                0x00000000        0xc ./system/src/kf32a_basic_i2c.o
 .text$I2C_Generate_STOP
                0x00000000        0xc ./system/src/kf32a_basic_i2c.o
 .text$I2C_Ack_Config
                0x00000000        0xc ./system/src/kf32a_basic_i2c.o
 .text$I2C_Ack_DATA_Config
                0x00000000        0xc ./system/src/kf32a_basic_i2c.o
 .text$I2C_Call_Cmd
                0x00000000        0xc ./system/src/kf32a_basic_i2c.o
 .text$I2C_Clock_Config
                0x00000000        0xc ./system/src/kf32a_basic_i2c.o
 .text$I2C_MATCH_ADDRESS_Config
                0x00000000        0xc ./system/src/kf32a_basic_i2c.o
 .text$I2C_SCL_Enable
                0x00000000        0xc ./system/src/kf32a_basic_i2c.o
 .text$I2C_NMENA_Enable
                0x00000000        0xc ./system/src/kf32a_basic_i2c.o
 .text$I2C_SMBUS_Enable
                0x00000000        0xc ./system/src/kf32a_basic_i2c.o
 .text$I2C_SMBT_Config
                0x00000000        0xc ./system/src/kf32a_basic_i2c.o
 .text$I2C_SMBus_ALERT_Config
                0x00000000        0xc ./system/src/kf32a_basic_i2c.o
 .text$I2C_SendData
                0x00000000        0x4 ./system/src/kf32a_basic_i2c.o
 .text$I2C_SendData8
                0x00000000        0x6 ./system/src/kf32a_basic_i2c.o
 .text$I2C_ReceiveData
                0x00000000        0xc ./system/src/kf32a_basic_i2c.o
 .text$I2C_ARP_Enable
                0x00000000        0xc ./system/src/kf32a_basic_i2c.o
 .text$I2C_ADDR_Config
                0x00000000       0x30 ./system/src/kf32a_basic_i2c.o
 .text$I2C_MSK_Config
                0x00000000       0x30 ./system/src/kf32a_basic_i2c.o
 .text$I2C_BRGH_Config
                0x00000000       0x14 ./system/src/kf32a_basic_i2c.o
 .text$I2C_BRGL_Config
                0x00000000        0xc ./system/src/kf32a_basic_i2c.o
 .text$I2C_Start_INT_Enable
                0x00000000        0xe ./system/src/kf32a_basic_i2c.o
 .text$I2C_Stop_INT_Enable
                0x00000000        0xe ./system/src/kf32a_basic_i2c.o
 .text$I2C_Ack_Fail_INT_Enable
                0x00000000        0xe ./system/src/kf32a_basic_i2c.o
 .text$I2C_Arbitration_Lost_INT_Enable
                0x00000000        0xe ./system/src/kf32a_basic_i2c.o
 .text$I2C_SMBus_Alert_INT_Enable
                0x00000000        0xe ./system/src/kf32a_basic_i2c.o
 .text$I2C_SMBus_HostHead_INT_Enable
                0x00000000        0xe ./system/src/kf32a_basic_i2c.o
 .text$I2C_SMBus_Device_Defaultaddress_INT_Enable
                0x00000000        0xe ./system/src/kf32a_basic_i2c.o
 .text$I2C_ISIE_INT_Enable
                0x00000000        0xe ./system/src/kf32a_basic_i2c.o
 .text$I2C_Receive_DMA_INT_Enable
                0x00000000        0xe ./system/src/kf32a_basic_i2c.o
 .text$I2C_Transmit_DMA_INT_Enable
                0x00000000        0xe ./system/src/kf32a_basic_i2c.o
 .text$I2C_Get_Start_Flag
                0x00000000        0x8 ./system/src/kf32a_basic_i2c.o
 .text$I2C_Clear_Start_Flag
                0x00000000       0x14 ./system/src/kf32a_basic_i2c.o
 .text$I2C_Get_Stop_Flag
                0x00000000        0xa ./system/src/kf32a_basic_i2c.o
 .text$I2C_Clear_Stop_Flag
                0x00000000       0x14 ./system/src/kf32a_basic_i2c.o
 .text$I2C_Get_Address_Match_Flag
                0x00000000        0xa ./system/src/kf32a_basic_i2c.o
 .text$I2C_Get_HighAddress_Flag
                0x00000000        0xa ./system/src/kf32a_basic_i2c.o
 .text$I2C_Get_Data_Flag
                0x00000000        0xa ./system/src/kf32a_basic_i2c.o
 .text$I2C_Get_Ack_Fail_Flag
                0x00000000        0xa ./system/src/kf32a_basic_i2c.o
 .text$I2C_Clear_Ack_Fail_Flag
                0x00000000       0x14 ./system/src/kf32a_basic_i2c.o
 .text$I2C_Get_Arbitration_Lost_Flag
                0x00000000        0xa ./system/src/kf32a_basic_i2c.o
 .text$I2C_Clear_Arbitration_Lost_Flag
                0x00000000       0x14 ./system/src/kf32a_basic_i2c.o
 .text$I2C_Get_Write_Read_Flag
                0x00000000        0xa ./system/src/kf32a_basic_i2c.o
 .text$I2C_Get_SMBus_Alert_Flag
                0x00000000        0xa ./system/src/kf32a_basic_i2c.o
 .text$I2C_Clear_SMBus_Alert_Flag
                0x00000000       0x16 ./system/src/kf32a_basic_i2c.o
 .text$I2C_Get_SMBus_Host_Header_Flag
                0x00000000        0xa ./system/src/kf32a_basic_i2c.o
 .text$I2C_Clear_SMBus_Host_Header_Flag
                0x00000000       0x16 ./system/src/kf32a_basic_i2c.o
 .text$I2C_Get_SMBus_Device_Default_Flag
                0x00000000        0xa ./system/src/kf32a_basic_i2c.o
 .text$I2C_Clear_SMBus_Device_Default_Flag
                0x00000000       0x16 ./system/src/kf32a_basic_i2c.o
 .text$I2C_Get_INTERRUPT_Flag
                0x00000000        0xa ./system/src/kf32a_basic_i2c.o
 .text$I2C_Clear_INTERRUPT_Flag
                0x00000000       0x16 ./system/src/kf32a_basic_i2c.o
 .text$I2C_Get_Receive_Buff_Flag
                0x00000000        0xa ./system/src/kf32a_basic_i2c.o
 .text$I2C_Get_Transmit_Buff_Flag
                0x00000000        0xa ./system/src/kf32a_basic_i2c.o
 .text$I2C_Get_Receive_DMA_Flag
                0x00000000        0xa ./system/src/kf32a_basic_i2c.o
 .text$I2C_Get_Transmit_DMA_Flag
                0x00000000        0xa ./system/src/kf32a_basic_i2c.o
 .text          0x00000000        0x0 ./system/src/kf32a_basic_int.o
 .data          0x00000000        0x0 ./system/src/kf32a_basic_int.o
 .bss           0x00000000        0x0 ./system/src/kf32a_basic_int.o
 .text$INT_Get_Interrupt_Action
                0x00000000       0x14 ./system/src/kf32a_basic_int.o
 .text$INT_Get_Priority_Pending_Action
                0x00000000       0x14 ./system/src/kf32a_basic_int.o
 .text$INT_Priority_Base
                0x00000000       0x1c ./system/src/kf32a_basic_int.o
 .text$INT_Get_Priority_Base
                0x00000000       0x14 ./system/src/kf32a_basic_int.o
 .text$INT_Stack_Align_Config
                0x00000000       0x14 ./system/src/kf32a_basic_int.o
 .text$INT_Fault_Masking_Config
                0x00000000       0x14 ./system/src/kf32a_basic_int.o
 .text$INT_Get_Pre_Empty
                0x00000000       0x10 ./system/src/kf32a_basic_int.o
 .text$INT_Get_Pending_Flag
                0x00000000       0x10 ./system/src/kf32a_basic_int.o
 .text$INT_Priority_Group_Config
                0x00000000       0x14 ./system/src/kf32a_basic_int.o
 .text$INT_Get_Priority_Group
                0x00000000       0x10 ./system/src/kf32a_basic_int.o
 .text$INT_Set_Systick_Flag
                0x00000000        0xc ./system/src/kf32a_basic_int.o
 .text$INT_Set_PendSV_Flag
                0x00000000        0xc ./system/src/kf32a_basic_int.o
 .text$INT_Get_Interrupt_Flag
                0x00000000       0x56 ./system/src/kf32a_basic_int.o
 .text$INT_Set_Interrupt_Priority
                0x00000000       0x28 ./system/src/kf32a_basic_int.o
 .text$INT_Stack_Delay_Enable
                0x00000000       0x18 ./system/src/kf32a_basic_int.o
 .text$INT_External_Mask_Enable
                0x00000000       0x1e ./system/src/kf32a_basic_int.o
 .text$INT_External_Rise_Enable
                0x00000000       0x1e ./system/src/kf32a_basic_int.o
 .text$INT_External_Fall_Enable
                0x00000000       0x1e ./system/src/kf32a_basic_int.o
 .text          0x00000000        0x0 ./system/src/kf32a_basic_iwdt.o
 .data          0x00000000        0x0 ./system/src/kf32a_basic_iwdt.o
 .bss           0x00000000        0x0 ./system/src/kf32a_basic_iwdt.o
 .text$IWDT_Prescaler_Config
                0x00000000       0x14 ./system/src/kf32a_basic_iwdt.o
 .text$IWDT_Overflow_Config
                0x00000000       0x18 ./system/src/kf32a_basic_iwdt.o
 .text$IWDT_Enable
                0x00000000       0x14 ./system/src/kf32a_basic_iwdt.o
 .text$IWDT_Feed_The_Dog
                0x00000000       0x10 ./system/src/kf32a_basic_iwdt.o
 .text          0x00000000        0x0 ./system/src/kf32a_basic_lcd.o
 .data          0x00000000        0x0 ./system/src/kf32a_basic_lcd.o
 .bss           0x00000000        0x0 ./system/src/kf32a_basic_lcd.o
 .text          0x00000000        0x0 ./system/src/kf32a_basic_led.o
 .data          0x00000000        0x0 ./system/src/kf32a_basic_led.o
 .bss           0x00000000        0x0 ./system/src/kf32a_basic_led.o
 .text          0x00000000        0x0 ./system/src/kf32a_basic_op.o
 .data          0x00000000        0x0 ./system/src/kf32a_basic_op.o
 .bss           0x00000000        0x0 ./system/src/kf32a_basic_op.o
 .text$OP_Reset
                0x00000000       0x30 ./system/src/kf32a_basic_op.o
 .text$OP_CAL_Configure
                0x00000000       0x70 ./system/src/kf32a_basic_op.o
 .text$OP_GAIN_SELSECT
                0x00000000       0x58 ./system/src/kf32a_basic_op.o
 .text$OP3_POSITIVE_INPUT_SELSECT
                0x00000000       0x14 ./system/src/kf32a_basic_op.o
 .text$OP_OUTPUT_EN
                0x00000000       0x60 ./system/src/kf32a_basic_op.o
 .text$OP_MODULE_EN
                0x00000000       0x5c ./system/src/kf32a_basic_op.o
 .text          0x00000000        0x0 ./system/src/kf32a_basic_osc.o
 .data          0x00000000        0x0 ./system/src/kf32a_basic_osc.o
 .bss           0x00000000        0x0 ./system/src/kf32a_basic_osc.o
 .text$OSC_SCLK_Configuration
                0x00000000       0xb4 ./system/src/kf32a_basic_osc.o
 .text$OSC_HFCK_Configuration
                0x00000000       0xb2 ./system/src/kf32a_basic_osc.o
 .text$OSC_LFCK_Configuration
                0x00000000       0x3c ./system/src/kf32a_basic_osc.o
 .text$OSC_CK48M_Configuration
                0x00000000       0x90 ./system/src/kf32a_basic_osc.o
 .text$OSC_Struct_Init
                0x00000000        0xe ./system/src/kf32a_basic_osc.o
 .text$OSC_SCLK_Output_Select
                0x00000000       0x18 ./system/src/kf32a_basic_osc.o
 .text$OSC_CK48M_Division_Config
                0x00000000       0x12 ./system/src/kf32a_basic_osc.o
 .text$OSC_CK48M_Source_Config
                0x00000000       0x14 ./system/src/kf32a_basic_osc.o
 .text$OSC_CK48M_Enable
                0x00000000       0x14 ./system/src/kf32a_basic_osc.o
 .text$OSC_EXTLF_Start_Delay_Config
                0x00000000       0x18 ./system/src/kf32a_basic_osc.o
 .text$OSC_Zero_Drift_Config
                0x00000000       0x18 ./system/src/kf32a_basic_osc.o
 .text$OSC_Positive_Drift_Config
                0x00000000       0x18 ./system/src/kf32a_basic_osc.o
 .text$OSC_Negative_Drift_Config
                0x00000000       0x12 ./system/src/kf32a_basic_osc.o
 .text$OSC_Current_Gain_Config
                0x00000000       0x12 ./system/src/kf32a_basic_osc.o
 .text$OSC_External_Input_Enable
                0x00000000       0x14 ./system/src/kf32a_basic_osc.o
 .text$OSC_Feedback_Resistance_Config
                0x00000000       0x14 ./system/src/kf32a_basic_osc.o
 .text$OSC_PLL_Zero_Source_Enable
                0x00000000       0x14 ./system/src/kf32a_basic_osc.o
 .text$OSC_PLL_Vref2_Enable
                0x00000000       0x14 ./system/src/kf32a_basic_osc.o
 .text$OSC_PLL_Vref0p5_Enable
                0x00000000       0x14 ./system/src/kf32a_basic_osc.o
 .text$OSC_PLL_Vref1p2_Enable
                0x00000000       0x14 ./system/src/kf32a_basic_osc.o
 .text$OSC_PLL_Low_Power_20nA_Enable
                0x00000000       0x14 ./system/src/kf32a_basic_osc.o
 .text$OSC_PLL_Vref1p14_Enable
                0x00000000       0x14 ./system/src/kf32a_basic_osc.o
 .text$OSC_PLL_Low_Power_100nA_Enable
                0x00000000       0x14 ./system/src/kf32a_basic_osc.o
 .text$OSC_PLL_LDO_Enable
                0x00000000       0x14 ./system/src/kf32a_basic_osc.o
 .text$OSC_PLL_INT_Enable
                0x00000000       0x14 ./system/src/kf32a_basic_osc.o
 .text$OSC_EXTHF_INT_Enable
                0x00000000       0x14 ./system/src/kf32a_basic_osc.o
 .text$OSC_EXTLF_INT_Enable
                0x00000000       0x14 ./system/src/kf32a_basic_osc.o
 .text$OSC_INTHF_INT_Enable
                0x00000000       0x14 ./system/src/kf32a_basic_osc.o
 .text$OSC_INTLF_INT_Enable
                0x00000000       0x14 ./system/src/kf32a_basic_osc.o
 .text$OSC_Get_Clock_Failure_INT_Flag
                0x00000000        0xe ./system/src/kf32a_basic_osc.o
 .text$OSC_Get_EXTHF_INT_Flag
                0x00000000        0xe ./system/src/kf32a_basic_osc.o
 .text$OSC_Get_EXTLF_INT_Flag
                0x00000000        0xe ./system/src/kf32a_basic_osc.o
 .text$OSC_Get_INTLF_INT_Flag
                0x00000000        0xc ./system/src/kf32a_basic_osc.o
 .text$OSC_Get_LP4MIF_INT_Flag
                0x00000000        0xe ./system/src/kf32a_basic_osc.o
 .text          0x00000000        0x0 ./system/src/kf32a_basic_pclk.o
 .data          0x00000000        0x0 ./system/src/kf32a_basic_pclk.o
 .bss           0x00000000        0x0 ./system/src/kf32a_basic_pclk.o
 .text          0x00000000        0x0 ./system/src/kf32a_basic_pm.o
 .data          0x00000000        0x0 ./system/src/kf32a_basic_pm.o
 .bss           0x00000000        0x0 ./system/src/kf32a_basic_pm.o
 .text$PM_IO_Latch_Enable
                0x00000000       0x14 ./system/src/kf32a_basic_pm.o
 .text$PM_Get_IO_Latch_Status
                0x00000000        0xc ./system/src/kf32a_basic_pm.o
 .text$PM_Internal_Low_Frequency_Enable
                0x00000000       0x14 ./system/src/kf32a_basic_pm.o
 .text$PM_External_Low_Frequency_Enable
                0x00000000       0x14 ./system/src/kf32a_basic_pm.o
 .text$PM_External_Low_Frequency_Clock_Enable
                0x00000000       0x14 ./system/src/kf32a_basic_pm.o
 .text$PM_Main_Bandgap_Enable
                0x00000000       0x14 ./system/src/kf32a_basic_pm.o
 .text$PM_LDO18_Enable
                0x00000000       0x14 ./system/src/kf32a_basic_pm.o
 .text$PM_Backup_Registers_Reset_Config
                0x00000000       0x14 ./system/src/kf32a_basic_pm.o
 .text$PM_Independent_Watchdog_Reset_Config
                0x00000000       0x14 ./system/src/kf32a_basic_pm.o
 .text$PM_SRAMA_In_Standby_Work_Mode_Config
                0x00000000       0x14 ./system/src/kf32a_basic_pm.o
 .text$PM_LPRAM_In_Standby_Work_Mode_Config
                0x00000000       0x14 ./system/src/kf32a_basic_pm.o
 .text$PM_Backup_POR_Delay_Time_Config
                0x00000000       0x14 ./system/src/kf32a_basic_pm.o
 .text$PM_Main_POR_Delay_Time_Config
                0x00000000       0x14 ./system/src/kf32a_basic_pm.o
 .text$PM_Peripheral_IO_Port_Config
                0x00000000       0x14 ./system/src/kf32a_basic_pm.o
 .text$PM_OCAL0LOCK_Enable
                0x00000000       0x14 ./system/src/kf32a_basic_pm.o
 .text$PM_MEMSEL_Enable
                0x00000000       0x14 ./system/src/kf32a_basic_pm.o
 .text$PM_Flash_Power_Off_Enable
                0x00000000       0x14 ./system/src/kf32a_basic_pm.o
 .text$PM_CCP0CLKLPEN_Enable
                0x00000000       0x14 ./system/src/kf32a_basic_pm.o
 .text$PM_Backup_Write_And_Read_Enable
                0x00000000       0x14 ./system/src/kf32a_basic_pm.o
 .text$PM_VREF_Software_Enable
                0x00000000       0x14 ./system/src/kf32a_basic_pm.o
 .text$PM_VREF_SELECT
                0x00000000       0x14 ./system/src/kf32a_basic_pm.o
 .text$PM_LPR_Software_Enable
                0x00000000       0x14 ./system/src/kf32a_basic_pm.o
 .text$PM_Low_Power_Mode_Config
                0x00000000       0x14 ./system/src/kf32a_basic_pm.o
 .text$PM_BOR_Enable
                0x00000000       0x14 ./system/src/kf32a_basic_pm.o
 .text$PM_Low_Power_BOR_Enable
                0x00000000       0x14 ./system/src/kf32a_basic_pm.o
 .text$PM_Temperature_Sensor_Enable
                0x00000000       0x14 ./system/src/kf32a_basic_pm.o
 .text$PM_Temperature_Sensor_Buffer_Enable
                0x00000000       0x14 ./system/src/kf32a_basic_pm.o
 .text$PM_Reference_Voltage_Enable
                0x00000000       0x14 ./system/src/kf32a_basic_pm.o
 .text$PM_Internal_Test_Buffer_Clock_Enable
                0x00000000       0x14 ./system/src/kf32a_basic_pm.o
 .text$PM_Internal_Test_Buffer_Clock_Scaler_Config
                0x00000000       0x18 ./system/src/kf32a_basic_pm.o
 .text$PM_PLL0_Output_Buffer_Enable
                0x00000000       0x14 ./system/src/kf32a_basic_pm.o
 .text$PM_PLL1_Output_Buffer_Enable
                0x00000000       0x14 ./system/src/kf32a_basic_pm.o
 .text$PM_PLL2_Output_Buffer_Enable
                0x00000000       0x14 ./system/src/kf32a_basic_pm.o
 .text$PM_PLL0LDO_Output_Buffer_Enable
                0x00000000       0x14 ./system/src/kf32a_basic_pm.o
 .text$PM_PLL1LDO_Output_Buffer_Enable
                0x00000000       0x14 ./system/src/kf32a_basic_pm.o
 .text$PM_PLL2LDO_Output_Buffer_Enable
                0x00000000       0x14 ./system/src/kf32a_basic_pm.o
 .text$PM_Battery_BOR_Config
                0x00000000       0x18 ./system/src/kf32a_basic_pm.o
 .text$PM_Battery_BOR_Enable
                0x00000000       0x14 ./system/src/kf32a_basic_pm.o
 .text$PM_Peripheral_Voltage_Monitoring_Enable
                0x00000000       0x14 ./system/src/kf32a_basic_pm.o
 .text$PM_Voltage_Detection_Config
                0x00000000       0x14 ./system/src/kf32a_basic_pm.o
 .text$PM_Voltage_Detection_Enable
                0x00000000       0x14 ./system/src/kf32a_basic_pm.o
 .text$PM_External_Wakeup_Pin_Enable
                0x00000000       0x22 ./system/src/kf32a_basic_pm.o
 .text$PM_External_Wakeup_Edge_Config
                0x00000000       0x22 ./system/src/kf32a_basic_pm.o
 .text$PM_Stop_Mode_Peripheral_INLF_Enable
                0x00000000       0x1e ./system/src/kf32a_basic_pm.o
 .text$PM_Peripheral_Reset_Config
                0x00000000       0x1e ./system/src/kf32a_basic_pm.o
 .text$PM_Vdd_Por_Enable
                0x00000000       0x14 ./system/src/kf32a_basic_pm.o
 .text$PM_Low_Power_Bandgap_Enable
                0x00000000       0x14 ./system/src/kf32a_basic_pm.o
 .text$PM_Power_Dissipation_Mode_Config
                0x00000000       0x14 ./system/src/kf32a_basic_pm.o
 .text$PM_Power_Dissipation_Mode_Delay_Config
                0x00000000       0x14 ./system/src/kf32a_basic_pm.o
 .text$PM_Internal_Test_Buffer_Enable
                0x00000000       0x14 ./system/src/kf32a_basic_pm.o
 .text$PM_Clear_Reset_And_Wakeup_Flag
                0x00000000       0x20 ./system/src/kf32a_basic_pm.o
 .text$PM_Get_IWDT_Reset_Flag
                0x00000000       0x30 ./system/src/kf32a_basic_pm.o
 .text$PM_Clear_External_Wakeup_Pin_Flag
                0x00000000       0x24 ./system/src/kf32a_basic_pm.o
 .text$PM_Get_Low_Power_Running_State
                0x00000000       0x10 ./system/src/kf32a_basic_pm.o
 .text$PM_Get_LPR_Status
                0x00000000       0x10 ./system/src/kf32a_basic_pm.o
 .text$PM_Get_Peripheral_Voltage_Detection_Status
                0x00000000       0x10 ./system/src/kf32a_basic_pm.o
 .text$PM_Zero_Drift_Current_Config
                0x00000000       0x14 ./system/src/kf32a_basic_pm.o
 .text$PM_BOR_Voltage_Config
                0x00000000       0x14 ./system/src/kf32a_basic_pm.o
 .text$PM_Main_Regulator_Voltage_Config
                0x00000000       0x18 ./system/src/kf32a_basic_pm.o
 .text$PM_Main_Regulator_HV_Enable
                0x00000000       0x14 ./system/src/kf32a_basic_pm.o
 .text$PM_Reference_Calibration_Config
                0x00000000       0x68 ./system/src/kf32a_basic_pm.o
 .text$PM_INTLF_Bias_Current_Config
                0x00000000       0x18 ./system/src/kf32a_basic_pm.o
 .text$PM_EXTLF_Bias_Current_Config
                0x00000000       0x14 ./system/src/kf32a_basic_pm.o
 .text$PM_INTLF_Capacitance_Calibration_Config
                0x00000000       0x18 ./system/src/kf32a_basic_pm.o
 .text$PM_LP_Bias_Calibration_Config
                0x00000000       0x18 ./system/src/kf32a_basic_pm.o
 .text$PM_LPBG_Pump_Calibration_Config
                0x00000000       0x18 ./system/src/kf32a_basic_pm.o
 .text$PM_EXTLF_N_Bias_Current_Config
                0x00000000       0x14 ./system/src/kf32a_basic_pm.o
 .text$PM_LDO18_Module_Config
                0x00000000       0x14 ./system/src/kf32a_basic_pm.o
 .text$PM_Main_Regulator_Bandgap_Config
                0x00000000       0x14 ./system/src/kf32a_basic_pm.o
 .text$PM_LPR_Module_Config
                0x00000000       0x14 ./system/src/kf32a_basic_pm.o
 .text          0x00000000        0x0 ./system/src/kf32a_basic_qei.o
 .data          0x00000000        0x0 ./system/src/kf32a_basic_qei.o
 .bss           0x00000000        0x0 ./system/src/kf32a_basic_qei.o
 .text$QEI_Reset
                0x00000000       0x6c ./system/src/kf32a_basic_qei.o
 .text$QEI_Configuration
                0x00000000       0x3e ./system/src/kf32a_basic_qei.o
 .text$QEI_Timer_Configuration
                0x00000000       0x1e ./system/src/kf32a_basic_qei.o
 .text$QEI_Struct_Init
                0x00000000       0x16 ./system/src/kf32a_basic_qei.o
 .text$QEI_Timer_Struct_Init
                0x00000000       0x10 ./system/src/kf32a_basic_qei.o
 .text$QEI_Encoder_Mode_Config
                0x00000000       0x10 ./system/src/kf32a_basic_qei.o
 .text$QEI_Location_Counter_Reset_Enable
                0x00000000        0xc ./system/src/kf32a_basic_qei.o
 .text$QEI_Timer_Source_Clock_Config
                0x00000000        0xc ./system/src/kf32a_basic_qei.o
 .text$QEI_Get_Index_Pin_State
                0x00000000        0xa ./system/src/kf32a_basic_qei.o
 .text$QEI_Location_Counter_Output_Enable
                0x00000000        0xc ./system/src/kf32a_basic_qei.o
 .text$QEI_Location_Counter_Direction_Config
                0x00000000        0xc ./system/src/kf32a_basic_qei.o
 .text$QEI_Get_Location_Counter_Direction
                0x00000000        0x8 ./system/src/kf32a_basic_qei.o
 .text$QEI_Source_Clock_Config
                0x00000000        0xc ./system/src/kf32a_basic_qei.o
 .text$QEI_Digital_Filter_Output_Enable
                0x00000000        0xe ./system/src/kf32a_basic_qei.o
 .text$QEI_Digital_Filter_Clock_Config
                0x00000000        0xe ./system/src/kf32a_basic_qei.o
 .text$QEI_Swap_Phase_AB_Enable
[...]
 *fill*         0x10003a53        0x1 
 .bss$comm$TURN_MA
                0x10003a54       0xff ./driver/canreceive.o
                0x10003a54                TURN_MA
 *fill*         0x10003b53        0x1 
 .bss$comm$DAQI_MA
                0x10003b54       0xff ./driver/canreceive.o
                0x10003b54                DAQI_MA
 *fill*         0x10003c53        0x1 
 .bss$comm$MOTOR_MA
                0x10003c54       0xff ./driver/canreceive.o
                0x10003c54                MOTOR_MA
 *fill*         0x10003d53        0x1 
 .bss$comm$BMS_MA
                0x10003d54       0xff ./driver/canreceive.o
                0x10003d54                BMS_MA
 *fill*         0x10003e53        0x1 
 .bss$comm$VCU_MA
                0x10003e54       0xff ./driver/canreceive.o
                0x10003e54                VCU_MA
 .bss$comm$ID_18FF2D47_data5
                0x10003f53        0x1 ./driver/canreceive.o
                0x10003f53                ID_18FF2D47_data5
 .bss$comm$ID_18FF2D47_data6
                0x10003f54        0x1 ./driver/canreceive.o
                0x10003f54                ID_18FF2D47_data6
 .bss$comm$motor_flag
                0x10003f55        0x1 ./driver/canreceive.o
                0x10003f55                motor_flag
 .bss$comm$motor_tem
                0x10003f56        0x1 ./driver/canreceive.o
                0x10003f56                motor_tem
 *fill*         0x10003f57        0x1 
 .bss$comm$_18FF2D47
                0x10003f58        0x8 ./driver/canreceive.o
                0x10003f58                _18FF2D47
 .bss$comm$_0CFF0D4A
                0x10003f60        0x8 ./driver/canreceive.o
                0x10003f60                _0CFF0D4A
 .bss$comm$_0CFF0C4A
                0x10003f68        0x8 ./driver/canreceive.o
                0x10003f68                _0CFF0C4A
 .bss$comm$_18FF8001
                0x10003f70        0x8 ./driver/canreceive.o
                0x10003f70                _18FF8001
 .bss$comm$_18FF0498_data7
                0x10003f78        0x1 ./driver/canreceive.o
                0x10003f78                _18FF0498_data7
 *fill*         0x10003f79        0x3 
 .bss$comm$add1
                0x10003f7c        0x8 ./driver/canreceive.o
                0x10003f7c                add1
 .bss$comm$DATA_1CEBFF2F
                0x10003f84        0x8 ./driver/canreceive.o
                0x10003f84                DATA_1CEBFF2F
 .bss$comm$DATA_18FECA2F
                0x10003f8c        0x8 ./driver/canreceive.o
                0x10003f8c                DATA_18FECA2F
 .bss$comm$MeterPara
                0x10003f94       0x20 ./driver/eeprom.o
                0x10003f94                MeterPara
 .bss$comm$Oil_Alarm_2012
                0x10003fb4        0x1 ./driver/eeprom.o
                0x10003fb4                Oil_Alarm_2012
 .bss$comm$Coef_2012
                0x10003fb5        0x1 ./driver/eeprom.o
                0x10003fb5                Coef_2012
 .bss$comm$Set_Pulse
                0x10003fb6        0x2 ./driver/eeprom.o
                0x10003fb6                Set_Pulse
 .bss$comm$Set_odometer_const
                0x10003fb8        0x2 ./driver/eeprom.o
                0x10003fb8                Set_odometer_const
 .bss$comm$Set_backlight_level
                0x10003fba        0x1 ./driver/eeprom.o
                0x10003fba                Set_backlight_level
 .bss$comm$Set_Fuel_Coef
                0x10003fbb        0x1 ./driver/eeprom.o
                0x10003fbb                Set_Fuel_Coef
 .bss$comm$Set_Coef
                0x10003fbc        0x1 ./driver/eeprom.o
                0x10003fbc                Set_Coef
 .bss$comm$Set_Air_Coef
                0x10003fbd        0x1 ./driver/eeprom.o
                0x10003fbd                Set_Air_Coef
 .bss$comm$Set_Ranyou_Alarm
                0x10003fbe        0x1 ./driver/eeprom.o
                0x10003fbe                Set_Ranyou_Alarm
 .bss$comm$Set_Oil_Alarm
                0x10003fbf        0x1 ./driver/eeprom.o
                0x10003fbf                Set_Oil_Alarm
 .bss$comm$Set_Speed_Alarm
                0x10003fc0        0x1 ./driver/eeprom.o
                0x10003fc0                Set_Speed_Alarm
 .bss$comm$Set_Air_Alarm
                0x10003fc1        0x1 ./driver/eeprom.o
                0x10003fc1                Set_Air_Alarm
 .bss$comm$Pulse
                0x10003fc2        0x2 ./driver/eeprom.o
                0x10003fc2                Pulse
 .bss$comm$odometer_const_2012
                0x10003fc4        0x2 ./driver/eeprom.o
                0x10003fc4                odometer_const_2012
 .bss$comm$odometer_const
                0x10003fc6        0x2 ./driver/eeprom.o
                0x10003fc6                odometer_const
 .bss$comm$Bus_Type
                0x10003fc8        0x1 ./driver/eeprom.o
                0x10003fc8                Bus_Type
 .bss$comm$backlight_level
                0x10003fc9        0x1 ./driver/eeprom.o
                0x10003fc9                backlight_level
 .bss$comm$Fuel_Coef
                0x10003fca        0x1 ./driver/eeprom.o
                0x10003fca                Fuel_Coef
 .bss$comm$Rain_Delay_Time
                0x10003fcb        0x1 ./driver/eeprom.o
                0x10003fcb                Rain_Delay_Time
 .bss$comm$Coef
                0x10003fcc        0x1 ./driver/eeprom.o
                0x10003fcc                Coef
 .bss$comm$Air2_Coef
                0x10003fcd        0x1 ./driver/eeprom.o
                0x10003fcd                Air2_Coef
 .bss$comm$Air_Coef
                0x10003fce        0x1 ./driver/eeprom.o
                0x10003fce                Air_Coef
 .bss$comm$Ranyou_Alarm
                0x10003fcf        0x1 ./driver/eeprom.o
                0x10003fcf                Ranyou_Alarm
 .bss$comm$Oil_Alarm
                0x10003fd0        0x1 ./driver/eeprom.o
                0x10003fd0                Oil_Alarm
 .bss$comm$Speed_Alarm
                0x10003fd1        0x1 ./driver/eeprom.o
                0x10003fd1                Speed_Alarm
 .bss$comm$Air_Alarm
                0x10003fd2        0x1 ./driver/eeprom.o
                0x10003fd2                Air_Alarm
 *fill*         0x10003fd3        0x1 
 .bss$static$GpioPinNum.6309
                0x10003fd4        0x2 ./driver/emios.o
 *fill*         0x10003fd6        0x2 
 .bss$comm$flash_write
                0x10003fd8       0x14 ./driver/flash.o
                0x10003fd8                flash_write
 .bss$static$key_index.6343
                0x10003fec        0x1 ./driver/key.o
 .bss$comm$MsgFifos
                0x10003fed       0x1e ./driver/keyfif.o
                0x10003fed                MsgFifos
 *fill*         0x1000400b        0x1 
 .bss$comm$ledlogic
                0x1000400c        0x2 ./driver/led.o
                0x1000400c                ledlogic
 .bss$comm$op_protection
                0x1000400e        0xa ./driver/output.o
                0x1000400e                op_protection
 .bss$comm$output_s
                0x10004018        0x1 ./driver/output.o
                0x10004018                output_s
 *fill*         0x10004019        0x3 
 .bss$comm$sw_diagnose
                0x1000401c        0x2 ./driver/output.o
                0x1000401c                sw_diagnose
 .bss$comm$adc_100ma_fd
                0x1000401e        0xa ./driver/output.o
                0x1000401e                adc_100ma_fd
 .bss$comm$SCH_tasks_G
                0x10004028       0xf0 ./driver/sch.o
                0x10004028                SCH_tasks_G
 .bss$comm$k    0x10004118        0x1 ./driver/switch.o
                0x10004118                k
 .bss$comm$j    0x10004119        0x1 ./driver/switch.o
                0x10004119                j
 .bss$comm$i    0x1000411a        0x1 ./driver/switch.o
                0x1000411a                i
 .bss$comm$dumpx
                0x1000411b        0x1 ./driver/switch.o
                0x1000411b                dumpx
 .bss$comm$port_b
                0x1000411c        0x2 ./driver/switch.o
                0x1000411c                port_b
 .bss$comm$port_d
                0x1000411e        0x2 ./driver/switch.o
                0x1000411e                port_d
 .bss$comm$port_c
                0x10004120        0x2 ./driver/switch.o
                0x10004120                port_c
 .bss$comm$port_a
                0x10004122        0x2 ./driver/switch.o
                0x10004122                port_a
 .bss$comm$port_mask
                0x10004124        0x8 ./driver/switch.o
                0x10004124                port_mask
                0x1000412c                . = ((. + 0x3) & 0xfffffffc)
                0x1000412c                __bss_end__ = .
 *(.userdata*)
                0x1000412c                __allot_end__ = ((. + 0x3) & 0xfffffffc)
                0x1000412c                __Heap_Start__ = __allot_end__
 *(.heap_mem*)
                0x1000412c                . = ((. + 0x3) & 0xfffffffc)
                0x1000412c                __Logic_Heap_End__ = .
                0x0000422c                . = DEFINED (Heap_Mem)?((. + 0x3) & 0xfffffffc):(__Logic_Heap_End__ + __Heap_length__)
 *fill*         0x1000412c      0x100 
                0x1000422c                __Heap_End__ = .
                0x1000422c                __MAX_Stack_LIMITS__ = ((. + 0x3) & 0xfffffffc)
                0x1000422c                . = ((. + 0x3) & 0xfffffffc)
                0x1001fe00                __LMA_STACK_LIMITS__ = DEFINED (Stack_Mem)?(__initial_sp - (__Logic_Stack_Start__ - __Logic_Stack_End__)):.
                0x1001fe00                . = __LMA_STACK_LIMITS__
 *fill*         0x1000422c    0x1bbd4 
                0x1001fe00                __Logic_Stack_End__ = .
 *(.stack_mem*)
 .stack_mem$Stack_Mem
                0x1001fe00      0x200 ./system/vector.o
                0x1001fe00                Stack_Mem
                0x10020000                __Logic_Stack_Start__ = .
                0x00020000                __initial_sp = 0x20000
                0x00000100                PROVIDE (__Heap_length__, 0x100)

.flashdata      0x0c001c00      0x400
 *(.flashdata*)
                0x00000400                . = 0x400
 *fill*         0x0c001c00      0x400 

.debugormode
 *(.modeconfig*)

.protectmode
 *(.protectconfig*)

.eeprom         0x7f000000     0x1000
 *(.eeprom*)
                0x00001000                . = 0x1000
 *fill*         0x7f000000     0x1000 

.config1
 *(.config1*)

.config2
 *(.config2*)

.stab           0x00000000    0x34380
 *(.stab)
 .stab          0x00000000     0x17dc ./system/src/kf32a_basic_adc.o
                               0x2970 (size before relaxing)
 .stab          0x000017dc      0x45c ./system/src/kf32a_basic_aes.o
                                0xf0c (size before relaxing)
 .stab          0x00001c38     0x1d88 ./system/src/kf32a_basic_atim.o
                               0x58f8 (size before relaxing)
 .stab          0x000039c0      0x408 ./system/src/kf32a_basic_bkp.o
                                0xff0 (size before relaxing)
 .stab          0x00003dc8      0xdf8 ./system/src/kf32a_basic_btim.o
                               0x22e0 (size before relaxing)
 .stab          0x00004bc0     0x14c4 ./system/src/kf32a_basic_can.o
                               0x2718 (size before relaxing)
 .stab          0x00006084      0x444 ./system/src/kf32a_basic_cfgl.o
                               0x1518 (size before relaxing)
 .stab          0x000064c8      0x84c ./system/src/kf32a_basic_cmp.o
                               0x2160 (size before relaxing)
 .stab          0x00006d14      0x324 ./system/src/kf32a_basic_crc.o
                                0xbb8 (size before relaxing)
 .stab          0x00007038      0x3d8 ./system/src/kf32a_basic_dac.o
                                0xf60 (size before relaxing)
 .stab          0x00007410      0x930 ./system/src/kf32a_basic_dma.o
                               0x1c20 (size before relaxing)
 .stab          0x00007d40      0x294 ./system/src/kf32a_basic_exic.o
                                0xc84 (size before relaxing)
 .stab          0x00007fd4     0x1074 ./system/src/kf32a_basic_flash.o
                               0x2c58 (size before relaxing)
 .stab          0x00009048      0xcb4 ./system/src/kf32a_basic_gpio.o
                               0x1860 (size before relaxing)
 .stab          0x00009cfc     0x1584 ./system/src/kf32a_basic_gptim.o
                               0x327c (size before relaxing)
 .stab          0x0000b280      0xdf8 ./system/src/kf32a_basic_i2c.o
                               0x2958 (size before relaxing)
 .stab          0x0000c078     0x1020 ./system/src/kf32a_basic_int.o
                               0x1cf8 (size before relaxing)
 .stab          0x0000d098      0x1d4 ./system/src/kf32a_basic_iwdt.o
                                0x8a0 (size before relaxing)
 .stab          0x0000d26c      0x12c ./system/src/kf32a_basic_lcd.o
                                0x66c (size before relaxing)
 .stab          0x0000d398      0x12c ./system/src/kf32a_basic_led.o
                                0x66c (size before relaxing)
 .stab          0x0000d4c4      0x264 ./system/src/kf32a_basic_op.o
                                0xe94 (size before relaxing)
 .stab          0x0000d728     0x183c ./system/src/kf32a_basic_osc.o
                               0x31e0 (size before relaxing)
 .stab          0x0000ef64      0x3c0 ./system/src/kf32a_basic_pclk.o
                                0x900 (size before relaxing)
 .stab          0x0000f324     0x1008 ./system/src/kf32a_basic_pm.o
                               0x34c8 (size before relaxing)
 .stab          0x0001032c      0x894 ./system/src/kf32a_basic_qei.o
                               0x1b6c (size before relaxing)
 .stab          0x00010bc0      0x354 ./system/src/kf32a_basic_rst.o
                                0x900 (size before relaxing)
 .stab          0x00010f14     0x15f0 ./system/src/kf32a_basic_rtc.o
                               0x53d0 (size before relaxing)
 .stab          0x00012504      0x9a8 ./system/src/kf32a_basic_spi.o
                               0x1f68 (size before relaxing)
 .stab          0x00012eac      0x57c ./system/src/kf32a_basic_sysctl.o
                               0x1170 (size before relaxing)
 .stab          0x00013428      0x2c4 ./system/src/kf32a_basic_systick.o
                                0xb34 (size before relaxing)
 .stab          0x000136ec     0x1584 ./system/src/kf32a_basic_usart.o
                               0x4038 (size before relaxing)
 .stab          0x00014c70      0x144 ./system/src/kf32a_basic_usb.o
                                0x684 (size before relaxing)
 .stab          0x00014db4      0x4bc ./system/src/kf32a_basic_wwdt.o
                                0xaf8 (size before relaxing)
 .stab          0x00015270      0x1bc ./system/startup.o
                                0x1c8 (size before relaxing)
 .stab          0x0001542c      0xb28 ./system/system_init.o
                               0x1788 (size before relaxing)
 .stab          0x00015f54      0x120 ./system/vector.o
                                0x12c (size before relaxing)
 .stab          0x00016074      0xb7c ./source/MeterConfig.o
                               0x1b24 (size before relaxing)
 .stab          0x00016bf0      0x384 ./source/aebs.o
                               0x13c8 (size before relaxing)
 .stab          0x00016f74      0x444 ./source/bootloader.o
                               0x1290 (size before relaxing)
 .stab          0x000173b8     0x22bc ./source/display.o
                               0x2fd0 (size before relaxing)
 .stab          0x00019674     0x6594 ./source/displayhelper.o
                               0x7584 (size before relaxing)
 .stab          0x0001fc08      0xa38 ./source/kf_it.o
                               0x174c (size before relaxing)
 .stab          0x00020640      0x840 ./source/main.o
                               0x15fc (size before relaxing)
 .stab          0x00020e80     0x3a68 ./source/system.o
                               0x4d04 (size before relaxing)
 .stab          0x000248e8     0x177c ./driver/Adc.o
                               0x24cc (size before relaxing)
 .stab          0x00026064     0x1248 ./driver/Bcan.o
                               0x21fc (size before relaxing)
 .stab          0x000272ac      0xb1c ./driver/Dcan.o
                               0x1be4 (size before relaxing)
 .stab          0x00027dc8      0x8dc ./driver/Pcan1.o
                               0x17b8 (size before relaxing)
 .stab          0x000286a4      0x8dc ./driver/Pcan2.o
                               0x17b8 (size before relaxing)
 .stab          0x00028f80      0xa08 ./driver/Pcan3.o
                               0x17b8 (size before relaxing)
 .stab          0x00029988      0x6fc ./driver/Rtc.o
                               0x1410 (size before relaxing)
 .stab          0x0002a084      0x9d8 ./driver/T123AI.o
                               0x1950 (size before relaxing)
 .stab          0x0002aa5c      0x120 ./driver/canfifo.o
                                0x12c (size before relaxing)
 .stab          0x0002ab7c     0x2f58 ./driver/canreceive.o
                               0x3dec (size before relaxing)
 .stab          0x0002dad4     0x1074 ./driver/eeprom.o
                               0x1e84 (size before relaxing)
 .stab          0x0002eb48      0xdc8 ./driver/emios.o
                               0x1bd8 (size before relaxing)
 .stab          0x0002f910      0x8c4 ./driver/flash.o
                               0x1d28 (size before relaxing)
 .stab          0x000301d4      0x4bc ./driver/gpio.o
                               0x11d0 (size before relaxing)
 .stab          0x00030690      0xc48 ./driver/iic.o
                               0x1998 (size before relaxing)
 .stab          0x000312d8      0x78c ./driver/key.o
                               0x1548 (size before relaxing)
 .stab          0x00031a64      0x300 ./driver/keyfif.o
                                0x3a8 (size before relaxing)
 .stab          0x00031d64      0x51c ./driver/led.o
                               0x1230 (size before relaxing)
 .stab          0x00032280      0x978 ./driver/output.o
                               0x168c (size before relaxing)
 .stab          0x00032bf8      0x690 ./driver/sch.o
                               0x1404 (size before relaxing)
 .stab          0x00033288      0x7d4 ./driver/switch.o
                               0x14e8 (size before relaxing)
 .stab          0x00033a5c      0x534 ./driver/timer.o
                               0x1248 (size before relaxing)
 .stab          0x00033f90      0x3f0 ./driver/watchdog.o
                               0x1104 (size before relaxing)

.stabstr        0x00000000    0x18b4d
 *(.stabstr)
 .stabstr       0x00000000    0x18b4d ./system/src/kf32a_basic_adc.o

.stab.excl
 *(.stab.excl)

.stab.exclstr
 *(.stab.exclstr)

.stab.index
 *(.stab.index)

.stab.indexstr
 *(.stab.indexstr)

.comment
 *(.comment)

.debug
 *(.debug)

.line
 *(.line)

.debug_srcinfo
 *(.debug_srcinfo)

.debug_sfnames
 *(.debug_sfnames)

.debug_aranges
 *(.debug_aranges)

.debug_pubnames
 *(.debug_pubnames)

.debug_info
 *(.debug_info .gnu.linkonce.wi.*)

.debug_abbrev
 *(.debug_abbrev)

.debug_line
 *(.debug_line .debug_line.* .debug_line_end)

.debug_frame
 *(.debug_frame)

.debug_str
 *(.debug_str)

.debug_loc
 *(.debug_loc)

.debug_macinfo
 *(.debug_macinfo)

.debug_weaknames
 *(.debug_weaknames)

.debug_funcnames
 *(.debug_funcnames)

.debug_typenames
 *(.debug_typenames)

.debug_varnames
 *(.debug_varnames)

.debug_pubtypes
 *(.debug_pubtypes)

.debug_ranges
 *(.debug_ranges)

.debug_macro
 *(.debug_macro)

.gnu.attributes
 *(.gnu.attributes)

/DISCARD/
 *(.note.GNU-stack)
 *(.gnu_debuglink)
 *(.gnu.lto_*)
OUTPUT(ZJLT-AK-220815.elf elf32-kungfu32-little)
