Archive member included because of file (symbol)

C:/Program Files (x86)/ChipON IDE/KungFu32/ChiponCC32/ccr1_issue_v0/lib/libcrtv1.a(adddf3.o)
                              ./source/system.o (__adddf3)
C:/Program Files (x86)/ChipON IDE/KungFu32/ChiponCC32/ccr1_issue_v0/lib/libcrtv1.a(addsf3.o)
                              ./source/system.o (__addsf3)
C:/Program Files (x86)/ChipON IDE/KungFu32/ChiponCC32/ccr1_issue_v0/lib/libcrtv1.a(divdf3.o)
                              ./source/system.o (__divdf3)
C:/Program Files (x86)/ChipON IDE/KungFu32/ChiponCC32/ccr1_issue_v0/lib/libcrtv1.a(divsf3.o)
                              ./driver/motor.o (__divsf3)
C:/Program Files (x86)/ChipON IDE/KungFu32/ChiponCC32/ccr1_issue_v0/lib/libcrtv1.a(fixunsdfsi.o)
                              ./source/canreceive.o (__fixunsdfsi)
C:/Program Files (x86)/ChipON IDE/KungFu32/ChiponCC32/ccr1_issue_v0/lib/libcrtv1.a(fixunssfsi.o)
                              ./source/canreceive.o (__fixunssfsi)
C:/Program Files (x86)/ChipON IDE/KungFu32/ChiponCC32/ccr1_issue_v0/lib/libcrtv1.a(floatsidf.o)
                              ./source/canreceive.o (__floatsidf)
C:/Program Files (x86)/ChipON IDE/KungFu32/ChiponCC32/ccr1_issue_v0/lib/libcrtv1.a(floatsisf.o)
                              ./driver/motor.o (__floatsisf)
C:/Program Files (x86)/ChipON IDE/KungFu32/ChiponCC32/ccr1_issue_v0/lib/libcrtv1.a(floatunsisf.o)
                              ./source/canreceive.o (__floatunsisf)
C:/Program Files (x86)/ChipON IDE/KungFu32/ChiponCC32/ccr1_issue_v0/lib/libcrtv1.a(gedf2.o)
                              ./source/displayhelper.o (__gtdf2)
C:/Program Files (x86)/ChipON IDE/KungFu32/ChiponCC32/ccr1_issue_v0/lib/libcrtv1.a(gesf2.o)
                              ./source/system.o (__gesf2)
C:/Program Files (x86)/ChipON IDE/KungFu32/ChiponCC32/ccr1_issue_v0/lib/libcrtv1.a(ledf2.o)
                              ./source/displayhelper.o (__ltdf2)
C:/Program Files (x86)/ChipON IDE/KungFu32/ChiponCC32/ccr1_issue_v0/lib/libcrtv1.a(muldf3.o)
                              ./source/canreceive.o (__muldf3)
C:/Program Files (x86)/ChipON IDE/KungFu32/ChiponCC32/ccr1_issue_v0/lib/libcrtv1.a(mulsf3.o)
                              ./source/canreceive.o (__mulsf3)
C:/Program Files (x86)/ChipON IDE/KungFu32/ChiponCC32/ccr1_issue_v0/lib/libcrtv1.a(subdf3.o)
                              ./source/system.o (__subdf3)
C:/Program Files (x86)/ChipON IDE/KungFu32/ChiponCC32/ccr1_issue_v0/lib/libcrtv1.a(subsf3.o)
                              ./source/system.o (__subsf3)
C:/Program Files (x86)/ChipON IDE/KungFu32/ChiponCC32/ccr1_issue_v0/lib/libcrtv1.a(truncdfsf2.o)
                              ./source/system.o (__truncdfsf2)
C:/Program Files (x86)/ChipON IDE/KungFu32/ChiponCC32/ccr1_issue_v0/lib/libcrtv1.a(__clzsi2.o)
                              C:/Program Files (x86)/ChipON IDE/KungFu32/ChiponCC32/ccr1_issue_v0/lib/libcrtv1.a(adddf3.o) (__clzsi2)

@@@@@Discarded input sections

 .text          0x00000000        0x0 ./system/src/kf32a_basic_adc.o
 .data          0x00000000        0x0 ./system/src/kf32a_basic_adc.o
 .bss           0x00000000        0x0 ./system/src/kf32a_basic_adc.o
 .text$ADC_Struct_Init
                0x00000000       0x52 ./system/src/kf32a_basic_adc.o
 .text$ADC_Delay_Configuration
                0x00000000       0x48 ./system/src/kf32a_basic_adc.o
 .text$ADC_Delay_Struct_Init
                0x00000000       0x14 ./system/src/kf32a_basic_adc.o
 .text$ADC_Analog_Watchdog_Configuration
                0x00000000       0x9c ./system/src/kf32a_basic_adc.o
 .text$ADC_Analog_Watchdog_Struct_Init
                0x00000000       0x2c ./system/src/kf32a_basic_adc.o
 .text$ADC_Watchdog_Single_Channel_Enable
                0x00000000       0x1a ./system/src/kf32a_basic_adc.o
 .text$ADC_Scan_Mode_Enable
                0x00000000       0x1a ./system/src/kf32a_basic_adc.o
 .text$ADC_Bosssel_Comparator_Calibration
                0x00000000       0x1a ./system/src/kf32a_basic_adc.o
 .text$ADC_Bosssel_Calibration
                0x00000000       0x1a ./system/src/kf32a_basic_adc.o
 .text$ADC_Trim_Current_Intensity_Bias
                0x00000000       0x1a ./system/src/kf32a_basic_adc.o
 .text$ADC_Analog_Clock_Config
                0x00000000       0x2c ./system/src/kf32a_basic_adc.o
 .text$ADC_Data_Align_Config
                0x00000000       0x28 ./system/src/kf32a_basic_adc.o
 .text$ADC_Clock_Source_Config
                0x00000000       0x28 ./system/src/kf32a_basic_adc.o
 .text$ADC_Regular_Channel_DMA_Cmd
                0x00000000       0x1a ./system/src/kf32a_basic_adc.o
 .text$ADC_High_Priority_Channel_DMA_Cmd
                0x00000000       0x2e ./system/src/kf32a_basic_adc.o
 .text$ADC_Double_Mode_Config
                0x00000000       0x30 ./system/src/kf32a_basic_adc.o
 .text$ADC_Reference_Voltage_Config
                0x00000000       0x2c ./system/src/kf32a_basic_adc.o
 .text$ADC_Analog_Watchdog_Channel_Config
                0x00000000       0x2c ./system/src/kf32a_basic_adc.o
 .text$ADC_Regular_Channel_Watchdog_Enable
                0x00000000       0x1a ./system/src/kf32a_basic_adc.o
 .text$ADC_External_Trig_Conv_Enable
                0x00000000       0x1e ./system/src/kf32a_basic_adc.o
 .text$ADC_External_Trig_Conv_Config
                0x00000000       0x2c ./system/src/kf32a_basic_adc.o
 .text$ADC_Regular_Sequencer_Length_Config
                0x00000000       0x38 ./system/src/kf32a_basic_adc.o
 .text$ADC_Regular_Channel_TxCCRy_Trig_Enable
                0x00000000       0x3e ./system/src/kf32a_basic_adc.o
 .text$ADC_Continuous_Mode_Cmd
                0x00000000       0x1a ./system/src/kf32a_basic_adc.o
 .text$ADC_Disc_Mode_Channel_Count_Config
                0x00000000       0x38 ./system/src/kf32a_basic_adc.o
 .text$ADC_Disc_Mode_Cmd
                0x00000000       0x1a ./system/src/kf32a_basic_adc.o
 .text$ADC_High_Priority_Watchdog_Enable
                0x00000000       0x1a ./system/src/kf32a_basic_adc.o
 .text$ADC_HPExternal_Trig_Conv_Enable
                0x00000000       0x1e ./system/src/kf32a_basic_adc.o
 .text$ADC_High_Priority_Channel_Config
                0x00000000       0x54 ./system/src/kf32a_basic_adc.o
 .text$ADC_High_Priority_Sequencer_Length_Config
                0x00000000       0x38 ./system/src/kf32a_basic_adc.o
 .text$ADC_Set_HPChannel_Conv_Value_Offset
                0x00000000       0x22 ./system/src/kf32a_basic_adc.o
 .text$ADC_HPExternal_Trig_Conv_Config
                0x00000000       0x2c ./system/src/kf32a_basic_adc.o
 .text$ADC_Software_HPStart_Conv
                0x00000000        0xe ./system/src/kf32a_basic_adc.o
 .text$ADC_HPAuto_Conv_Cmd
                0x00000000       0x1a ./system/src/kf32a_basic_adc.o
 .text$ADC_HPDisc_Mode_Cmd
                0x00000000       0x1a ./system/src/kf32a_basic_adc.o
 .text$ADC_Get_HPConversion_Data
                0x00000000       0x28 ./system/src/kf32a_basic_adc.o
 .text$ADC_Set_INT_Enable
                0x00000000       0x42 ./system/src/kf32a_basic_adc.o
 .text$ADC_Clear_INT_Flag
                0x00000000       0x64 ./system/src/kf32a_basic_adc.o
 .text$ADC_Get_INT_Status
                0x00000000       0x4a ./system/src/kf32a_basic_adc.o
 .text          0x00000000        0x0 ./system/src/kf32a_basic_aes.o
 .data          0x00000000        0x0 ./system/src/kf32a_basic_aes.o
 .bss           0x00000000        0x0 ./system/src/kf32a_basic_aes.o
 .text$SFR_Config
                0x00000000       0x18 ./system/src/kf32a_basic_aes.o
 .text$AES_Reset
                0x00000000       0x2c ./system/src/kf32a_basic_aes.o
 .text$AES_Configuration
                0x00000000       0x58 ./system/src/kf32a_basic_aes.o
 .text$AES_Struct_Init
                0x00000000       0x2c ./system/src/kf32a_basic_aes.o
 .text$AES_KEY0_DATA
                0x00000000       0x14 ./system/src/kf32a_basic_aes.o
 .text$AES_KEY1_DATA
                0x00000000       0x14 ./system/src/kf32a_basic_aes.o
 .text$AES_KEY2_DATA
                0x00000000       0x14 ./system/src/kf32a_basic_aes.o
 .text$AES_KEY3_DATA
                0x00000000       0x14 ./system/src/kf32a_basic_aes.o
 .text$AES_INPUT0_DATA
                0x00000000       0x14 ./system/src/kf32a_basic_aes.o
 .text$AES_INPUT1_DATA
                0x00000000       0x14 ./system/src/kf32a_basic_aes.o
 .text$AES_INPUT2_DATA
                0x00000000       0x14 ./system/src/kf32a_basic_aes.o
 .text$AES_INPUT3_DATA
                0x00000000       0x14 ./system/src/kf32a_basic_aes.o
 .text$GET_AES_OUTPUT0_DATA
                0x00000000       0x14 ./system/src/kf32a_basic_aes.o
 .text$GET_AES_OUTPUT1_DATA
                0x00000000       0x14 ./system/src/kf32a_basic_aes.o
 .text$GET_AES_OUTPUT2_DATA
                0x00000000       0x14 ./system/src/kf32a_basic_aes.o
 .text$GET_AES_OUTPUT3_DATA
                0x00000000       0x14 ./system/src/kf32a_basic_aes.o
 .text$AES_Get_Flag_Status
                0x00000000       0x18 ./system/src/kf32a_basic_aes.o
 .text$AES_Start
                0x00000000       0x10 ./system/src/kf32a_basic_aes.o
 .text$AES_CLR_Flag_Status
                0x00000000       0x30 ./system/src/kf32a_basic_aes.o
 .text          0x00000000        0x0 ./system/src/kf32a_basic_atim.o
 .data          0x00000000        0x0 ./system/src/kf32a_basic_atim.o
 .bss           0x00000000        0x0 ./system/src/kf32a_basic_atim.o
 .text$SFR_Config
                0x00000000       0x18 ./system/src/kf32a_basic_atim.o
 .text$ATIM_X_Configuration
                0x00000000       0x6c ./system/src/kf32a_basic_atim.o
 .text$ATIM_Z_Configuration
                0x00000000       0x70 ./system/src/kf32a_basic_atim.o
 .text$ATIM_Struct_Init
                0x00000000       0x3c ./system/src/kf32a_basic_atim.o
 .text$ATIM_X_Cmd
                0x00000000       0x1e ./system/src/kf32a_basic_atim.o
 .text$ATIM_Z_Cmd
                0x00000000       0x1e ./system/src/kf32a_basic_atim.o
 .text$ATIM_X_Updata_Configuration
                0x00000000       0x54 ./system/src/kf32a_basic_atim.o
 .text$ATIM_Z_Updata_Configuration
                0x00000000       0x54 ./system/src/kf32a_basic_atim.o
 .text$ATIM_X_Updata_Cmd
                0x00000000       0x22 ./system/src/kf32a_basic_atim.o
 .text$ATIM_Z_Updata_Cmd
                0x00000000       0x22 ./system/src/kf32a_basic_atim.o
 .text$ATIM_X_Set_Counter
                0x00000000       0x12 ./system/src/kf32a_basic_atim.o
 .text$ATIM_Z_Set_Counter
                0x00000000       0x12 ./system/src/kf32a_basic_atim.o
 .text$ATIM_X_Set_Period
                0x00000000       0x12 ./system/src/kf32a_basic_atim.o
 .text$ATIM_Z_Set_Period
                0x00000000       0x12 ./system/src/kf32a_basic_atim.o
 .text$ATIM_X_Set_Prescaler
                0x00000000       0x12 ./system/src/kf32a_basic_atim.o
 .text$ATIM_Z_Set_Prescaler
                0x00000000       0x12 ./system/src/kf32a_basic_atim.o
 .text$ATIM_X_Counter_Mode_Config
                0x00000000       0x2c ./system/src/kf32a_basic_atim.o
 .text$ATIM_Z_Counter_Mode_Config
                0x00000000       0x2c ./system/src/kf32a_basic_atim.o
 .text$ATIM_X_Clock_Config
                0x00000000       0x2c ./system/src/kf32a_basic_atim.o
 .text$ATIM_Z_Clock_Config
                0x00000000       0x2c ./system/src/kf32a_basic_atim.o
 .text$ATIM_X_Postscaler_Config
                0x00000000       0x34 ./system/src/kf32a_basic_atim.o
 .text$ATIM_Z_Postscaler_Config
                0x00000000       0x34 ./system/src/kf32a_basic_atim.o
 .text$ATIM_X_External_Pulse_Sync_Config
                0x00000000       0x1e ./system/src/kf32a_basic_atim.o
 .text$ATIM_Z_External_Pulse_Sync_Config
                0x00000000       0x1e ./system/src/kf32a_basic_atim.o
 .text$ATIM_X_Work_Mode_Config
                0x00000000       0x1e ./system/src/kf32a_basic_atim.o
 .text$ATIM_Z_Work_Mode_Config
                0x00000000       0x1e ./system/src/kf32a_basic_atim.o
 .text$ATIM_X_Get_Direction
                0x00000000       0x1c ./system/src/kf32a_basic_atim.o
 .text$ATIM_Z_Get_Direction
                0x00000000       0x1c ./system/src/kf32a_basic_atim.o
 .text$ATIM_X_Overflow_AD_Enable
                0x00000000       0x1e ./system/src/kf32a_basic_atim.o
 .text$ATIM_Z_Overflow_AD_Enable
                0x00000000       0x1e ./system/src/kf32a_basic_atim.o
 .text$ATIM_X_Underflow_AD_Enable
                0x00000000       0x1e ./system/src/kf32a_basic_atim.o
 .text$ATIM_Z_Underflow_AD_Enable
                0x00000000       0x1e ./system/src/kf32a_basic_atim.o
 .text$ATIM_X_TriggerAD_Config
                0x00000000       0x1e ./system/src/kf32a_basic_atim.o
 .text$ATIM_Z_TriggerAD_Config
                0x00000000       0x1e ./system/src/kf32a_basic_atim.o
 .text$ATIM_X_Set_TriggerAD_Signal
                0x00000000       0x1c ./system/src/kf32a_basic_atim.o
 .text$ATIM_Z_Set_TriggerAD_Signal
                0x00000000       0x12 ./system/src/kf32a_basic_atim.o
 .text$ATIM_X_Updata_Immediately_Config
                0x00000000       0x22 ./system/src/kf32a_basic_atim.o
 .text$ATIM_Z_Updata_Immediately_Config
                0x00000000       0x22 ./system/src/kf32a_basic_atim.o
 .text$ATIM_X_Updata_Output_Ctl
                0x00000000       0x22 ./system/src/kf32a_basic_atim.o
 .text$ATIM_Z_Updata_Output_Ctl
                0x00000000       0x22 ./system/src/kf32a_basic_atim.o
 .text$ATIM_X_Updata_Enable
                0x00000000       0x22 ./system/src/kf32a_basic_atim.o
 .text$ATIM_Z_Updata_Enable
                0x00000000       0x22 ./system/src/kf32a_basic_atim.o
 .text$ATIM_X_Set_Updata_Counter
                0x00000000       0x16 ./system/src/kf32a_basic_atim.o
 .text$ATIM_Z_Set_Updata_Counter
                0x00000000       0x16 ./system/src/kf32a_basic_atim.o
 .text$ATIM_X_Slave_Mode_Config
                0x00000000       0x3c ./system/src/kf32a_basic_atim.o
 .text$ATIM_Z_Slave_Mode_Config
                0x00000000       0x3c ./system/src/kf32a_basic_atim.o
 .text$ATIM_Master_Mode_Config
                0x00000000       0x30 ./system/src/kf32a_basic_atim.o
 .text$ATIM_Master_Slave_Snyc_Enable
                0x00000000       0x22 ./system/src/kf32a_basic_atim.o
 .text$ATIM_Trigger_Select_Config
                0x00000000       0x34 ./system/src/kf32a_basic_atim.o
 .text$ATIM_Timer_Unite_Enable
                0x00000000       0x22 ./system/src/kf32a_basic_atim.o
 .text$ATIM_X_Get_Counter
                0x00000000       0x18 ./system/src/kf32a_basic_atim.o
 .text$ATIM_Z_Get_Counter
                0x00000000       0x18 ./system/src/kf32a_basic_atim.o
 .text$ATIM_X_Get_Period
                0x00000000       0x18 ./system/src/kf32a_basic_atim.o
 .text$ATIM_Z_Get_Period
                0x00000000       0x18 ./system/src/kf32a_basic_atim.o
 .text$ATIM_X_Get_Prescaler
                0x00000000       0x18 ./system/src/kf32a_basic_atim.o
 .text$ATIM_Z_Get_Prescaler
                0x00000000       0x18 ./system/src/kf32a_basic_atim.o
 .text$ATIM_X_Updata_INT_Enable
                0x00000000       0x22 ./system/src/kf32a_basic_atim.o
 .text$ATIM_Z_Updata_INT_Enable
                0x00000000       0x22 ./system/src/kf32a_basic_atim.o
 .text$ATIM_X_Overflow_INT_Enable
                0x00000000       0x22 ./system/src/kf32a_basic_atim.o
 .text$ATIM_Z_Overflow_INT_Enable
                0x00000000       0x22 ./system/src/kf32a_basic_atim.o
 .text$ATIM_X_Trigger_INT_Enable
                0x00000000       0x22 ./system/src/kf32a_basic_atim.o
 .text$ATIM_X_Updata_DMA_Enable
                0x00000000       0x22 ./system/src/kf32a_basic_atim.o
 .text$ATIM_Z_Updata_DMA_Enable
                0x00000000       0x22 ./system/src/kf32a_basic_atim.o
 .text$ATIM_X_Trigger_DMA_Enable
                0x00000000       0x22 ./system/src/kf32a_basic_atim.o
 .text$ATIM_X_Get_Updata_INT_Flag
                0x00000000       0x22 ./system/src/kf32a_basic_atim.o
 .text$ATIM_Z_Get_Updata_INT_Flag
                0x00000000       0x22 ./system/src/kf32a_basic_atim.o
 .text$ATIM_X_Get_Overflow_INT_Flag
                0x00000000       0x22 ./system/src/kf32a_basic_atim.o
 .text$ATIM_Z_Get_Overflow_INT_Flag
                0x00000000       0x22 ./system/src/kf32a_basic_atim.o
 .text$ATIM_X_Get_Trigger_INT_Flag
                0x00000000       0x22 ./system/src/kf32a_basic_atim.o
 .text$ATIM_X_Generate_Trigger_Config
                0x00000000       0x22 ./system/src/kf32a_basic_atim.o
 .text$ATIM_X_Get_Updata_DMA_INT_Flag
                0x00000000       0x20 ./system/src/kf32a_basic_atim.o
 .text$ATIM_Z_Get_Updata_DMA_INT_Flag
                0x00000000       0x20 ./system/src/kf32a_basic_atim.o
 .text$ATIM_X_Get_Trigger_DMA_INT_Flag
                0x00000000       0x20 ./system/src/kf32a_basic_atim.o
 .text$ATIM_X_Clear_Updata_INT_Flag
                0x00000000       0x2e ./system/src/kf32a_basic_atim.o
 .text$ATIM_Z_Clear_Updata_INT_Flag
                0x00000000       0x2e ./system/src/kf32a_basic_atim.o
 .text$ATIM_X_Clear_Overflow_INT_Flag
                0x00000000       0x2e ./system/src/kf32a_basic_atim.o
 .text$ATIM_Z_Clear_Overflow_INT_Flag
                0x00000000       0x2e ./system/src/kf32a_basic_atim.o
 .text$ATIM_X_Clear_Trigger_INT_Flag
                0x00000000       0x2e ./system/src/kf32a_basic_atim.o
 .text$ECCP_Compare_Configuration
                0x00000000       0x68 ./system/src/kf32a_basic_atim.o
 .text$ECCP_Capture_Configuration
                0x00000000       0x7c ./system/src/kf32a_basic_atim.o
 .text$ECCP_Capture_Struct_Init
                0x00000000       0x20 ./system/src/kf32a_basic_atim.o
 .text$ECCP_PWM_Configuration
                0x00000000      0x1a4 ./system/src/kf32a_basic_atim.o
 .text$ECCP_PWM_Struct_Init
                0x00000000       0x44 ./system/src/kf32a_basic_atim.o
 .text$ECCP_Capture_Mode_Config
                0x00000000       0x48 ./system/src/kf32a_basic_atim.o
 .text$ECCP_Compare_Mode_Config
                0x00000000       0x48 ./system/src/kf32a_basic_atim.o
 .text$ECCP_PWM_Mode_Config
                0x00000000       0x38 ./system/src/kf32a_basic_atim.o
 .text$ECCP_Get_Capture_Result
                0x00000000       0x2a ./system/src/kf32a_basic_atim.o
 .text$ECCP_Get_Compare_Result
                0x00000000       0x2a ./system/src/kf32a_basic_atim.o
 .text$ECCP_Set_Compare_Result
                0x00000000       0x2c ./system/src/kf32a_basic_atim.o
 .text$ECCP_Generate_Trigger_Config
                0x00000000       0x46 ./system/src/kf32a_basic_atim.o
 .text$ECCP_PWM_Input_Enable
                0x00000000       0x22 ./system/src/kf32a_basic_atim.o
 .text$ECCP_Input_XOR_Enable
                0x00000000       0x22 ./system/src/kf32a_basic_atim.o
 .text$ECCP_Single_Pulse_Enable
                0x00000000       0x22 ./system/src/kf32a_basic_atim.o
 .text$ECCP_Single_Pulse_Shut_Enable
                0x00000000       0x22 ./system/src/kf32a_basic_atim.o
 .text$ECCP_PWM_Restart_Enable
                0x00000000       0x22 ./system/src/kf32a_basic_atim.o
 .text$ECCP_Dead_Time_Config
                0x00000000       0x6c ./system/src/kf32a_basic_atim.o
 .text$ECCP_Channel_Output_Control
                0x00000000       0x54 ./system/src/kf32a_basic_atim.o
 .text$ECCP_Channel_Output_Mode
                0x00000000       0x48 ./system/src/kf32a_basic_atim.o
 .text$ECCP_Channel_Work_State_Config
                0x00000000       0x48 ./system/src/kf32a_basic_atim.o
 .text$ECCP_Get_Channel_Work_State
                0x00000000       0x30 ./system/src/kf32a_basic_atim.o
 .text$ECCP_CHANNEL4_Shutdown_SEL
                0x00000000       0x22 ./system/src/kf32a_basic_atim.o
 .text$ECCP_Channel_Shutdown_Signal
                0x00000000       0x48 ./system/src/kf32a_basic_atim.o
 .text$ECCP_Channel_Pin_Ctl
                0x00000000       0x54 ./system/src/kf32a_basic_atim.o
 .text$ECCP_Zero_Clock_Config
                0x00000000       0x34 ./system/src/kf32a_basic_atim.o
 .text$ECCP_Channel_Pin_Tristate_Enable
                0x00000000       0x58 ./system/src/kf32a_basic_atim.o
 .text$ECCP_Channel_INT_Enable
                0x00000000       0x46 ./system/src/kf32a_basic_atim.o
 .text$ECCP_X_Turn_off_DMA_Enable
                0x00000000       0x22 ./system/src/kf32a_basic_atim.o
 .text$ECCP_Channel_DMA_Enable
                0x00000000       0x46 ./system/src/kf32a_basic_atim.o
 .text$ECCP_Get_Channel_Trigger_INT_Flag
                0x00000000       0x2e ./system/src/kf32a_basic_atim.o
 .text$ECCP_X_Get_Turn_off_DMA_Flag
                0x00000000       0x20 ./system/src/kf32a_basic_atim.o
 .text$ECCP_Get_Trigger_DMA_INT_Flag
                0x00000000       0x2e ./system/src/kf32a_basic_atim.o
 .text$ECCP_Clear_Channel_INT_Flag
                0x00000000       0x64 ./system/src/kf32a_basic_atim.o
 .text$ECCP_PWM_Move_Phase_Enable
                0x00000000       0x22 ./system/src/kf32a_basic_atim.o
 .text$ECCP_Channel_Zero_Detect_Sequential_Ctl
                0x00000000       0x48 ./system/src/kf32a_basic_atim.o
 .text$ECCP_Get_Channel_Zero_Detection_State
                0x00000000       0x2e ./system/src/kf32a_basic_atim.o
 .text$ECCP_Clear_Channel_Zero_Detection_State
                0x00000000       0x2c ./system/src/kf32a_basic_atim.o
 .text$ECCP_Channel_Zero_Detect_Enable
                0x00000000       0x48 ./system/src/kf32a_basic_atim.o
 .text$ECCP_Channel_Zero_Voltage_Config
                0x00000000       0x50 ./system/src/kf32a_basic_atim.o
 .text          0x00000000        0x0 ./system/src/kf32a_basic_bkp.o
 .data          0x00000000        0x0 ./system/src/kf32a_basic_bkp.o
 .bss           0x00000000        0x0 ./system/src/kf32a_basic_bkp.o
 .text$SFR_Config
                0x00000000       0x18 ./system/src/kf32a_basic_bkp.o
 .text$BKP_Reset
                0x00000000       0x10 ./system/src/kf32a_basic_bkp.o
 .text$BKP_Write_And_Read_Enable
                0x00000000       0xe0 ./system/src/kf32a_basic_bkp.o
 .text$BKP_Reset_Enable
                0x00000000       0x1c ./system/src/kf32a_basic_bkp.o
 .text$BKP_Pin_Effective_Level_Config
                0x00000000       0x40 ./system/src/kf32a_basic_bkp.o
 .text$BKP_Pin_Enable
                0x00000000       0x40 ./system/src/kf32a_basic_bkp.o
 .text$BKP_RTC_Clock_Config
                0x00000000       0x30 ./system/src/kf32a_basic_bkp.o
 .text$BKP_External_Clock_Bypass_Enable
                0x00000000       0x3c ./system/src/kf32a_basic_bkp.o
 .text$BKP_Data_Config
                0x00000000       0x1c ./system/src/kf32a_basic_bkp.o
 .text$BKP_Get_Data
                0x00000000       0x24 ./system/src/kf32a_basic_bkp.o
 .text$BKP_Pin_TAMP_INT_Enable
                0x00000000       0x40 ./system/src/kf32a_basic_bkp.o
 .text$BKP_Get_Pin_TAMP_INT_Flag
                0x00000000       0x30 ./system/src/kf32a_basic_bkp.o
 .text$BKP_Clear_Pin_TAMP_INT_Flag
                0x00000000       0x54 ./system/src/kf32a_basic_bkp.o
 .data$static$pmwrenbkp.1929
                0x00000000        0x4 ./system/src/kf32a_basic_bkp.o
 .data$static$bkpregclrbkp.1930
                0x00000000        0x4 ./system/src/kf32a_basic_bkp.o
 .data$static$bkpwrbkp.1931
                0x00000000        0x4 ./system/src/kf32a_basic_bkp.o
 .text          0x00000000        0x0 ./system/src/kf32a_basic_btim.o
 .data          0x00000000        0x0 ./system/src/kf32a_basic_btim.o
 .bss           0x00000000        0x0 ./system/src/kf32a_basic_btim.o
 .text$SFR_Config
                0x00000000       0x18 ./system/src/kf32a_basic_btim.o
 .text$BTIM_Configuration
                0x00000000       0x98 ./system/src/kf32a_basic_btim.o
 .text$BTIM_Struct_Init
                0x00000000       0x48 ./system/src/kf32a_basic_btim.o
 .text$BTIM_Cmd
                0x00000000       0x1e ./system/src/kf32a_basic_btim.o
 .text$BTIM_Set_Counter
                0x00000000       0x12 ./system/src/kf32a_basic_btim.o
 .text$BTIM_Set_Period
                0x00000000       0x12 ./system/src/kf32a_basic_btim.o
 .text$BTIM_Set_Prescaler
                0x00000000       0x12 ./system/src/kf32a_basic_btim.o
 .text$BTIM_Counter_Mode_Config
                0x00000000       0x2c ./system/src/kf32a_basic_btim.o
 .text$BTIM_Clock_Config
                0x00000000       0x28 ./system/src/kf32a_basic_btim.o
 .text$BTIM_External_Pulse_Sync_Config
                0x00000000       0x1e ./system/src/kf32a_basic_btim.o
 .text$BTIM_Work_Mode_Config
                0x00000000       0x1e ./system/src/kf32a_basic_btim.o
 .text$BTIM_Generate_Trigger_Config
                0x00000000       0x1e ./system/src/kf32a_basic_btim.o
 .text$BTIM_Single_Pulse_Enable
                0x00000000       0x1e ./system/src/kf32a_basic_btim.o
 .text$BTIM_Single_Pulse_Shut_Enable
                0x00000000       0x1e ./system/src/kf32a_basic_btim.o
 .text$BTIM_Updata_Immediately_Config
                0x00000000       0x1e ./system/src/kf32a_basic_btim.o
 .text$BTIM_Master_Slave_Snyc_Config
                0x00000000       0x1e ./system/src/kf32a_basic_btim.o
 .text$BTIM_Trigger_Select_Config
                0x00000000       0x2c ./system/src/kf32a_basic_btim.o
 .text$BTIM_Slave_Mode_Config
                0x00000000       0x28 ./system/src/kf32a_basic_btim.o
 .text$BTIM_Master_Mode_Config
                0x00000000       0x28 ./system/src/kf32a_basic_btim.o
 .text$BTIM_Updata_Rising_Edge_Config
                0x00000000       0x1e ./system/src/kf32a_basic_btim.o
 .text$BTIM_Updata_Enable
                0x00000000       0x1e ./system/src/kf32a_basic_btim.o
 .text$BTIM_Get_Direction
                0x00000000       0x1c ./system/src/kf32a_basic_btim.o
 .text$BTIM_Get_Counter
                0x00000000       0x10 ./system/src/kf32a_basic_btim.o
 .text$BTIM_Get_Period
                0x00000000       0x10 ./system/src/kf32a_basic_btim.o
 .text$BTIM_Get_Prescaler
                0x00000000       0x10 ./system/src/kf32a_basic_btim.o
 .text$BTIM_Trigger_DMA_Enable
                0x00000000       0x1e ./system/src/kf32a_basic_btim.o
 .text$BTIM_Updata_DMA_Enable
                0x00000000       0x1e ./system/src/kf32a_basic_btim.o
 .text$BTIM_Overflow_INT_Enable
                0x00000000       0x1e ./system/src/kf32a_basic_btim.o
 .text$BTIM_Trigger_INT_Enable
                0x00000000       0x1e ./system/src/kf32a_basic_btim.o
 .text$BTIM_Updata_INT_Enable
                0x00000000       0x1e ./system/src/kf32a_basic_btim.o
 .text$BTIM_Get_Trigger_DMA_INT_Status
                0x00000000       0x1c ./system/src/kf32a_basic_btim.o
 .text$BTIM_Get_Updata_DMA_INT_Status
                0x00000000       0x1c ./system/src/kf32a_basic_btim.o
 .text$BTIM_Get_Overflow_INT_Status
                0x00000000       0x1c ./system/src/kf32a_basic_btim.o
 .text$BTIM_Get_Trigger_INT_Status
                0x00000000       0x1c ./system/src/kf32a_basic_btim.o
 .text$BTIM_Get_Updata_INT_Status
                0x00000000       0x1c ./system/src/kf32a_basic_btim.o
 .text$BTIM_Get_Trigger_DMA_INT_Flag
                0x00000000       0x1c ./system/src/kf32a_basic_btim.o
 .text$BTIM_Get_Updata_DMA_INT_Flag
                0x00000000       0x1c ./system/src/kf32a_basic_btim.o
 .text$BTIM_Get_Overflow_INT_Flag
                0x00000000       0x1c ./system/src/kf32a_basic_btim.o
 .text$BTIM_Get_Trigger_INT_Flag
                0x00000000       0x1c ./system/src/kf32a_basic_btim.o
 .text$BTIM_Get_Updata_INT_Flag
                0x00000000       0x1c ./system/src/kf32a_basic_btim.o
 .text$BTIM_Clear_Overflow_INT_Flag
                0x00000000       0x24 ./system/src/kf32a_basic_btim.o
 .text$BTIM_Clear_Trigger_INT_Flag
                0x00000000       0x24 ./system/src/kf32a_basic_btim.o
 .text$BTIM_Clear_Updata_INT_Flag
                0x00000000       0x22 ./system/src/kf32a_basic_btim.o
 .text          0x00000000        0x0 ./system/src/kf32a_basic_can.o
 .data          0x00000000        0x0 ./system/src/kf32a_basic_can.o
 .bss           0x00000000        0x0 ./system/src/kf32a_basic_can.o
 .text$CAN_Struct_Init
                0x00000000       0x44 ./system/src/kf32a_basic_can.o
 .text$CAN_Get_Receive_Message_Counter
                0x00000000       0x28 ./system/src/kf32a_basic_can.o
 .text$CAN_Cmd  0x00000000       0x1a ./system/src/kf32a_basic_can.o
 .text$CAN_Clock_Source_Config
                0x00000000       0x28 ./system/src/kf32a_basic_can.o
 .text$CAN_Sleep_Mode_Enable
                0x00000000       0x1a ./system/src/kf32a_basic_can.o
 .text$CAN_Work_Mode_Config
                0x00000000       0x28 ./system/src/kf32a_basic_can.o
 .text$CAN_Bus_Sample_Times_Config
                0x00000000       0x1e ./system/src/kf32a_basic_can.o
 .text$CAN_Time_Segment_Config
                0x00000000       0x40 ./system/src/kf32a_basic_can.o
 .text$CAN_Sync_Jump_Width_Config
                0x00000000       0x34 ./system/src/kf32a_basic_can.o
 .text$CAN_Baud_Rate_Preset_Config
                0x00000000       0x30 ./system/src/kf32a_basic_can.o
 .text$CAN_Get_Error_Code
                0x00000000       0x74 ./system/src/kf32a_basic_can.o
 .text$CAN_Get_Error_Warning_Limit
                0x00000000       0x18 ./system/src/kf32a_basic_can.o
 .text$CAN_Get_Error_Counter
                0x00000000       0x3c ./system/src/kf32a_basic_can.o
 .text$CAN_Error_Warning_Limit_Config
                0x00000000       0x38 ./system/src/kf32a_basic_can.o
 .text$CAN_Error_Counter_Config
                0x00000000       0x54 ./system/src/kf32a_basic_can.o
 .text$CAN_Acceptance_Config
                0x00000000       0x10 ./system/src/kf32a_basic_can.o
 .text$CAN_Get_Acceptance
                0x00000000       0x16 ./system/src/kf32a_basic_can.o
 .text$CAN_Acceptance_Mask_Config
                0x00000000       0x10 ./system/src/kf32a_basic_can.o
 .text$CAN_Get_Acceptance_Mask
                0x00000000       0x16 ./system/src/kf32a_basic_can.o
 .text$CAN_Message_Struct_Init
                0x00000000       0x4a ./system/src/kf32a_basic_can.o
 .text$CAN_Clear_Buffer_Overflow_Flag
                0x00000000       0x3c ./system/src/kf32a_basic_can.o
 .text$CAN_Transmit_Single
                0x00000000       0x24 ./system/src/kf32a_basic_can.o
 .text$CAN_Transmit_Repeat
                0x00000000       0x2a ./system/src/kf32a_basic_can.o
 .text$CAN_Frame_Format_Config
                0x00000000       0x1e ./system/src/kf32a_basic_can.o
 .text$CAN_Remote_Request_Config
                0x00000000       0x1e ./system/src/kf32a_basic_can.o
 .text$CAN_Data_Length_Config
                0x00000000       0x30 ./system/src/kf32a_basic_can.o
 .text$CAN_Identification_Code_Config
                0x00000000       0x58 ./system/src/kf32a_basic_can.o
 .text          0x00000000        0x0 ./system/src/kf32a_basic_cfgl.o
 .data          0x00000000        0x0 ./system/src/kf32a_basic_cfgl.o
 .bss           0x00000000        0x0 ./system/src/kf32a_basic_cfgl.o
 .text$SFR_Config
                0x00000000       0x18 ./system/src/kf32a_basic_cfgl.o
 .text$CFGL_Reset
                0x00000000       0x2c ./system/src/kf32a_basic_cfgl.o
 .text$CFGL_Configuration
                0x00000000      0x1e4 ./system/src/kf32a_basic_cfgl.o
 .text$CFGL_Struct_Init
                0x00000000      0x174 ./system/src/kf32a_basic_cfgl.o
 .text$CFGL2_OUT_SYNCHRO_Enable
                0x00000000       0x1c ./system/src/kf32a_basic_cfgl.o
 .text$CFGL1_OUT_SYNCHRO_Enable
                0x00000000       0x1c ./system/src/kf32a_basic_cfgl.o
 .text$CFGL2_FALLINT_Enable
                0x00000000       0x28 ./system/src/kf32a_basic_cfgl.o
 .text$CFGL2_RISEINT_Enable
                0x00000000       0x28 ./system/src/kf32a_basic_cfgl.o
 .text$CFGL1_FALLINT_Enable
                0x00000000       0x28 ./system/src/kf32a_basic_cfgl.o
 .text$CFGL1_RISEINT_Enable
                0x00000000       0x28 ./system/src/kf32a_basic_cfgl.o
 .text$CFGL1_Get_INT_Flag
                0x00000000       0x1c ./system/src/kf32a_basic_cfgl.o
 .text$CFGL2_Get_INT_Flag
                0x00000000       0x1c ./system/src/kf32a_basic_cfgl.o
 .text$CFGL1_Clear_RISEINT_Flag
                0x00000000       0x24 ./system/src/kf32a_basic_cfgl.o
 .text$CFGL1_Clear_FALLINT_Flag
                0x00000000       0x24 ./system/src/kf32a_basic_cfgl.o
 .text$CFGL1_Clear_RISEFALLINT_Flag
                0x00000000       0x2c ./system/src/kf32a_basic_cfgl.o
 .text$CFGL2_Clear_RISEINT_Flag
                0x00000000       0x20 ./system/src/kf32a_basic_cfgl.o
 .text$CFGL2_Clear_RISEFALLINT_Flag
                0x00000000       0x28 ./system/src/kf32a_basic_cfgl.o
 .text$CFGL2_Clear_FALLINT_Flag
                0x00000000       0x20 ./system/src/kf32a_basic_cfgl.o
 .text$CFGL2_OUT_STATE
                0x00000000       0x1c ./system/src/kf32a_basic_cfgl.o
 .text$CFGL1_OUT_STATE
                0x00000000       0x1c ./system/src/kf32a_basic_cfgl.o
 .text          0x00000000        0x0 ./system/src/kf32a_basic_cmp.o
 .data          0x00000000        0x0 ./system/src/kf32a_basic_cmp.o
 .bss           0x00000000        0x0 ./system/src/kf32a_basic_cmp.o
 .text$SFR_Config
                0x00000000       0x18 ./system/src/kf32a_basic_cmp.o
 .text$CMP_Reset
                0x00000000       0x2c ./system/src/kf32a_basic_cmp.o
 .text$CMP_Configuration
                0x00000000      0x208 ./system/src/kf32a_basic_cmp.o
 .text$CMP_Struct_Init
                0x00000000       0x4a ./system/src/kf32a_basic_cmp.o
 .text$CMP0_POSITIVE_INPUT_SELECT
                0x00000000       0x30 ./system/src/kf32a_basic_cmp.o
 .text$CMP0_NEGATIVE_INPUT_SELECT
                0x00000000       0x30 ./system/src/kf32a_basic_cmp.o
 .text$CMP1_POSITIVE_INPUT_SELECT
                0x00000000       0x30 ./system/src/kf32a_basic_cmp.o
 .text$CMP1_NEGATIVE_INPUT_SELECT
                0x00000000       0x30 ./system/src/kf32a_basic_cmp.o
 .text$CMP2_POSITIVE_INPUT_SELECT
                0x00000000       0x30 ./system/src/kf32a_basic_cmp.o
 .text$CMP2_NEGATIVE_INPUT_SELECT
                0x00000000       0x30 ./system/src/kf32a_basic_cmp.o
 .text$CMP3_POSITIVE_INPUT_SELECT
                0x00000000       0x44 ./system/src/kf32a_basic_cmp.o
 .text$CMP3_NEGATIVE_INPUT_SELECT
                0x00000000       0x30 ./system/src/kf32a_basic_cmp.o
 .text$CMP0_OUTPUT_POL_SELECT
                0x00000000       0x30 ./system/src/kf32a_basic_cmp.o
 .text$CMP1_OUTPUT_POL_SELECT
                0x00000000       0x30 ./system/src/kf32a_basic_cmp.o
 .text$CMP2_OUTPUT_POL_SELECT
                0x00000000       0x30 ./system/src/kf32a_basic_cmp.o
 .text$CMP3_OUTPUT_POL_SELECT
                0x00000000       0x30 ./system/src/kf32a_basic_cmp.o
 .text$CMP_OUTPUT_SELECT
                0x00000000       0x30 ./system/src/kf32a_basic_cmp.o
 .text$CMP0_Cmd
                0x00000000       0x1c ./system/src/kf32a_basic_cmp.o
 .text$CMP1_Cmd
                0x00000000       0x1c ./system/src/kf32a_basic_cmp.o
 .text$CMP2_Cmd
                0x00000000       0x1c ./system/src/kf32a_basic_cmp.o
 .text$CMP3_Cmd
                0x00000000       0x1c ./system/src/kf32a_basic_cmp.o
 .text$CMP0_Read_Output_State
                0x00000000       0x1c ./system/src/kf32a_basic_cmp.o
 .text$CMP1_Read_Output_State
                0x00000000       0x1c ./system/src/kf32a_basic_cmp.o
 .text$CMP2_Read_Output_State
                0x00000000       0x1c ./system/src/kf32a_basic_cmp.o
 .text$CMP3_Read_Output_State
                0x00000000       0x18 ./system/src/kf32a_basic_cmp.o
 .text$CMP0_Get_Updata_INT_Flag
                0x00000000       0x1c ./system/src/kf32a_basic_cmp.o
 .text$CMP1_Get_Updata_INT_Flag
                0x00000000       0x1c ./system/src/kf32a_basic_cmp.o
 .text$CMP2_Get_Updata_INT_Flag
                0x00000000       0x1c ./system/src/kf32a_basic_cmp.o
 .text$CMP3_Get_Updata_INT_Flag
                0x00000000       0x1c ./system/src/kf32a_basic_cmp.o
 .text$CMP_Trigger_Select_Config
                0x00000000       0x30 ./system/src/kf32a_basic_cmp.o
 .text$CMP0_Clear_Trigger_INT_Flag
                0x00000000       0x20 ./system/src/kf32a_basic_cmp.o
 .text$CMP1_Clear_Trigger_INT_Flag
                0x00000000       0x20 ./system/src/kf32a_basic_cmp.o
 .text$CMP2_Clear_Trigger_INT_Flag
                0x00000000       0x20 ./system/src/kf32a_basic_cmp.o
 .text$CMP3_Clear_Trigger_INT_Flag
                0x00000000       0x20 ./system/src/kf32a_basic_cmp.o
 .text$CMP0_INT_Enable
                0x00000000       0x1c ./system/src/kf32a_basic_cmp.o
 .text$CMP1_INT_Enable
                0x00000000       0x1c ./system/src/kf32a_basic_cmp.o
 .text$CMP2_INT_Enable
                0x00000000       0x1c ./system/src/kf32a_basic_cmp.o
 .text$CMP3_INT_Enable
                0x00000000       0x1c ./system/src/kf32a_basic_cmp.o
 .text$CMP_SluggishVoltage_Select
                0x00000000       0x30 ./system/src/kf32a_basic_cmp.o
 .text$CMP_HALLMODE_Select
                0x00000000       0x30 ./system/src/kf32a_basic_cmp.o
 .text$CMP_BEMF_Enable
                0x00000000       0x1c ./system/src/kf32a_basic_cmp.o
 .text$CMP_FLTINSEL_Select
                0x00000000       0x30 ./system/src/kf32a_basic_cmp.o
 .text          0x00000000        0x0 ./system/src/kf32a_basic_crc.o
 .data          0x00000000        0x0 ./system/src/kf32a_basic_crc.o
 .bss           0x00000000        0x0 ./system/src/kf32a_basic_crc.o
 .text$SFR_Config
                0x00000000       0x18 ./system/src/kf32a_basic_crc.o
 .text$CRC_Reset
                0x00000000       0x2c ./system/src/kf32a_basic_crc.o
 .text$CRC_Configuration
                0x00000000       0x4c ./system/src/kf32a_basic_crc.o
 .text$CRC_Struct_Init
                0x00000000       0x20 ./system/src/kf32a_basic_crc.o
 .text$CRC_INPUT_DATA
                0x00000000       0x14 ./system/src/kf32a_basic_crc.o
 .text$CRC_GET_RESULT
                0x00000000       0x14 ./system/src/kf32a_basic_crc.o
 .text$CRC_SET_INITVALUE
                0x00000000       0x14 ./system/src/kf32a_basic_crc.o
 .text$CRC_SET_PLN
                0x00000000       0x14 ./system/src/kf32a_basic_crc.o
 .text$CRC_SET_RXOR
                0x00000000       0x14 ./system/src/kf32a_basic_crc.o
 .text$CRC_SET_IDATA
                0x00000000       0x14 ./system/src/kf32a_basic_crc.o
 .text$CRC_GET_TEMP
                0x00000000       0x14 ./system/src/kf32a_basic_crc.o
 .text$CRC_SET_RSET
                0x00000000       0x10 ./system/src/kf32a_basic_crc.o
 .text          0x00000000        0x0 ./system/src/kf32a_basic_dac.o
 .data          0x00000000        0x0 ./system/src/kf32a_basic_dac.o
 .bss           0x00000000        0x0 ./system/src/kf32a_basic_dac.o
 .text$SFR_Config
                0x00000000       0x18 ./system/src/kf32a_basic_dac.o
 .text$DAC_Reset
                0x00000000       0x68 ./system/src/kf32a_basic_dac.o
 .text$DAC_Configuration
                0x00000000       0xa8 ./system/src/kf32a_basic_dac.o
 .text$DAC_Struct_Init
                0x00000000       0x4a ./system/src/kf32a_basic_dac.o
 .text$DAC_Cmd  0x00000000       0x1a ./system/src/kf32a_basic_dac.o
 .text$DAC_Software_Trigger_Cmd
                0x00000000       0x1a ./system/src/kf32a_basic_dac.o
 .text$DAC_DMA_Cmd
                0x00000000       0x1a ./system/src/kf32a_basic_dac.o
 .text$DAC_Output_Buffer_Config
                0x00000000       0x1e ./system/src/kf32a_basic_dac.o
 .text$DAC_Output_Port_Config
                0x00000000       0x1e ./system/src/kf32a_basic_dac.o
 .text$DAC_Write_Output_Data
                0x00000000       0x10 ./system/src/kf32a_basic_dac.o
 .text$DAC_Read_Output_Data
                0x00000000       0x18 ./system/src/kf32a_basic_dac.o
 .text$DAC_Calibration_Config
                0x00000000       0x58 ./system/src/kf32a_basic_dac.o
 .text$DAC_Calibration_Struct_Init
                0x00000000       0x26 ./system/src/kf32a_basic_dac.o
 .text          0x00000000        0x0 ./system/src/kf32a_basic_dma.o
 .data          0x00000000        0x0 ./system/src/kf32a_basic_dma.o
 .bss           0x00000000        0x0 ./system/src/kf32a_basic_dma.o
 .text$SFR_Config
                0x00000000       0x18 ./system/src/kf32a_basic_dma.o
 .text$DMA_Reset
                0x00000000       0x68 ./system/src/kf32a_basic_dma.o
 .text$DMA_Configuration
                0x00000000       0xa8 ./system/src/kf32a_basic_dma.o
 .text$DMA_Struct_Init
                0x00000000       0x50 ./system/src/kf32a_basic_dma.o
 .text$DMA_Transfer_Number_Config
                0x00000000       0x44 ./system/src/kf32a_basic_dma.o
 .text$DMA_Memory_To_Memory_Enable
                0x00000000       0x2c ./system/src/kf32a_basic_dma.o
 .text$DMA_Channel_Priority_Config
                0x00000000       0x44 ./system/src/kf32a_basic_dma.o
 .text$DMA_Peripheral_Data_Width_Config
                0x00000000       0x44 ./system/src/kf32a_basic_dma.o
 .text$DMA_Memory_Data_Width_Config
                0x00000000       0x44 ./system/src/kf32a_basic_dma.o
 .text$DMA_Peripheral_addr_increase_Enable
                0x00000000       0x2c ./system/src/kf32a_basic_dma.o
 .text$DMA_Memory_addr_increase_Enable
                0x00000000       0x2c ./system/src/kf32a_basic_dma.o
 .text$DMA_Loop_Mode_Enable
                0x00000000       0x2c ./system/src/kf32a_basic_dma.o
 .text$DMA_Transfer_Direction_Config
                0x00000000       0x2c ./system/src/kf32a_basic_dma.o
 .text$DMA_Transfer_Mode_Config
                0x00000000       0x2c ./system/src/kf32a_basic_dma.o
 .text$DMA_Oneshot_Enable
                0x00000000       0x2c ./system/src/kf32a_basic_dma.o
 .text$DMA_Channel_Enable
                0x00000000       0x2c ./system/src/kf32a_basic_dma.o
 .text$DMA_Peripheral_Start_Address_Config
                0x00000000       0x1a ./system/src/kf32a_basic_dma.o
 .text$DMA_Memory_Start_Address_Config
                0x00000000       0x1a ./system/src/kf32a_basic_dma.o
 .text$DMA_Get_Peripheral_Current_Address
                0x00000000       0x20 ./system/src/kf32a_basic_dma.o
 .text$DMA_Get_Memory_Current_Address
                0x00000000       0x20 ./system/src/kf32a_basic_dma.o
 .text$DMA_Get_Transfer_Number_Remain
                0x00000000       0x30 ./system/src/kf32a_basic_dma.o
 .text$DMA_Get_INT_Flag
                0x00000000       0x36 ./system/src/kf32a_basic_dma.o
 .text$DMA_Clear_INT_Flag
                0x00000000       0x34 ./system/src/kf32a_basic_dma.o
 .text$DMA_Set_INT_Enable
                0x00000000       0x52 ./system/src/kf32a_basic_dma.o
 .text$DMA_Get_Error_Transfer_INT_Flag
                0x00000000       0x34 ./system/src/kf32a_basic_dma.o
 .text$DMA_Get_Half_Transfer_INT_Flag
                0x00000000       0x34 ./system/src/kf32a_basic_dma.o
 .text$DMA_Get_Finish_Transfer_INT_Flag
                0x00000000       0x34 ./system/src/kf32a_basic_dma.o
 .text$DMA_Error_Transfer_INT_Enable
                0x00000000       0x50 ./system/src/kf32a_basic_dma.o
 .text$DMA_Half_Transfer_INT_Enable
                0x00000000       0x50 ./system/src/kf32a_basic_dma.o
 .text$DMA_Finish_Transfer_INT_Enable
                0x00000000       0x50 ./system/src/kf32a_basic_dma.o
 .text          0x00000000        0x0 ./system/src/kf32a_basic_exic.o
 .data          0x00000000        0x0 ./system/src/kf32a_basic_exic.o
 .bss           0x00000000        0x0 ./system/src/kf32a_basic_exic.o
 .text$SFR_Config
                0x00000000       0x18 ./system/src/kf32a_basic_exic.o
 .text$EXIC_Reset
                0x00000000       0x2c ./system/src/kf32a_basic_exic.o
 .text$EXIC_Configuration
                0x00000000       0xc4 ./system/src/kf32a_basic_exic.o
 .text$EXIC_Struct_Init
                0x00000000       0x66 ./system/src/kf32a_basic_exic.o
 .text$EXIC_Get_Write_Finish_INT_Flag
                0x00000000       0x1c ./system/src/kf32a_basic_exic.o
 .text$EXIC_Clear_Write_Finish_INT_Flag
                0x00000000       0x20 ./system/src/kf32a_basic_exic.o
 .text$EXIC_Get_Read_Finish_INT_Flag
                0x00000000       0x1c ./system/src/kf32a_basic_exic.o
 .text$EXIC_Clear_Read_Finish_INT_Flag
                0x00000000       0x20 ./system/src/kf32a_basic_exic.o
 .text$EXIC_Write_Buff
                0x00000000       0x14 ./system/src/kf32a_basic_exic.o
 .text$EXIC_Read_Buff
                0x00000000        0xc ./system/src/kf32a_basic_exic.o
 .text          0x00000000        0x0 ./system/src/kf32a_basic_flash.o
 .data          0x00000000        0x0 ./system/src/kf32a_basic_flash.o
 .bss           0x00000000        0x0 ./system/src/kf32a_basic_flash.o
 .indata$FLASH_Get_NonVolatile_Memory_Unlock_Status_RAM
                0x00000000       0x1c ./system/src/kf32a_basic_flash.o
 .text$FLASH_Unlock_ISP
                0x00000000       0x1c ./system/src/kf32a_basic_flash.o
 .indata$FLASH_Get_Flash_Unlock_Status_RAM
                0x00000000       0x1c ./system/src/kf32a_basic_flash.o
 .text$FLASH_Unlock_Code
                0x00000000       0x1c ./system/src/kf32a_basic_flash.o
 .indata$FLASH_Get_Config_Unlock_Status_RAM
                0x00000000       0x1c ./system/src/kf32a_basic_flash.o
 .text$FLASH_Unlock_User_Config
                0x00000000       0x1c ./system/src/kf32a_basic_flash.o
 .text$FLASH_Zone_Config
                0x00000000       0x1c ./system/src/kf32a_basic_flash.o
 .indata$FLASH_Standby_Mode_Config_RAM
                0x00000000       0x68 ./system/src/kf32a_basic_flash.o
 .indata$FLASH_Read_Mode_Config_RAM
                0x00000000       0x3c ./system/src/kf32a_basic_flash.o
 .indata$FLASH_Calibration_Updata_Enable_RAM
                0x00000000       0x60 ./system/src/kf32a_basic_flash.o
 .indata$FLASH_Information_Zone_Wipe_Unlock_Config_RAM
                0x00000000       0x60 ./system/src/kf32a_basic_flash.o
 .indata$FLASH_Half_Page_Write_Size_Config_RAM
                0x00000000       0x54 ./system/src/kf32a_basic_flash.o
 .indata$FLASH_Program_Cmd_Config_RAM
                0x00000000       0x58 ./system/src/kf32a_basic_flash.o
 .text$FLASH_Executive_Cmd
                0x00000000       0x3c ./system/src/kf32a_basic_flash.o
 .indata$FLASH_NonVolatile_Memory_ECC_Enable_RAM
                0x00000000       0x3c ./system/src/kf32a_basic_flash.o
 .indata$FLASH_Linear_Prefetch_Enable_RAM
                0x00000000       0x3c ./system/src/kf32a_basic_flash.o
 .indata$FLASH_Period_Number_Config_RAM
                0x00000000       0x54 ./system/src/kf32a_basic_flash.o
 .indata$FLASH_Program_Addr_Config_RAM
                0x00000000       0x54 ./system/src/kf32a_basic_flash.o
 .text$FLASH_Get_Program_Status
                0x00000000       0x1c ./system/src/kf32a_basic_flash.o
 .text$FLASH_Get_Wipe_Status
                0x00000000       0x1c ./system/src/kf32a_basic_flash.o
 .indata$FLASH_Get_Compute_Complete_Status_RAM
                0x00000000       0x1c ./system/src/kf32a_basic_flash.o
 .indata$FLASH_Clear_Compute_Complete_Status_RAM
                0x00000000       0x20 ./system/src/kf32a_basic_flash.o
 .indata$FLASH_Get_CFG_Error_Flag_RAM
                0x00000000       0x1c ./system/src/kf32a_basic_flash.o
 .indata$FLASH_Clear_CFG_Error_Flag_RAM
                0x00000000       0x1c ./system/src/kf32a_basic_flash.o
 .indata$FLASH_CheckSum_Addr_Config_RAM
                0x00000000       0x50 ./system/src/kf32a_basic_flash.o
 .indata$FLASH_Start_SIG_Compute_Enable_RAM
                0x00000000       0x3c ./system/src/kf32a_basic_flash.o
 .indata$FLASH_Get_CheckSum_Result_RAM
                0x00000000       0x40 ./system/src/kf32a_basic_flash.o
 .text$FLASH_Wipe_Configuration
                0x00000000       0xac ./system/src/kf32a_basic_flash.o
 .text$FLASH_Program_Configuration
                0x00000000      0x154 ./system/src/kf32a_basic_flash.o
 .text$Read_Flash_or_CFR
                0x00000000       0x78 ./system/src/kf32a_basic_flash.o
 .text$Read_Soft_Device_ID1
                0x00000000       0x20 ./system/src/kf32a_basic_flash.o
 .text$Read_Soft_Device_ID2
                0x00000000       0x20 ./system/src/kf32a_basic_flash.o
 .text$Read_Soft_Device_ID3
                0x00000000       0x20 ./system/src/kf32a_basic_flash.o
 .text$Read_Soft_Device_ID4
                0x00000000       0x20 ./system/src/kf32a_basic_flash.o
 .text          0x00000000        0x0 ./system/src/kf32a_basic_gpio.o
 .data          0x00000000        0x0 ./system/src/kf32a_basic_gpio.o
 .bss           0x00000000        0x0 ./system/src/kf32a_basic_gpio.o
 .text$GPIO_Reset
                0x00000000      0x144 ./system/src/kf32a_basic_gpio.o
 .text$GPIO_Pull_Up_Enable
                0x00000000       0x30 ./system/src/kf32a_basic_gpio.o
 .text$GPIO_Toggle_Pull_Up_Config
                0x00000000       0x18 ./system/src/kf32a_basic_gpio.o
 .text$GPIO_Pull_Down_Enable
                0x00000000       0x30 ./system/src/kf32a_basic_gpio.o
 .text$GPIO_Toggle_Pull_Down_Config
                0x00000000       0x18 ./system/src/kf32a_basic_gpio.o
 .text$GPIO_Open_Drain_Enable
                0x00000000       0x30 ./system/src/kf32a_basic_gpio.o
 .text$GPIO_Toggle_Open_Drain_Config
                0x00000000       0x18 ./system/src/kf32a_basic_gpio.o
 .text$GPIO_Speed_Config
                0x00000000       0x5a ./system/src/kf32a_basic_gpio.o
 .text$GPIO_Toggle_Speed_Config
                0x00000000       0x4a ./system/src/kf32a_basic_gpio.o
 .text$GPIO_Read_Input_Data
                0x00000000       0x18 ./system/src/kf32a_basic_gpio.o
 .text$GPIO_Read_Output_Data
                0x00000000       0x18 ./system/src/kf32a_basic_gpio.o
 .text          0x00000000        0x0 ./system/src/kf32a_basic_gptim.o
 .data          0x00000000        0x0 ./system/src/kf32a_basic_gptim.o
 .bss           0x00000000        0x0 ./system/src/kf32a_basic_gptim.o
 .text$GPTIM_Configuration
                0x00000000       0xd0 ./system/src/kf32a_basic_gptim.o
 .text$GPTIM_Struct_Init
                0x00000000       0x48 ./system/src/kf32a_basic_gptim.o
 .text$GPTIM_External_Pulse_Sync_Config
                0x00000000       0x1e ./system/src/kf32a_basic_gptim.o
 .text$GPTIM_Master_Slave_Snyc_Config
                0x00000000       0x1e ./system/src/kf32a_basic_gptim.o
 .text$GPTIM_Trigger_Select_Config
                0x00000000       0x2c ./system/src/kf32a_basic_gptim.o
 .text$GPTIM_Slave_Mode_Config
                0x00000000       0x28 ./system/src/kf32a_basic_gptim.o
 .text$GPTIM_Master_Mode_Config
                0x00000000       0x28 ./system/src/kf32a_basic_gptim.o
 .text$GPTIM_Updata_Rising_Edge_Config
                0x00000000       0x1e ./system/src/kf32a_basic_gptim.o
 .text$GPTIM_Trigger_DMA_Enable
                0x00000000       0x1e ./system/src/kf32a_basic_gptim.o
 .text$GPTIM_Updata_DMA_Enable
                0x00000000       0x1e ./system/src/kf32a_basic_gptim.o
 .text$GPTIM_Updata_INT_Enable
                0x00000000       0x1e ./system/src/kf32a_basic_gptim.o
 .text$GPTIM_Trigger_INT_Enable
                0x00000000       0x1e ./system/src/kf32a_basic_gptim.o
 .text$GPTIM_Generate_Trigger_Config
                0x00000000       0x1e ./system/src/kf32a_basic_gptim.o
 .text$GPTIM_Get_Direction
                0x00000000       0x1c ./system/src/kf32a_basic_gptim.o
 .text$GPTIM_Get_Counter
                0x00000000       0x38 ./system/src/kf32a_basic_gptim.o
 .text$GPTIM_Get_Period
                0x00000000       0x38 ./system/src/kf32a_basic_gptim.o
 .text$GPTIM_Get_Prescaler
                0x00000000       0x38 ./system/src/kf32a_basic_gptim.o
 .text$GPTIM_Clear_Trigger_INT_Flag
                0x00000000       0x26 ./system/src/kf32a_basic_gptim.o
 .text$GPTIM_Get_Overflow_INT_Flag
                0x00000000       0x1e ./system/src/kf32a_basic_gptim.o
 .text$GPTIM_Get_Updata_INT_Flag
                0x00000000       0x1e ./system/src/kf32a_basic_gptim.o
 .text$GPTIM_Get_Trigger_INT_Flag
                0x00000000       0x1e ./system/src/kf32a_basic_gptim.o
 .text$GPTIM_Get_Updata_DMA_INT_Flag
                0x00000000       0x1c ./system/src/kf32a_basic_gptim.o
 .text$GPTIM_Get_Trigger_DMA_INT_Flag
                0x00000000       0x1c ./system/src/kf32a_basic_gptim.o
 .text$CCP_Compare_Configuration
                0x00000000       0x84 ./system/src/kf32a_basic_gptim.o
 .text$CCP_Compare_Struct_Init
                0x00000000       0x1a ./system/src/kf32a_basic_gptim.o
 .text$CCP_Capture_Configuration
                0x00000000       0x8c ./system/src/kf32a_basic_gptim.o
 .text$CCP_Capture_Struct_Init
                0x00000000       0x26 ./system/src/kf32a_basic_gptim.o
 .text$CCP_PWM_Configuration
                0x00000000       0xd8 ./system/src/kf32a_basic_gptim.o
 .text$CCP_PWM_Struct_Init
                0x00000000       0x2c ./system/src/kf32a_basic_gptim.o
 .text$CCP_Capture_Mode_Config
                0x00000000       0x40 ./system/src/kf32a_basic_gptim.o
 .text$CCP_Compare_Mode_Config
                0x00000000       0x40 ./system/src/kf32a_basic_gptim.o
 .text$CCP_Get_Capture_Result
                0x00000000       0x48 ./system/src/kf32a_basic_gptim.o
 .text$CCP_Get_Compare_Result
                0x00000000       0x48 ./system/src/kf32a_basic_gptim.o
 .text$CCP_Compare_PWM_Signal_Clear
                0x00000000       0x3c ./system/src/kf32a_basic_gptim.o
 .text$CCP_Compare_Check_Config
                0x00000000       0x2c ./system/src/kf32a_basic_gptim.o
 .text$CCP_Single_Pulse_Shut_Enable
                0x00000000       0x1e ./system/src/kf32a_basic_gptim.o
 .text$CCP_Single_Pulse_Enable
                0x00000000       0x1e ./system/src/kf32a_basic_gptim.o
 .text$CCP_PWM_Input_Measurement_Config
                0x00000000       0x1e ./system/src/kf32a_basic_gptim.o
 .text$CCP_Input_XOR_Config
                0x00000000       0x1e ./system/src/kf32a_basic_gptim.o
 .text$CCP_Channel_DMA_Config
                0x00000000       0x36 ./system/src/kf32a_basic_gptim.o
 .text$CCP_Generate_Trigger_Config
                0x00000000       0x36 ./system/src/kf32a_basic_gptim.o
 .text$CCP_USART_Receive_Config
                0x00000000       0x1e ./system/src/kf32a_basic_gptim.o
 .text$CCP_Get_Channel_Trigger_INT_Flag
                0x00000000       0x2a ./system/src/kf32a_basic_gptim.o
 .text$CCP_Get_Trigger_DMA_INT_Flag
                0x00000000       0x2a ./system/src/kf32a_basic_gptim.o
 .text$CCP_Channel_INT_Config
                0x00000000       0x36 ./system/src/kf32a_basic_gptim.o
 .text$CCP_Clear_Channel_INT_Flag
                0x00000000       0x4c ./system/src/kf32a_basic_gptim.o
 .text          0x00000000        0x0 ./system/src/kf32a_basic_i2c.o
 .data          0x00000000        0x0 ./system/src/kf32a_basic_i2c.o
 .bss           0x00000000        0x0 ./system/src/kf32a_basic_i2c.o
 .text$SFR_Config
                0x00000000       0x18 ./system/src/kf32a_basic_i2c.o
 .text$I2C_Reset
                0x00000000       0xc0 ./system/src/kf32a_basic_i2c.o
 .text$I2C_Configuration
                0x00000000       0x78 ./system/src/kf32a_basic_i2c.o
 .text$I2C_Struct_Init
                0x00000000       0x38 ./system/src/kf32a_basic_i2c.o
 .text$I2C_Cmd  0x00000000       0x1a ./system/src/kf32a_basic_i2c.o
 .text$I2C_Bufr_Address_Config
                0x00000000       0x1a ./system/src/kf32a_basic_i2c.o
 .text$I2C_Generate_START
                0x00000000       0x1a ./system/src/kf32a_basic_i2c.o
 .text$I2C_Generate_STOP
                0x00000000       0x1a ./system/src/kf32a_basic_i2c.o
 .text$I2C_Ack_Config
                0x00000000       0x1a ./system/src/kf32a_basic_i2c.o
 .text$I2C_Ack_DATA_Config
                0x00000000       0x1a ./system/src/kf32a_basic_i2c.o
 .text$I2C_Call_Cmd
                0x00000000       0x1a ./system/src/kf32a_basic_i2c.o
 .text$I2C_Clock_Config
                0x00000000       0x2c ./system/src/kf32a_basic_i2c.o
 .text$I2C_MATCH_ADDRESS_Config
                0x00000000       0x1a ./system/src/kf32a_basic_i2c.o
 .text$I2C_SCL_Enable
                0x00000000       0x1a ./system/src/kf32a_basic_i2c.o
 .text$I2C_NMENA_Enable
                0x00000000       0x1a ./system/src/kf32a_basic_i2c.o
 .text$I2C_SMBUS_Enable
                0x00000000       0x1a ./system/src/kf32a_basic_i2c.o
 .text$I2C_SMBT_Config
                0x00000000       0x1a ./system/src/kf32a_basic_i2c.o
 .text$I2C_SMBus_ALERT_Config
                0x00000000       0x1a ./system/src/kf32a_basic_i2c.o
 .text$I2C_SendData
                0x00000000       0x10 ./system/src/kf32a_basic_i2c.o
 .text$I2C_SendData8
                0x00000000       0x12 ./system/src/kf32a_basic_i2c.o
 .text$I2C_ReceiveData
                0x00000000       0x24 ./system/src/kf32a_basic_i2c.o
 .text$I2C_ARP_Enable
                0x00000000       0x1a ./system/src/kf32a_basic_i2c.o
 .text$I2C_ADDR_Config
                0x00000000       0x58 ./system/src/kf32a_basic_i2c.o
 .text$I2C_MSK_Config
                0x00000000       0x5c ./system/src/kf32a_basic_i2c.o
 .text$I2C_BRGH_Config
                0x00000000       0x34 ./system/src/kf32a_basic_i2c.o
 .text$I2C_BRGL_Config
                0x00000000       0x38 ./system/src/kf32a_basic_i2c.o
 .text$I2C_Start_INT_Enable
                0x00000000       0x1e ./system/src/kf32a_basic_i2c.o
 .text$I2C_Stop_INT_Enable
                0x00000000       0x1e ./system/src/kf32a_basic_i2c.o
 .text$I2C_Ack_Fail_INT_Enable
                0x00000000       0x1e ./system/src/kf32a_basic_i2c.o
 .text$I2C_Arbitration_Lost_INT_Enable
                0x00000000       0x1e ./system/src/kf32a_basic_i2c.o
 .text$I2C_SMBus_Alert_INT_Enable
                0x00000000       0x1e ./system/src/kf32a_basic_i2c.o
 .text$I2C_SMBus_HostHead_INT_Enable
                0x00000000       0x1e ./system/src/kf32a_basic_i2c.o
 .text$I2C_SMBus_Device_Defaultaddress_INT_Enable
                0x00000000       0x1e ./system/src/kf32a_basic_i2c.o
 .text$I2C_ISIE_INT_Enable
                0x00000000       0x1e ./system/src/kf32a_basic_i2c.o
 .text$I2C_Receive_DMA_INT_Enable
                0x00000000       0x1e ./system/src/kf32a_basic_i2c.o
 .text$I2C_Transmit_DMA_INT_Enable
                0x00000000       0x1e ./system/src/kf32a_basic_i2c.o
 .text$I2C_Get_Start_Flag
                0x00000000       0x1c ./system/src/kf32a_basic_i2c.o
 .text$I2C_Clear_Start_Flag
                0x00000000       0x1c ./system/src/kf32a_basic_i2c.o
 .text$I2C_Get_Stop_Flag
                0x00000000       0x1c ./system/src/kf32a_basic_i2c.o
 .text$I2C_Clear_Stop_Flag
                0x00000000       0x1e ./system/src/kf32a_basic_i2c.o
 .text$I2C_Get_Address_Match_Flag
                0x00000000       0x1c ./system/src/kf32a_basic_i2c.o
 .text$I2C_Get_HighAddress_Flag
                0x00000000       0x1c ./system/src/kf32a_basic_i2c.o
 .text$I2C_Get_Data_Flag
                0x00000000       0x1c ./system/src/kf32a_basic_i2c.o
 .text$I2C_Get_Ack_Fail_Flag
                0x00000000       0x1c ./system/src/kf32a_basic_i2c.o
 .text$I2C_Clear_Ack_Fail_Flag
                0x00000000       0x1e ./system/src/kf32a_basic_i2c.o
 .text$I2C_Get_Arbitration_Lost_Flag
                0x00000000       0x1c ./system/src/kf32a_basic_i2c.o
 .text$I2C_Clear_Arbitration_Lost_Flag
                0x00000000       0x1e ./system/src/kf32a_basic_i2c.o
 .text$I2C_Get_Write_Read_Flag
                0x00000000       0x1c ./system/src/kf32a_basic_i2c.o
 .text$I2C_Get_SMBus_Alert_Flag
                0x00000000       0x1e ./system/src/kf32a_basic_i2c.o
 .text$I2C_Clear_SMBus_Alert_Flag
                0x00000000       0x20 ./system/src/kf32a_basic_i2c.o
 .text$I2C_Get_SMBus_Host_Header_Flag
                0x00000000       0x1e ./system/src/kf32a_basic_i2c.o
 .text$I2C_Clear_SMBus_Host_Header_Flag
                0x00000000       0x20 ./system/src/kf32a_basic_i2c.o
 .text$I2C_Get_SMBus_Device_Default_Flag
                0x00000000       0x1e ./system/src/kf32a_basic_i2c.o
 .text$I2C_Clear_SMBus_Device_Default_Flag
                0x00000000       0x20 ./system/src/kf32a_basic_i2c.o
 .text$I2C_Get_INTERRUPT_Flag
                0x00000000       0x1e ./system/src/kf32a_basic_i2c.o
 .text$I2C_Clear_INTERRUPT_Flag
                0x00000000       0x20 ./system/src/kf32a_basic_i2c.o
 .text$I2C_Get_Receive_Buff_Flag
                0x00000000       0x1e ./system/src/kf32a_basic_i2c.o
 .text$I2C_Get_Transmit_Buff_Flag
                0x00000000       0x1e ./system/src/kf32a_basic_i2c.o
 .text$I2C_Get_Receive_DMA_Flag
                0x00000000       0x1e ./system/src/kf32a_basic_i2c.o
 .text$I2C_Get_Transmit_DMA_Flag
                0x00000000       0x1e ./system/src/kf32a_basic_i2c.o
 .text          0x00000000        0x0 ./system/src/kf32a_basic_int.o
 .data          0x00000000        0x0 ./system/src/kf32a_basic_int.o
 .bss           0x00000000        0x0 ./system/src/kf32a_basic_int.o
 .text$INT_Get_Interrupt_Action
                0x00000000       0x2c ./system/src/kf32a_basic_int.o
 .text$INT_Get_Priority_Pending_Action
                0x00000000       0x2c ./system/src/kf32a_basic_int.o
 .text$INT_Priority_Base
                0x00000000       0x3c ./system/src/kf32a_basic_int.o
 .text$INT_Get_Priority_Base
                0x00000000       0x2c ./system/src/kf32a_basic_int.o
 .text$INT_Stack_Align_Config
                0x00000000       0x1c ./system/src/kf32a_basic_int.o
 .text$INT_Fault_Masking_Config
                0x00000000       0x1c ./system/src/kf32a_basic_int.o
 .text$INT_Get_Pre_Empty
                0x00000000       0x28 ./system/src/kf32a_basic_int.o
 .text$INT_Get_Pending_Flag
                0x00000000       0x28 ./system/src/kf32a_basic_int.o
 .text$INT_Priority_Group_Config
                0x00000000       0x30 ./system/src/kf32a_basic_int.o
 .text$INT_Get_Priority_Group
                0x00000000       0x20 ./system/src/kf32a_basic_int.o
 .text$INT_Set_Systick_Flag
                0x00000000        0xc ./system/src/kf32a_basic_int.o
 .text$INT_Set_PendSV_Flag
                0x00000000        0xc ./system/src/kf32a_basic_int.o
 .text$INT_Get_Interrupt_Flag
                0x00000000       0x94 ./system/src/kf32a_basic_int.o
 .text$INT_Set_Interrupt_Priority
                0x00000000       0x6c ./system/src/kf32a_basic_int.o
 .text$INT_Stack_Delay_Enable
                0x00000000       0x3c ./system/src/kf32a_basic_int.o
 .text$INT_External_Mask_Enable
                0x00000000       0x40 ./system/src/kf32a_basic_int.o
 .text$INT_External_Rise_Enable
                0x00000000       0x40 ./system/src/kf32a_basic_int.o
 .text$INT_External_Fall_Enable
                0x00000000       0x40 ./system/src/kf32a_basic_int.o
 .text          0x00000000        0x0 ./system/src/kf32a_basic_iwdt.o
 .data          0x00000000        0x0 ./system/src/kf32a_basic_iwdt.o
 .bss           0x00000000        0x0 ./system/src/kf32a_basic_iwdt.o
 .text$SFR_Config
                0x00000000       0x18 ./system/src/kf32a_basic_iwdt.o
 .text$IWDT_Prescaler_Config
                0x00000000       0x30 ./system/src/kf32a_basic_iwdt.o
 .text$IWDT_Overflow_Config
                0x00000000       0x3c ./system/src/kf32a_basic_iwdt.o
 .text$IWDT_Enable
                0x00000000       0x1c ./system/src/kf32a_basic_iwdt.o
 .text$IWDT_Feed_The_Dog
                0x00000000       0x10 ./system/src/kf32a_basic_iwdt.o
 .text          0x00000000        0x0 ./system/src/kf32a_basic_lcd.o
 .data          0x00000000        0x0 ./system/src/kf32a_basic_lcd.o
 .bss           0x00000000        0x0 ./system/src/kf32a_basic_lcd.o
 .text          0x00000000        0x0 ./system/src/kf32a_basic_led.o
 .data          0x00000000        0x0 ./system/src/kf32a_basic_led.o
 .bss           0x00000000        0x0 ./system/src/kf32a_basic_led.o
 .text          0x00000000        0x0 ./system/src/kf32a_basic_op.o
 .data          0x00000000        0x0 ./system/src/kf32a_basic_op.o
 .bss           0x00000000        0x0 ./system/src/kf32a_basic_op.o
 .text$SFR_Config
                0x00000000       0x18 ./system/src/kf32a_basic_op.o
 .text$OP_Reset
                0x00000000       0x2c ./system/src/kf32a_basic_op.o
 .text$OP_CAL_Configure
                0x00000000       0xb0 ./system/src/kf32a_basic_op.o
 .text$OP_GAIN_SELSECT
                0x00000000       0x90 ./system/src/kf32a_basic_op.o
 .text$OP3_POSITIVE_INPUT_SELSECT
                0x00000000       0x30 ./system/src/kf32a_basic_op.o
 .text$OP_OUTPUT_EN
                0x00000000       0xa8 ./system/src/kf32a_basic_op.o
 .text$OP_MODULE_EN
                0x00000000       0xa4 ./system/src/kf32a_basic_op.o
 .text          0x00000000        0x0 ./system/src/kf32a_basic_osc.o
 .data          0x00000000        0x0 ./system/src/kf32a_basic_osc.o
 .bss           0x00000000        0x0 ./system/src/kf32a_basic_osc.o
 .text$OSC_SCLK_Configuration
                0x00000000      0x114 ./system/src/kf32a_basic_osc.o
 .text$OSC_HFCK_Configuration
                0x00000000      0x104 ./system/src/kf32a_basic_osc.o
 .text$OSC_LFCK_Configuration
                0x00000000       0x74 ./system/src/kf32a_basic_osc.o
 .text$OSC_CK48M_Configuration
                0x00000000      0x10c ./system/src/kf32a_basic_osc.o
 .text$OSC_Struct_Init
                0x00000000       0x20 ./system/src/kf32a_basic_osc.o
 .text$OSC_SCLK_Output_Select
                0x00000000       0x3c ./system/src/kf32a_basic_osc.o
 .text$OSC_CK48M_Division_Config
                0x00000000       0x38 ./system/src/kf32a_basic_osc.o
 .text$OSC_CK48M_Source_Config
                0x00000000       0x38 ./system/src/kf32a_basic_osc.o
 .text$OSC_CK48M_Enable
                0x00000000       0x1c ./system/src/kf32a_basic_osc.o
 .text$OSC_EXTLF_Start_Delay_Config
                0x00000000       0x3c ./system/src/kf32a_basic_osc.o
 .text$OSC_Zero_Drift_Config
                0x00000000       0x34 ./system/src/kf32a_basic_osc.o
 .text$OSC_Positive_Drift_Config
                0x00000000       0x3c ./system/src/kf32a_basic_osc.o
 .text$OSC_Negative_Drift_Config
                0x00000000       0x38 ./system/src/kf32a_basic_osc.o
 .text$OSC_Current_Gain_Config
                0x00000000       0x38 ./system/src/kf32a_basic_osc.o
 .text$OSC_External_Input_Enable
                0x00000000       0x1c ./system/src/kf32a_basic_osc.o
 .text$OSC_Feedback_Resistance_Config
                0x00000000       0x1c ./system/src/kf32a_basic_osc.o
 .text$OSC_PLL_Zero_Source_Enable
                0x00000000       0x1c ./system/src/kf32a_basic_osc.o
 .text$OSC_PLL_Vref2_Enable
                0x00000000       0x1c ./system/src/kf32a_basic_osc.o
 .text$OSC_PLL_Vref0p5_Enable
                0x00000000       0x1c ./system/src/kf32a_basic_osc.o
 .text$OSC_PLL_Vref1p2_Enable
                0x00000000       0x1c ./system/src/kf32a_basic_osc.o
 .text$OSC_PLL_Low_Power_20nA_Enable
                0x00000000       0x1c ./system/src/kf32a_basic_osc.o
 .text$OSC_PLL_Vref1p14_Enable
                0x00000000       0x1c ./system/src/kf32a_basic_osc.o
 .text$OSC_PLL_Low_Power_100nA_Enable
                0x00000000       0x1c ./system/src/kf32a_basic_osc.o
 .text$OSC_PLL_LDO_Enable
                0x00000000       0x1c ./system/src/kf32a_basic_osc.o
 .text$OSC_PLL_INT_Enable
                0x00000000       0x1c ./system/src/kf32a_basic_osc.o
 .text$OSC_EXTHF_INT_Enable
                0x00000000       0x1c ./system/src/kf32a_basic_osc.o
 .text$OSC_EXTLF_INT_Enable
                0x00000000       0x1c ./system/src/kf32a_basic_osc.o
 .text$OSC_INTHF_INT_Enable
                0x00000000       0x1c ./system/src/kf32a_basic_osc.o
 .text$OSC_INTLF_INT_Enable
                0x00000000       0x1c ./system/src/kf32a_basic_osc.o
 .text$OSC_Get_Clock_Failure_INT_Flag
                0x00000000       0x18 ./system/src/kf32a_basic_osc.o
 .text$OSC_Get_EXTHF_INT_Flag
                0x00000000       0x18 ./system/src/kf32a_basic_osc.o
 .text$OSC_Get_EXTLF_INT_Flag
                0x00000000       0x18 ./system/src/kf32a_basic_osc.o
 .text$OSC_Get_INTLF_INT_Flag
                0x00000000       0x18 ./system/src/kf32a_basic_osc.o
 .text$OSC_Get_LP4MIF_INT_Flag
                0x00000000       0x18 ./system/src/kf32a_basic_osc.o
 .text          0x00000000        0x0 ./system/src/kf32a_basic_pclk.o
 .data          0x00000000        0x0 ./system/src/kf32a_basic_pclk.o
 .bss           0x00000000        0x0 ./system/src/kf32a_basic_pclk.o
 .text          0x00000000        0x0 ./system/src/kf32a_basic_pm.o
 .data          0x00000000        0x0 ./system/src/kf32a_basic_pm.o
 .bss           0x00000000        0x0 ./system/src/kf32a_basic_pm.o
 .text$SFR_Config
                0x00000000       0x18 ./system/src/kf32a_basic_pm.o
 .text$PM_IO_Latch_Enable
                0x00000000       0x1c ./system/src/kf32a_basic_pm.o
 .text$PM_Get_IO_Latch_Status
                0x00000000       0x18 ./system/src/kf32a_basic_pm.o
 .text$PM_Internal_Low_Frequency_Enable
                0x00000000       0x1c ./system/src/kf32a_basic_pm.o
 .text$PM_External_Low_Frequency_Enable
                0x00000000       0x1c ./system/src/kf32a_basic_pm.o
 .text$PM_External_Low_Frequency_Clock_Enable
                0x00000000       0x1c ./system/src/kf32a_basic_pm.o
 .text$PM_Main_Bandgap_Enable
                0x00000000       0x1c ./system/src/kf32a_basic_pm.o
 .text$PM_LDO18_Enable
                0x00000000       0x1c ./system/src/kf32a_basic_pm.o
 .text$PM_Backup_Registers_Reset_Config
                0x00000000       0x1c ./system/src/kf32a_basic_pm.o
 .text$PM_Independent_Watchdog_Reset_Config
                0x00000000       0x1c ./system/src/kf32a_basic_pm.o
 .text$PM_SRAMA_In_Standby_Work_Mode_Config
                0x00000000       0x1c ./system/src/kf32a_basic_pm.o
 .text$PM_LPRAM_In_Standby_Work_Mode_Config
                0x00000000       0x1c ./system/src/kf32a_basic_pm.o
 .text$PM_Backup_POR_Delay_Time_Config
                0x00000000       0x1c ./system/src/kf32a_basic_pm.o
 .text$PM_Main_POR_Delay_Time_Config
                0x00000000       0x1c ./system/src/kf32a_basic_pm.o
 .text$PM_Peripheral_IO_Port_Config
                0x00000000       0x1c ./system/src/kf32a_basic_pm.o
 .text$PM_OCAL0LOCK_Enable
                0x00000000       0x1c ./system/src/kf32a_basic_pm.o
 .text$PM_MEMSEL_Enable
                0x00000000       0x1c ./system/src/kf32a_basic_pm.o
 .text$PM_Flash_Power_Off_Enable
                0x00000000       0x1c ./system/src/kf32a_basic_pm.o
 .text$PM_CCP0CLKLPEN_Enable
                0x00000000       0x1c ./system/src/kf32a_basic_pm.o
 .text$PM_Backup_Write_And_Read_Enable
                0x00000000       0x1c ./system/src/kf32a_basic_pm.o
 .text$PM_VREF_Software_Enable
                0x00000000       0x1c ./system/src/kf32a_basic_pm.o
 .text$PM_VREF_SELECT
                0x00000000       0x30 ./system/src/kf32a_basic_pm.o
 .text$PM_LPR_Software_Enable
                0x00000000       0x1c ./system/src/kf32a_basic_pm.o
 .text$PM_Low_Power_Mode_Config
                0x00000000       0x30 ./system/src/kf32a_basic_pm.o
 .text$PM_BOR_Enable
                0x00000000       0x1c ./system/src/kf32a_basic_pm.o
 .text$PM_Low_Power_BOR_Enable
                0x00000000       0x1c ./system/src/kf32a_basic_pm.o
 .text$PM_Temperature_Sensor_Enable
                0x00000000       0x1c ./system/src/kf32a_basic_pm.o
 .text$PM_Temperature_Sensor_Buffer_Enable
                0x00000000       0x1c ./system/src/kf32a_basic_pm.o
 .text$PM_Reference_Voltage_Enable
                0x00000000       0x1c ./system/src/kf32a_basic_pm.o
 .text$PM_Internal_Test_Buffer_Clock_Enable
                0x00000000       0x1c ./system/src/kf32a_basic_pm.o
 .text$PM_Internal_Test_Buffer_Clock_Scaler_Config
                0x00000000       0x30 ./system/src/kf32a_basic_pm.o
 .text$PM_PLL0_Output_Buffer_Enable
                0x00000000       0x1c ./system/src/kf32a_basic_pm.o
 .text$PM_PLL1_Output_Buffer_Enable
                0x00000000       0x1c ./system/src/kf32a_basic_pm.o
 .text$PM_PLL2_Output_Buffer_Enable
                0x00000000       0x1c ./system/src/kf32a_basic_pm.o
 .text$PM_PLL0LDO_Output_Buffer_Enable
                0x00000000       0x1c ./system/src/kf32a_basic_pm.o
 .text$PM_PLL1LDO_Output_Buffer_Enable
                0x00000000       0x1c ./system/src/kf32a_basic_pm.o
 .text$PM_PLL2LDO_Output_Buffer_Enable
                0x00000000       0x1c ./system/src/kf32a_basic_pm.o
 .text$PM_Battery_BOR_Config
                0x00000000       0x30 ./system/src/kf32a_basic_pm.o
 .text$PM_Battery_BOR_Enable
                0x00000000       0x1c ./system/src/kf32a_basic_pm.o
 .text$PM_Peripheral_Voltage_Monitoring_Enable
                0x00000000       0x1c ./system/src/kf32a_basic_pm.o
 .text$PM_Voltage_Detection_Config
                0x00000000       0x30 ./system/src/kf32a_basic_pm.o
 .text$PM_Voltage_Detection_Enable
                0x00000000       0x1c ./system/src/kf32a_basic_pm.o
 .text$PM_External_Wakeup_Pin_Enable
                0x00000000       0x40 ./system/src/kf32a_basic_pm.o
 .text$PM_External_Wakeup_Edge_Config
                0x00000000       0x40 ./system/src/kf32a_basic_pm.o
 .text$PM_Stop_Mode_Peripheral_INLF_Enable
                0x00000000       0x3c ./system/src/kf32a_basic_pm.o
 .text$PM_Peripheral_Reset_Config
                0x00000000       0x3c ./system/src/kf32a_basic_pm.o
 .text$PM_Vdd_Por_Enable
                0x00000000       0x1c ./system/src/kf32a_basic_pm.o
 .text$PM_Low_Power_Bandgap_Enable
                0x00000000       0x1c ./system/src/kf32a_basic_pm.o
 .text$PM_Power_Dissipation_Mode_Config
                0x00000000       0x1c ./system/src/kf32a_basic_pm.o
 .text$PM_Power_Dissipation_Mode_Delay_Config
                0x00000000       0x30 ./system/src/kf32a_basic_pm.o
 .text$PM_Internal_Test_Buffer_Enable
                0x00000000       0x1c ./system/src/kf32a_basic_pm.o
 .text$PM_Clear_Reset_And_Wakeup_Flag
                0x00000000       0x38 ./system/src/kf32a_basic_pm.o
 .text$PM_Get_IWDT_Reset_Flag
                0x00000000       0x4c ./system/src/kf32a_basic_pm.o
 .text$PM_Clear_External_Wakeup_Pin_Flag
                0x00000000       0x48 ./system/src/kf32a_basic_pm.o
 .text$PM_Get_Low_Power_Running_State
                0x00000000       0x1c ./system/src/kf32a_basic_pm.o
 .text$PM_Get_LPR_Status
                0x00000000       0x1c ./system/src/kf32a_basic_pm.o
 .text$PM_Get_Peripheral_Voltage_Detection_Status
                0x00000000       0x1c ./system/src/kf32a_basic_pm.o
 .text$PM_Zero_Drift_Current_Config
                0x00000000       0x30 ./system/src/kf32a_basic_pm.o
 .text$PM_BOR_Voltage_Config
                0x00000000       0x30 ./system/src/kf32a_basic_pm.o
 .text$PM_Main_Regulator_Voltage_Config
                0x00000000       0x4c ./system/src/kf32a_basic_pm.o
 .text$PM_Main_Regulator_HV_Enable
                0x00000000       0x1c ./system/src/kf32a_basic_pm.o
 .text$PM_Reference_Calibration_Config
                0x00000000       0x74 ./system/src/kf32a_basic_pm.o
 .text$PM_INTLF_Bias_Current_Config
                0x00000000       0x30 ./system/src/kf32a_basic_pm.o
 .text$PM_EXTLF_Bias_Current_Config
                0x00000000       0x30 ./system/src/kf32a_basic_pm.o
 .text$PM_INTLF_Capacitance_Calibration_Config
                0x00000000       0x38 ./system/src/kf32a_basic_pm.o
 .text$PM_LP_Bias_Calibration_Config
                0x00000000       0x3c ./system/src/kf32a_basic_pm.o
 .text$PM_LPBG_Pump_Calibration_Config
                0x00000000       0x3c ./system/src/kf32a_basic_pm.o
 .text$PM_EXTLF_N_Bias_Current_Config
                0x00000000       0x30 ./system/src/kf32a_basic_pm.o
 .text$PM_LDO18_Module_Config
                0x00000000       0x1c ./system/src/kf32a_basic_pm.o
 .text$PM_Main_Regulator_Bandgap_Config
                0x00000000       0x1c ./system/src/kf32a_basic_pm.o
 .text$PM_LPR_Module_Config
                0x00000000       0x1c ./system/src/kf32a_basic_pm.o
 .text          0x00000000        0x0 ./system/src/kf32a_basic_qei.o
 .data          0x00000000        0x0 ./system/src/kf32a_basic_qei.o
 .bss           0x00000000        0x0 ./system/src/kf32a_basic_qei.o
 .text$SFR_Config
                0x00000000       0x18 ./system/src/kf32a_basic_qei.o
 .text$QEI_Reset
                0x00000000       0x64 ./system/src/kf32a_basic_qei.o
 .text$QEI_Configuration
                0x00000000       0x8c ./system/src/kf32a_basic_qei.o
 .text$QEI_Timer_Configuration
                0x00000000       0x58 ./system/src/kf32a_basic_qei.o
 .text$QEI_Struct_Init
                0x00000000       0x3e ./system/src/kf32a_basic_qei.o
 .text$QEI_Timer_Struct_Init
                0x00000000       0x26 ./system/src/kf32a_basic_qei.o
 .text$QEI_Encoder_Mode_Config
                0x00000000       0x34 ./system/src/kf32a_basic_qei.o
 .text$QEI_Location_Counter_Reset_Enable
                0x00000000       0x1a ./system/src/kf32a_basic_qei.o
 .text$QEI_Timer_Source_Clock_Config
                0x00000000       0x1a ./system/src/kf32a_basic_qei.o
 .text$QEI_Get_Index_Pin_State
                0x00000000       0x1c ./system/src/kf32a_basic_qei.o
 .text$QEI_Location_Counter_Output_Enable
                0x00000000       0x1a ./system/src/kf32a_basic_qei.o
 .text$QEI_Location_Counter_Direction_Config
                0x00000000       0x1a ./system/src/kf32a_basic_qei.o
 .text$QEI_Get_Location_Counter_Direction
                0x00000000       0x1c ./system/src/kf32a_basic_qei.o
 .text$QEI_Source_Clock_Config
                0x00000000       0x28 ./system/src/kf32a_basic_qei.o
 .text$QEI_Digital_Filter_Output_Enable
                0x00000000       0x1e ./system/src/kf32a_basic_qei.o
 .text$QEI_Digital_Filter_Clock_Config
                0x00000000       0x28 ./system/src/kf32a_basic_qei.o
 .text$QEI_Swap_Phase_AB_Enable
                0x00000000       0x1e ./system/src/kf32a_basic_qei.o
 .text$QEI_Timer_Counter_Config
                0x00000000       0x34 ./system/src/kf32a_basic_qei.o
 .text$QEI_Get_Timer_Counter
                0x00000000       0x18 ./system/src/kf32a_basic_qei.o
 .text$QEI_Timer_Period_Config
                0x00000000       0x34 ./system/src/kf32a_basic_qei.o
 .text$QEI_Get_Timer_Period
                0x00000000       0x18 ./system/src/kf32a_basic_qei.o
 .text$QEI_Timer_Prescaler_Config
                0x00000000       0x34 ./system/src/kf32a_basic_qei.o
 .text$QEI_Get_INT_Flag
                0x00000000       0x28 ./system/src/kf32a_basic_qei.o
 .text$QEI_Clear_INT_Flag
                0x00000000       0x46 ./system/src/kf32a_basic_qei.o
 .text$QEI_Set_INT_Enable
                0x00000000       0x36 ./system/src/kf32a_basic_qei.o
 .text$QEI_Get_Counter_Overflow_INT_Flag
                0x00000000       0x1e ./system/src/kf32a_basic_qei.o
 .text$QEI_Get_Phase_Error_INT_Flag
                0x00000000       0x1e ./system/src/kf32a_basic_qei.o
 .text$QEI_Get_Count_Error_INT_Flag
                0x00000000       0x1e ./system/src/kf32a_basic_qei.o
 .text$QEI_Clear_Timer_Overflow_INT_Flag
                0x00000000       0x24 ./system/src/kf32a_basic_qei.o
 .text$QEI_Clear_Phase_Error_INT_Flag
                0x00000000       0x24 ./system/src/kf32a_basic_qei.o
 .text$QEI_Clear_Counter_Error_INT_Flag
                0x00000000       0x24 ./system/src/kf32a_basic_qei.o
 .text$QEI_Timer_Overflow_INT_Enable
                0x00000000       0x1e ./system/src/kf32a_basic_qei.o
 .text$QEI_Phase_Error_INT_Enable
                0x00000000       0x1e ./system/src/kf32a_basic_qei.o
 .text$QEI_Counter_Error_INT_Enable
                0x00000000       0x1e ./system/src/kf32a_basic_qei.o
 .text          0x00000000        0x0 ./system/src/kf32a_basic_rst.o
 .data          0x00000000        0x0 ./system/src/kf32a_basic_rst.o
 .bss           0x00000000        0x0 ./system/src/kf32a_basic_rst.o
 .text$RST_CTL0_Peripheral_Reset_Enable
                0x00000000       0x30 ./system/src/kf32a_basic_rst.o
 .text          0x00000000        0x0 ./system/src/kf32a_basic_rtc.o
[...]
 .bss$comm$TcanDelay
                0x10001faf        0x1 ./source/system.o
                0x10001faf                TcanDelay
 .bss$comm$rtc  0x10001fb0        0x7 ./source/system.o
                0x10001fb0                rtc
 *fill*         0x10001fb7        0x1 
 .bss$comm$Send
                0x10001fb8        0x8 ./source/system.o
                0x10001fb8                Send
 .bss$comm$speed_life
                0x10001fc0        0x1 ./source/system.o
                0x10001fc0                speed_life
 .bss$comm$bootloader
                0x10001fc1        0x1 ./source/system.o
                0x10001fc1                bootloader
 .bss$comm$bootcmd
                0x10001fc2        0x1 ./source/system.o
                0x10001fc2                bootcmd
 *fill*         0x10001fc3        0x1 
 .bss$comm$Battery_chong_Curr
                0x10001fc4        0x2 ./source/system.o
                0x10001fc4                Battery_chong_Curr
 .bss$comm$Battery_fang_Curr
                0x10001fc6        0x2 ./source/system.o
                0x10001fc6                Battery_fang_Curr
 .bss$comm$Battery_High_Volt
                0x10001fc8        0x2 ./source/system.o
                0x10001fc8                Battery_High_Volt
 .bss$comm$Battery_Low_Volt
                0x10001fca        0x2 ./source/system.o
                0x10001fca                Battery_Low_Volt
 .bss$comm$Charge_Remain_time
                0x10001fcc        0x2 ./source/system.o
                0x10001fcc                Charge_Remain_time
 .bss$comm$Drive_mile
                0x10001fce        0x2 ./source/system.o
                0x10001fce                Drive_mile
 .bss$comm$_0CFF0C4A
                0x10001fd0        0x8 ./source/system.o
                0x10001fd0                _0CFF0C4A
 .bss$comm$_0CFF0D4A
                0x10001fd8        0x8 ./source/system.o
                0x10001fd8                _0CFF0D4A
 .bss$comm$Aver_Dianhao
                0x10001fe0        0x1 ./source/system.o
                0x10001fe0                Aver_Dianhao
 .bss$comm$Break_Pent
                0x10001fe1        0x1 ./source/system.o
                0x10001fe1                Break_Pent
 *fill*         0x10001fe2        0x2 
 .bss$comm$Uart2Receive
                0x10001fe4        0x8 ./source/system.o
                0x10001fe4                Uart2Receive
 .bss$comm$ReceIndex
                0x10001fec        0x1 ./source/system.o
                0x10001fec                ReceIndex
 .bss$comm$Temp_Vbat
                0x10001fed        0x1 ./source/system.o
                0x10001fed                Temp_Vbat
 .bss$comm$tony
                0x10001fee        0x1 ./source/system.o
                0x10001fee                tony
 .bss$static$work_time.6449
                0x10001fef        0x1 ./source/system.o
 .bss$static$add_time.6388
                0x10001ff0        0x1 ./source/system.o
 .bss$static$add_flag.6389
                0x10001ff1        0x1 ./source/system.o
 .bss$static$flag_10s.6391
                0x10001ff2        0x1 ./source/system.o
 *fill*         0x10001ff3        0x1 
 .bss$static$buzz_time.6386
                0x10001ff4        0x2 ./source/system.o
 .bss$static$pre_door_time.6392
                0x10001ff6        0x1 ./source/system.o
 .bss$static$pre_life.6379
                0x10001ff7        0x1 ./source/system.o
 .bss$static$pre_data.6365
                0x10001ff8        0x8 ./source/system.o
 .bss$static$single_mile.6361
                0x10002000        0x4 ./source/system.o
 .bss$comm$meter
                0x10002004        0xe ./driver/Adc.o
                0x10002004                meter
 .bss$comm$buf_16
                0x10002012        0x2 ./driver/Adc.o
                0x10002012                buf_16
 .bss$static$sum.6289
                0x10002014        0x4 ./driver/Adc.o
 .bss$static$log.6288
                0x10002018       0x20 ./driver/Adc.o
 .bss$static$sum.6295
                0x10002038        0x4 ./driver/Adc.o
 .bss$static$log.6294
                0x1000203c       0x20 ./driver/Adc.o
 .bss$static$sum.6300
                0x1000205c        0x4 ./driver/Adc.o
 .bss$static$log.6299
                0x10002060       0x20 ./driver/Adc.o
 .bss$static$sum.6305
                0x10002080        0x4 ./driver/Adc.o
 .bss$static$log.6304
                0x10002084       0x20 ./driver/Adc.o
 .bss$static$sum.6310
                0x100020a4        0x4 ./driver/Adc.o
 .bss$static$log.6309
                0x100020a8       0x20 ./driver/Adc.o
 .bss$static$sum.6315
                0x100020c8        0x4 ./driver/Adc.o
 .bss$static$log.6314
                0x100020cc       0x20 ./driver/Adc.o
 .bss$static$sum.6320
                0x100020ec        0x4 ./driver/Adc.o
 .bss$static$log.6319
                0x100020f0       0x20 ./driver/Adc.o
 .bss$static$sum.6324
                0x10002110        0x4 ./driver/Adc.o
 .bss$static$log.6323
                0x10002114       0x20 ./driver/Adc.o
 .bss$static$sum.6329
                0x10002134        0x4 ./driver/Adc.o
 .bss$static$log.6328
                0x10002138       0x20 ./driver/Adc.o
 .bss$static$sum.6333
                0x10002158        0x4 ./driver/Adc.o
 .bss$static$log.6332
                0x1000215c       0x20 ./driver/Adc.o
 .bss$static$sum.6338
                0x1000217c        0x4 ./driver/Adc.o
 .bss$static$log.6337
                0x10002180       0x20 ./driver/Adc.o
 .bss$comm$BCanSendBuff
                0x100021a0       0x18 ./driver/Bcan.o
                0x100021a0                BCanSendBuff
 .bss$comm$BCanSendbuffx
                0x100021b8      0x500 ./driver/Bcan.o
                0x100021b8                BCanSendbuffx
 .bss$comm$BCandomsg
                0x100026b8       0x14 ./driver/Bcan.o
                0x100026b8                BCandomsg
 .bss$comm$BCanData
                0x100026cc       0x90 ./driver/Bcan.o
                0x100026cc                BCanData
 .bss$comm$DCanSendBuff
                0x1000275c       0x18 ./driver/Dcan.o
                0x1000275c                DCanSendBuff
 .bss$static$GpioPinNum.6256
                0x10002774        0x2 ./driver/Emios.o
 *fill*         0x10002776        0x2 
 .bss$comm$PCanSendBuff
                0x10002778       0x18 ./driver/Pcan.o
                0x10002778                PCanSendBuff
 .bss$comm$PCanSendbuffx
                0x10002790      0x500 ./driver/Pcan.o
                0x10002790                PCanSendbuffx
 .bss$comm$PCandomsg
                0x10002c90       0x14 ./driver/Pcan.o
                0x10002c90                PCandomsg
 .bss$comm$CanSendBuff
                0x10002ca4       0x18 ./driver/can.o
                0x10002ca4                CanSendBuff
 .bss$comm$CanSendbuffx
                0x10002cbc      0x500 ./driver/can.o
                0x10002cbc                CanSendbuffx
 .bss$comm$Candomsg
                0x100031bc       0x14 ./driver/can.o
                0x100031bc                Candomsg
 .bss$comm$flash_write
                0x100031d0       0x14 ./driver/flash.o
                0x100031d0                flash_write
 .bss$static$key_index.6293
                0x100031e4        0x1 ./driver/key.o
 .bss$comm$MsgFifos
                0x100031e5       0x1e ./driver/keyfif.o
                0x100031e5                MsgFifos
 *fill*         0x10003203        0x1 
 .bss$comm$led  0x10003204        0x3 ./driver/led.o
                0x10003204                led
 *fill*         0x10003207        0x1 
 .bss$comm$motor
                0x10003208       0x60 ./driver/motor.o
                0x10003208                motor
 .bss$comm$motorctrl
                0x10003268       0x3c ./driver/motor.o
                0x10003268                motorctrl
 .bss$comm$adc_100ma_fd
                0x100032a4        0xa ./driver/output.o
                0x100032a4                adc_100ma_fd
 *fill*         0x100032ae        0x2 
 .bss$comm$sw_diagnose
                0x100032b0        0x2 ./driver/output.o
                0x100032b0                sw_diagnose
 .bss$comm$output_s
                0x100032b2        0x1 ./driver/output.o
                0x100032b2                output_s
 .bss$comm$op_protection
                0x100032b3        0xa ./driver/output.o
                0x100032b3                op_protection
 *fill*         0x100032bd        0x3 
 .bss$comm$SCH_tasks_G
                0x100032c0       0xf0 ./driver/sch.o
                0x100032c0                SCH_tasks_G
                0x100033b0                . = ((. + 0x3) & 0xfffffffc)
                0x100033b0                __bss_end__ = .
 *(.userdata*)
                0x100033b0                __allot_end__ = ((. + 0x3) & 0xfffffffc)
                0x100033b0                __Heap_Start__ = __allot_end__
 *(.heap_mem*)
                0x100033b0                . = ((. + 0x3) & 0xfffffffc)
                0x100033b0                __Logic_Heap_End__ = .
                0x000034b0                . = DEFINED (Heap_Mem)?((. + 0x3) & 0xfffffffc):(__Logic_Heap_End__ + __Heap_length__)
 *fill*         0x100033b0      0x100 
                0x100034b0                __Heap_End__ = .
                0x100034b0                __MAX_Stack_LIMITS__ = ((. + 0x3) & 0xfffffffc)
                0x100034b0                . = ((. + 0x3) & 0xfffffffc)
                0x1001fe00                __LMA_STACK_LIMITS__ = DEFINED (Stack_Mem)?(__initial_sp - (__Logic_Stack_Start__ - __Logic_Stack_End__)):.
                0x1001fe00                . = __LMA_STACK_LIMITS__
 *fill*         0x100034b0    0x1c950 
                0x1001fe00                __Logic_Stack_End__ = .
 *(.stack_mem*)
 .stack_mem$Stack_Mem
                0x1001fe00      0x200 ./system/vector.o
                0x1001fe00                Stack_Mem
                0x10020000                __Logic_Stack_Start__ = .
                0x00020000                __initial_sp = 0x20000
                0x00000100                PROVIDE (__Heap_length__, 0x100)

.flashdata      0x0c001c00      0x400
 *(.flashdata*)
                0x00000400                . = 0x400
 *fill*         0x0c001c00      0x400 

.debugormode
 *(.modeconfig*)

.protectmode
 *(.protectconfig*)

.eeprom         0x7f000000     0x1000
 *(.eeprom*)
                0x00001000                . = 0x1000
 *fill*         0x7f000000     0x1000 

.config1
 *(.config1*)

.config2
 *(.config2*)

.stab           0x00000000    0x37ae8
 *(.stab)
 .stab          0x00000000     0x1788 ./system/src/kf32a_basic_adc.o
                               0x26d0 (size before relaxing)
 .stab          0x00001788      0x4b0 ./system/src/kf32a_basic_aes.o
                               0x1020 (size before relaxing)
 .stab          0x00001c38     0x1f74 ./system/src/kf32a_basic_atim.o
                               0x537c (size before relaxing)
 .stab          0x00003bac      0x468 ./system/src/kf32a_basic_bkp.o
                               0x1038 (size before relaxing)
 .stab          0x00004014      0xe58 ./system/src/kf32a_basic_btim.o
                               0x2238 (size before relaxing)
 .stab          0x00004e6c     0x15c0 ./system/src/kf32a_basic_can.o
                               0x2730 (size before relaxing)
 .stab          0x0000642c      0x498 ./system/src/kf32a_basic_cfgl.o
                               0x177c (size before relaxing)
 .stab          0x000068c4      0x8a0 ./system/src/kf32a_basic_cmp.o
                               0x1f08 (size before relaxing)
 .stab          0x00007164      0x378 ./system/src/kf32a_basic_crc.o
                                0xc84 (size before relaxing)
 .stab          0x000074dc      0x438 ./system/src/kf32a_basic_dac.o
                                0xf84 (size before relaxing)
 .stab          0x00007914      0x9fc ./system/src/kf32a_basic_dma.o
                               0x1c74 (size before relaxing)
 .stab          0x00008310      0x2e8 ./system/src/kf32a_basic_exic.o
                                0xd50 (size before relaxing)
 .stab          0x000085f8     0x1698 ./system/src/kf32a_basic_flash.o
                               0x2bf8 (size before relaxing)
 .stab          0x00009c90      0xda4 ./system/src/kf32a_basic_gpio.o
                               0x18a8 (size before relaxing)
 .stab          0x0000aa34     0x15cc ./system/src/kf32a_basic_gptim.o
                               0x3048 (size before relaxing)
 .stab          0x0000c000      0xe7c ./system/src/kf32a_basic_i2c.o
                               0x2988 (size before relaxing)
 .stab          0x0000ce7c      0xf90 ./system/src/kf32a_basic_int.o
                               0x1ce0 (size before relaxing)
 .stab          0x0000de0c      0x228 ./system/src/kf32a_basic_iwdt.o
                                0x8dc (size before relaxing)
 .stab          0x0000e034      0x12c ./system/src/kf32a_basic_lcd.o
                                0x66c (size before relaxing)
 .stab          0x0000e160      0x12c ./system/src/kf32a_basic_led.o
                                0x66c (size before relaxing)
 .stab          0x0000e28c      0x2dc ./system/src/kf32a_basic_op.o
                                0xc54 (size before relaxing)
 .stab          0x0000e568     0x1758 ./system/src/kf32a_basic_osc.o
                               0x2d18 (size before relaxing)
 .stab          0x0000fcc0      0x360 ./system/src/kf32a_basic_pclk.o
                                0x8a0 (size before relaxing)
 .stab          0x00010020     0x1080 ./system/src/kf32a_basic_pm.o
                               0x2ebc (size before relaxing)
 .stab          0x000110a0      0x93c ./system/src/kf32a_basic_qei.o
                               0x1c20 (size before relaxing)
 .stab          0x000119dc      0x30c ./system/src/kf32a_basic_rst.o
                                0x8a0 (size before relaxing)
 .stab          0x00011ce8     0x153c ./system/src/kf32a_basic_rtc.o
                               0x4554 (size before relaxing)
 .stab          0x00013224      0xa20 ./system/src/kf32a_basic_spi.o
                               0x1dc4 (size before relaxing)
 .stab          0x00013c44      0x630 ./system/src/kf32a_basic_sysctl.o
                               0x1164 (size before relaxing)
 .stab          0x00014274      0x330 ./system/src/kf32a_basic_systick.o
                                0xbdc (size before relaxing)
 .stab          0x000145a4     0x1d1c ./system/src/kf32a_basic_usart.o
                               0x3df8 (size before relaxing)
 .stab          0x000162c0      0x144 ./system/src/kf32a_basic_usb.o
                                0x684 (size before relaxing)
 .stab          0x00016404      0x300 ./system/src/kf32a_basic_wwdt.o
                                0xb70 (size before relaxing)
 .stab          0x00016704      0x21c ./system/startup.o
                                0x228 (size before relaxing)
 .stab          0x00016920      0xb4c ./system/system_init.o
                               0x19a4 (size before relaxing)
 .stab          0x0001746c      0x120 ./system/vector.o
                                0x12c (size before relaxing)
 .stab          0x0001758c      0xdbc ./source/MeterConfig.o
                               0x1a64 (size before relaxing)
 .stab          0x00018348      0xb34 ./source/T123.o
                               0x1824 (size before relaxing)
 .stab          0x00018e7c      0x48c ./source/bootloader.o
                               0x12cc (size before relaxing)
 .stab          0x00019308     0x204c ./source/canreceive.o
                               0x2d54 (size before relaxing)
 .stab          0x0001b354     0x21cc ./source/display.o
                               0x2e68 (size before relaxing)
 .stab          0x0001d520     0x8994 ./source/displayhelper.o
                               0x9630 (size before relaxing)
 .stab          0x00025eb4     0x1128 ./source/eeprom.o
                               0x1e60 (size before relaxing)
 .stab          0x00026fdc      0xc00 ./source/kf_it.o
                               0x189c (size before relaxing)
 .stab          0x00027bdc      0x69c ./source/main.o
                               0x1434 (size before relaxing)
 .stab          0x00028278      0x7bc ./source/switch.o
                               0x1458 (size before relaxing)
 .stab          0x00028a34     0x3c78 ./source/system.o
                               0x4d28 (size before relaxing)
 .stab          0x0002c6ac      0xd44 ./driver/Adc.o
                               0x19e0 (size before relaxing)
 .stab          0x0002d3f0     0x10ec ./driver/Bcan.o
                               0x1e60 (size before relaxing)
 .stab          0x0002e4dc      0x7a4 ./driver/Dcan.o
                               0x180c (size before relaxing)
 .stab          0x0002ec80      0xe28 ./driver/Emios.o
                               0x1e48 (size before relaxing)
 .stab          0x0002faa8      0xa38 ./driver/Pcan.o
                               0x180c (size before relaxing)
 .stab          0x000304e0      0x69c ./driver/Rtc.o
                               0x1338 (size before relaxing)
 .stab          0x00030b7c      0x8b8 ./driver/Usart.o
                               0x1800 (size before relaxing)
 .stab          0x00031434      0xd74 ./driver/can.o
                               0x1b48 (size before relaxing)
 .stab          0x000321a8      0x120 ./driver/canfifo.o
                                0x12c (size before relaxing)
 .stab          0x000322c8      0x990 ./driver/flash.o
                               0x1e54 (size before relaxing)
 .stab          0x00032c58      0x4bc ./driver/gpio.o
                               0x1158 (size before relaxing)
 .stab          0x00033114      0xa50 ./driver/iic.o
                               0x16ec (size before relaxing)
 .stab          0x00033b64      0x8a0 ./driver/key.o
                               0x153c (size before relaxing)
 .stab          0x00034404      0x318 ./driver/keyfif.o
                                0x3c0 (size before relaxing)
 .stab          0x0003471c      0x528 ./driver/led.o
                               0x11c4 (size before relaxing)
 .stab          0x00034c44     0x1518 ./driver/motor.o
                               0x21b4 (size before relaxing)
 .stab          0x0003615c      0x93c ./driver/output.o
                               0x15d8 (size before relaxing)
 .stab          0x00036a98       0xe4 ./driver/pwm.o
                                 0xf0 (size before relaxing)
 .stab          0x00036b7c      0x6fc ./driver/sch.o
                               0x1398 (size before relaxing)
 .stab          0x00037278      0x534 ./driver/timer.o
                               0x11d0 (size before relaxing)
 .stab          0x000377ac      0x33c ./driver/watchdog.o
                               0x108c (size before relaxing)

.stabstr        0x00000000    0x1909b
 *(.stabstr)
 .stabstr       0x00000000    0x1909b ./system/src/kf32a_basic_adc.o

.stab.excl
 *(.stab.excl)

.stab.exclstr
 *(.stab.exclstr)

.stab.index
 *(.stab.index)

.stab.indexstr
 *(.stab.indexstr)

.comment
 *(.comment)

.debug
 *(.debug)

.line
 *(.line)

.debug_srcinfo
 *(.debug_srcinfo)

.debug_sfnames
 *(.debug_sfnames)

.debug_aranges
 *(.debug_aranges)

.debug_pubnames
 *(.debug_pubnames)

.debug_info
 *(.debug_info .gnu.linkonce.wi.*)

.debug_abbrev
 *(.debug_abbrev)

.debug_line
 *(.debug_line .debug_line.* .debug_line_end)

.debug_frame
 *(.debug_frame)

.debug_str
 *(.debug_str)

.debug_loc
 *(.debug_loc)

.debug_macinfo
 *(.debug_macinfo)

.debug_weaknames
 *(.debug_weaknames)

.debug_funcnames
 *(.debug_funcnames)

.debug_typenames
 *(.debug_typenames)

.debug_varnames
 *(.debug_varnames)

.debug_pubtypes
 *(.debug_pubtypes)

.debug_ranges
 *(.debug_ranges)

.debug_macro
 *(.debug_macro)

.gnu.attributes
 *(.gnu.attributes)

/DISCARD/
 *(.note.GNU-stack)
 *(.gnu_debuglink)
 *(.gnu.lto_*)
OUTPUT(ART_BOOT.elf elf32-kungfu32-little)
