<html>
<body>
<pre>
<h1>礦ision Build Log</h1>
<h2>Tool Versions:</h2>
IDE-Version: μVision V5.36.0.0
Copyright (C) 2021 ARM Ltd and ARM Germany GmbH. All rights reserved.
License Information: LI ZHI, ART, LIC=32B1Q-NAJXA-X7ERZ-JN616-YRS78-BJXF1
 
Tool Versions:
Toolchain:       MDK-ARM Plus  Version: 5.36.0.0
Toolchain Path:  C:\Keil_v5\ARM\ARMCC\Bin
C Compiler:      Armcc.exe V5.06 update 7 (build 960)
Assembler:       Armasm.exe V5.06 update 7 (build 960)
Linker/Locator:  ArmLink.exe V5.06 update 7 (build 960)
Library Manager: ArmAr.exe V5.06 update 7 (build 960)
Hex Converter:   FromElf.exe V5.06 update 7 (build 960)
CPU DLL:         SARMCM3.DLL V5.36.0.0
Dialog DLL:      DARMCM1.DLL V1.19.4.0
Target DLL:      Segger\JL2CM3.dll V2.99.40.0
Dialog DLL:      TARMCM1.DLL V1.14.4.0
 
<h2>Project:</h2>
E:\桌面\B40-BYD\b40\b40.uvprojx
Project File Date:  12/09/2022

<h2>Output:</h2>
*** Using Compiler 'V5.06 update 7 (build 960)', folder: 'C:\Keil_v5\ARM\ARMCC\Bin'
Rebuild target 'b40'
creating preprocessor file for eeprom.c...
creating preprocessor file for main.c...
creating preprocessor file for adc.c...
creating preprocessor file for BF7006AMxx_it.c...
creating preprocessor file for can_protol.c...
creating preprocessor file for bootloader.c...
compiling bootloader.c...
creating preprocessor file for pluse.c...
creating preprocessor file for power_out.c...
compiling adc.c...
src\adc.c(44): warning:  #940-D: missing return statement at end of non-void function "Filter" 
  }
src\adc.c(38): warning:  #177-D: function "Filter"  was declared but never referenced
  static uint16_t Filter(uint16_t newdata,uint16_t olddata, uint8_t k)
src\adc.c: 2 warnings, 0 errors
creating preprocessor file for rain.c...
compiling BF7006AMxx_it.c...
compiling eeprom.c...
compiling main.c...
compiling pluse.c...
creating preprocessor file for switch.c...
creating preprocessor file for tsi.c...
creating preprocessor file for param.c...
compiling power_out.c...
src\power_out.c(128): warning:  #177-D: function "GetShortDiag"  was declared but never referenced
  static inline uint8_t GetShortDiag(PoutControl *p)
src\power_out.c: 1 warning, 0 errors
compiling can_protol.c...
creating preprocessor file for power.c...
compiling switch.c...
creating preprocessor file for init_section.c...
compiling rain.c...
creating preprocessor file for ringfifo.c...
compiling tsi.c...
compiling param.c...
creating preprocessor file for canhl.c...
compiling ringfifo.c...
compiling init_section.c...
creating preprocessor file for logic.c...
compiling power.c...
creating preprocessor file for logic1.c...
creating preprocessor file for logic2.c...
compiling canhl.c...
src\canhl.c(170): warning:  #177-D: variable "msg"  was declared but never referenced
  	can_frame msg;
src\canhl.c: 1 warning, 0 errors
creating preprocessor file for logic3.c...
compiling logic.c...
compiling logic1.c...
creating preprocessor file for logic4.c...
creating preprocessor file for logic5.c...
compiling logic2.c...
creating preprocessor file for BF7006AMxx_adc.c...
compiling logic3.c...
creating preprocessor file for BF7006AMxx_can.c...
creating preprocessor file for BF7006AMxx_eflash.c...
compiling logic4.c...
compiling logic5.c...
creating preprocessor file for BF7006AMxx_gpio.c...
creating preprocessor file for BF7006AMxx_pwm.c...
creating preprocessor file for BF7006AMxx_rtc.c...
compiling BF7006AMxx_adc.c...
compiling BF7006AMxx_gpio.c...
compiling BF7006AMxx_pwm.c...
creating preprocessor file for BF7006AMxx_sysctrl.c...
creating preprocessor file for BF7006AMxx_wdt.c...
creating preprocessor file for BF7006AMxx_timer.c...
compiling BF7006AMxx_eflash.c...
compiling BF7006AMxx_can.c...
compiling BF7006AMxx_rtc.c...
compiling BF7006AMxx_timer.c...
compiling BF7006AMxx_sysctrl.c...
creating preprocessor file for SEGGER_RTT.c...
creating preprocessor file for SEGGER_RTT_printf.c...
compiling BF7006AMxx_wdt.c...
assembling startup_BF7006AMxx.s...
creating preprocessor file for BF7006AMxx_config.c...
creating preprocessor file for system_BF7006AMxx.c...
compiling SEGGER_RTT_printf.c...
compiling BF7006AMxx_config.c...
compiling system_BF7006AMxx.c...
compiling SEGGER_RTT.c...
linking...
Program Size: Code=16236 RO-data=692 RW-data=1128 ZI-data=2680  
FromELF: creating hex file...
After Build - User command #1: E:\桌面\B40-BYD\b40\obj\..\PackScript\RunAfterBulid.bat C:\Keil_v5\ b40 E:\桌面\B40-BYD\b40\obj\ E:\桌面\B40-BYD\b40\obj\b40.axf B40Bootloader
已复制         1 个文件。
E:\桌面\B40-BYD\b40\obj\..\PackScript\B40Bootloader
E:\桌面\B40-BYD\b40\obj\..\bin\b40_CanUpdate.stm.b40
E:\桌面\B40-BYD\b40\obj\..\PackScript\B40BootloaderKey
已复制         1 个文件。
".\obj\b40.axf" - 0 Error(s), 4 Warning(s).

<h2>Software Packages used:</h2>

Package Vendor: ARM
                http://www.keil.com/pack/ARM.CMSIS.5.8.0.pack
                ARM.CMSIS.5.8.0
                CMSIS (Common Microcontroller Software Interface Standard)
   * Component: CORE Version: 5.5.0

Package Vendor: BYD
                
                BYD.BYDMicro_DFP.1.1.0
                BYD ARM Cortex-M0 Device Family Pack
   * Component: BF7x06 Header Version: 1.0.0
   * Component: ADC Version: 1.0.2
   * Component: CAN Version: 1.0.2
   * Component: EFlash Version: 1.0.3
   * Component: GPIO Version: 1.0.2
   * Component: PWM Version: 1.0.3
   * Component: RTC Version: 1.0.2
   * Component: Timer Version: 1.0.2
   * Component: Watch Dog Timer Version: 1.0.2
   * Component: System Control Version: 1.0.3
   * Component: RTT Version: 1.0.0
   * Component: Startup Version: 1.0.0

<h2>Collection of Component include folders:</h2>
  .\RTE\CMSIS\BF7006AM64
  .\RTE\Device\BF7006AM64
  .\RTE\SEGGER
  .\RTE\Startup\BF7006AM64
  .\RTE\_b40
  C:\Keil_v5\ARM\PACK\ARM\CMSIS\5.8.0\CMSIS\Core\Include
  C:\Keil_v5\ARM\PACK\BYD\BYDMicro_DFP\1.1.0\Device\Include\BF7006AMxx

<h2>Collection of Component Files used:</h2>

   * Component: ARM::CMSIS:CORE:5.5.0

   * Component: BYD::CMSIS:BF7x06 Header:1.0.0
      Include file:  Device\Include\CMSIS\absacc.h
      Include file:  Device\Include\CMSIS\core_cm0.h
      Include file:  Device\Include\BF7006AMxx\BF7006AMxx.h
      Include file:  Device\Include\CMSIS\cmsis_compiler.h
      Include file:  Device\Include\CMSIS\stdint.h
      Include file:  Device\Include\CMSIS\cmsis_armcc.h
      Include file:  Device\Include\CMSIS\stdio.h
      Include file:  Device\Include\CMSIS\system_ARMCM0.h

   * Component: BYD::Device:Peripheral Driver:ADC:1.0.2
      Source file:   Device\Source\BF7006AMxx\BF7006AMxx_adc.c
      Include file:  Device\Include\BF7006AMxx\BF7006AMxx_adc.h

   * Component: BYD::Device:Peripheral Driver:CAN:1.0.2
      Include file:  Device\Include\BF7006AMxx\BF7006AMxx_can.h
      Source file:   Device\Source\BF7006AMxx\BF7006AMxx_can.c

   * Component: BYD::Device:Peripheral Driver:EFlash:1.0.3
      Include file:  Device\Include\BF7006AMxx\BF7006AMxx_eflash.h
      Source file:   Device\Source\BF7006AMxx\BF7006AMxx_eflash.c

   * Component: BYD::Device:Peripheral Driver:GPIO:1.0.2
      Source file:   Device\Source\BF7006AMxx\BF7006AMxx_gpio.c
      Include file:  Device\Include\BF7006AMxx\BF7006AMxx_gpio.h

   * Component: BYD::Device:Peripheral Driver:PWM:1.0.3
      Source file:   Device\Source\BF7006AMxx\BF7006AMxx_pwm.c
      Include file:  Device\Include\BF7006AMxx\BF7006AMxx_pwm.h

   * Component: BYD::Device:Peripheral Driver:RTC:1.0.2
      Source file:   Device\Source\BF7006AMxx\BF7006AMxx_rtc.c
      Include file:  Device\Include\BF7006AMxx\BF7006AMxx_rtc.h

   * Component: BYD::Device:Peripheral Driver:Timer:1.0.2
      Source file:   Device\Source\BF7006AMxx\BF7006AMxx_timer.c
      Include file:  Device\Include\BF7006AMxx\BF7006AMxx_timer.h

   * Component: BYD::Device:Peripheral Driver:Watch Dog Timer:1.0.2
      Include file:  Device\Include\BF7006AMxx\BF7006AMxx_wdt.h
      Source file:   Device\Source\BF7006AMxx\BF7006AMxx_wdt.c

   * Component: BYD::Device:System Control:1.0.3
      Include file:  Device\Include\BF7006AMxx\BF7006AMxx_sysctrl.h
      Source file:   Device\Source\BF7006AMxx\BF7006AMxx_sysctrl.c

   * Component: BYD::SEGGER:RTT:1.0.0
      Source file:   RTT\SEGGER_RTT.c
      Source file:   RTT\SEGGER_RTT_printf.c
      Include file:  RTT\SEGGER_RTT.h
      Include file:  RTT\SEGGER_RTT_Conf.h

   * Component: BYD::Startup:Startup:1.0.0
      Source file:   Device\Source\ARM\startup_BF7006AMxx.s
      Source file:   Device\Source\BF7006AMxx\main.c
      Include file:  Device\Include\BF7006AMxx\BF7006AMxx_config.h
      Source file:   Device\Source\BF7006AMxx\BF7006AMxx_config.c
      Source file:   Device\Source\BF7006AMxx\system_BF7006AMxx.c
      Source file:   Device\Source\BF7006AMxx\BF7006AMxx_it.c
Build Time Elapsed:  00:00:02
</pre>
</body>
</html>
