C51 COMPILER V9.00   PAGE_SURFACE12                                                        12/13/2022 09:00:42 PAGE 1   


C51 COMPILER V9.00, COMPILATION OF MODULE PAGE_SURFACE12
OBJECT MODULE PLACED IN .\Object\page_surface12.obj
COMPILER INVOKED BY: F:\นคื๗ศํผþ\Keil\C51\BIN\C51.EXE Source\page_surface12.c LARGE OMF2 BROWSE INCDIR(.\IncludeFile;..\
                    -tw_lib\sys;..\tw_lib\drivers;.\resource;.\i51) DEFINE(T123AI) DEBUG PRINT(.\List\page_surface12.lst) OBJECT(.\Object\pag
                    -e_surface12.obj)

line level    source

   1          
   2          #include "sys.h"
   3          #include "tw_widget_sys.h"
   4          #include "res.h"
   5          #include "spiosd.h"
   6          #include "osd2api.h"
   7          
   8          #include "disp_config.h"
   9          
  10          #if (PAGE_ADD > 11)
  11          
  12          #include "page_surface12.h"
  13          #include "display.h"
  14          #include "mydrivers.h"
  15          
  16          
  17          unsigned char page_surface12_process (TW_EVENT* event)
  18          {
  19   1              switch(event->type)
  20   1              {
  21   2                      case TW_EVENT_TYPE_ENTER_SYSTEM:
  22   2                              dbg(2, (">>>>> Enter Menu Page\n\r"));
  23   2                              tw_td_draw(&main_surface12);
  24   2                              sosd_td_enable();
  25   2                              sosd_enable(DONT_LOAD);
  26   2                              clear_unalarm_area();
  27   2                              if(LIGHT_EN)
  28   2                              {
  29   3                                      LIGHT_EN = 0;
  30   3                                      IC_WritByte(TWIC_P1,0x63,0xf0);
  31   3                              }
  32   2                              display_surface12();
  33   2      
  34   2                              /* todo: Write Your Code Here */
  35   2      
  36   2                      break;
  37   2      
  38   2                      case TW_EVENT_TYPE_QUIT_SYSTEM:
  39   2                              dbg(2, (">>>>> QUIT Menu Page\n\r"));
  40   2      
  41   2                              /* todo: Write Your Code Here */
  42   2      
  43   2                      break;
  44   2      
  45   2                      default:        /* put to nodify if no process this event */
  46   2                              return TW_RETURN_NO_PROCESS;
  47   2      
  48   2      
  49   2              }
  50   1              return TW_RETURN_NONE;
  51   1      }
  52          #endif

C51 COMPILER V9.00   PAGE_SURFACE12                                                        12/13/2022 09:00:42 PAGE 2   


MODULE INFORMATION:   STATIC OVERLAYABLE
   CODE SIZE        =     71    ----
   CONSTANT SIZE    =     78    ----
   XDATA SIZE       =   ----    ----
   PDATA SIZE       =   ----    ----
   DATA SIZE        =   ----    ----
   IDATA SIZE       =   ----    ----
   BIT SIZE         =   ----    ----
   EDATA SIZE       =   ----    ----
   HDATA SIZE       =   ----    ----
   XDATA CONST SIZE =   ----    ----
   FAR CONST SIZE   =   ----    ----
END OF MODULE INFORMATION.


C51 COMPILATION COMPLETE.  0 WARNING(S),  0 ERROR(S)
