C51 COMPILER V9.00   PAGE_ID_TD_1_PNG_STRUCT                                               08/05/2014 10:20:10 PAGE 1   


C51 COMPILER V9.00, COMPILATION OF MODULE PAGE_ID_TD_1_PNG_STRUCT
OBJECT MODULE PLACED IN .\Object\page_ID_TD_1_PNG_struct.obj
COMPILER INVOKED BY: C:\Keil\C51\BIN\C51.EXE SourceFile\page_ID_TD_1_PNG_struct.c LARGE OMF2 BROWSE INCDIR(.\IncludeFile
                    -;..\tw_lib\sys;..\tw_lib\drivers) DEFINE(T123AI) DEBUG PRINT(.\List\page_ID_TD_1_PNG_struct.lst) OBJECT(.\Object\page_ID
                    -_TD_1_PNG_struct.obj)

line level    source

   1          #include "sys.h"
   2          #include "tw_widget_sys.h"
   3          #include "res.h"
   4          #include "page_ID_TD_1_PNG.h"
   5          
   6          struct tw_td code td_1_png = {
   7              ID_TD_1_PNG, 0, 0, 800, 480
   8          };
   9          
  10          struct tw_spr code spr_merge2_png = {
  11              ID_SPR_MERGE2_PNG, 360, 60, 136, 110, 9
  12          };
  13          
  14          struct tw_menu code     osd2_5054_menu = {
  15              ID_OSD2_5054,
  16              ID_TILE_5078,
  17                  ID_LUT_5077,
  18                  ID_OREG_5079,
  19              0xffff,
  20              0,
  21              0,
  22              50,
  23              20,
  24              15303,
  25              16,
  26              24,
  27          };
  28          unsigned char code ID_ICON_1L4_PNG_ids[] = {
  29                  1, 1, 1, 1, 1, 1, 1, 1, 1, 1, 1, 1, 1, 1, 1, 1, 
  30                  1, 1, 1, 1, 1, 1, 1, 1, 1, 1, 1, 1, 1, 1, 1, 1, 
  31                  1, 1, 1, 1, 1, 1, 1, 1, 1, 1, 1, 1, 1, 1, 1, 1, 
  32                  1, 1, 1, 1, 1, 1, 1, 1, 1, 1, 1, 1, 1, 1, 1, 1, 
  33                  1, 1, 1, 1, 1, 1, 1, 1, 1, 1, 1, 1, 1, 1, 1, 1, 
  34                  1, 1, 1, 1, 1, 1, 1, 1, 1, 1, 1, 1, 1, 1, 1, 1, 
  35                  1, 1, 1, 1, 1, 1, 1, 1, 1, 1, 1, 1, 1, 1, 1, 1, 
  36                  1, 1, 1, 1, 1, 1, 1, 1, 1, 1, 1, 1, 1, 1, 1, 1, 
  37                  1, 1, 1, 1, 1, 1, 1, 1, 1, 1, 1, 1, 1, 1, 1, 1, 
  38                  1, 1, 1, 1, 1, 1, 1, 1, 1, 1, 1, 1, 1, 1, 1, 1, 
  39                  1, 1, 1, 1, 1, 1, 1, 1, 1, 1, 1, 1, 1, 1, 1, 1, 
  40                  1, 1, 1, 1, 1, 1, 1, 1, 1, 1, 1, 1, 1, 1, 1, 1, 
  41                  1, 1, 1, 1, 1, 1, 1, 1, 1, 1, 1, 1, 1, 1, 1, 1, 
  42                  1, 1, 1, 1, 1, 1, 1, 1, 1, 1, 1, 1, 1, 1, 1, 1, 
  43                  1, 1, 1, 1, 1, 1, 1, 1, 1, 1, 1, 1, 1, 1, 1, 1, 
  44                  1, 1, 1, 1, 1, 1, 1, 1, 1, 1, 1, 1, 1, 1, 1, 1, 
  45                  1, 1, 1, 1, 1, 1, 1, 1, 1, 1, 1, 1, 1, 1, 1, 1, 
  46                  1, 1, 1, 1, 1, 1, 1, 1, 1, 1, 1, 1, 1, 1, 1, 1, 
  47                  1, 1, 1, 1, 1, 1, 1, 1, 1, 1, 1, 1, 1, 1, 1, 1, 
  48                  1, 1, 1, 1, 1, 1, 1, 1, 1, 1, 1, 1, 1, 1, 1, 1, 
  49                  1, 1, 1, 1, 1, 1, 1, 1, 1, 1, 1, 1, 1, 1, 1, 1, 
  50                  1, 1, 1, 1, 1, 1, 1, 1, 1, 1, 1, 1, 1, 1, 1, 1, 
  51                  1, 1, 1, 1, 1, 1, 1, 1, 1, 1, 1, 1, 1, 1, 1, 1, 
  52                  1, 1, 1, 2, 3, 4, 5, 1, 1, 1, 1, 1, 1, 1, 1, 1, 
  53                  1, 1, 1, 1, 1, 1, 1, 1, 1, 1, 1, 1, 1, 1, 1, 1, 
C51 COMPILER V9.00   PAGE_ID_TD_1_PNG_STRUCT                                               08/05/2014 10:20:10 PAGE 2   

  54                  1, 1, 1, 1, 1, 1, 1, 1, 1, 1, 1, 6, 7, 1, 1, 1, 
  55                  1, 1, 1, 1, 1, 1, 1, 8, 9, 10, 11, 12, 1, 1, 1, 1, 
  56                  1, 1, 1, 1, 1, 1, 1, 1, 1, 1, 1, 1, 1, 1, 1, 1, 
  57                  1, 1, 1, 1, 1, 1, 1, 1, 1, 1, 1, 1, 1, 1, 13, 14, 
  58                  1, 1, 1, 1, 1, 1, 1, 1, 1, 1, 1, 1, 15, 16, 17, 18, 
  59                  1, 1, 1, 1, 1, 1, 1, 1, 1, 1, 1, 1, 1, 1, 1, 1, 
  60                  1, 1, 1, 1, 1, 1, 1, 1, 1, 1, 1, 1, 1, 1, 1, 1, 
  61                  1, 19, 20, 1, 1, 1, 1, 1, 1, 1, 1, 1, 1, 1, 1, 1, 
  62                  21, 22, 23, 1, 1, 1, 1, 1, 1, 1, 1, 1, 1, 1, 1, 1, 
  63                  1, 1, 1, 1, 1, 1, 1, 1, 1, 1, 1, 1, 1, 1, 1, 1, 
  64                  1, 1, 1, 24, 25, 1, 1, 1, 1, 1, 1, 1, 1, 1, 1, 1, 
  65                  1, 1, 1, 1, 26, 27, 28, 1, 1, 1, 1, 1, 1, 1, 1, 1, 
  66                  1, 1, 1, 1, 1, 1, 1, 1, 1, 1, 1, 1, 1, 1, 1, 1, 
  67                  1, 1, 1, 1, 1, 1, 29, 1, 1, 1, 1, 1, 1, 1, 1, 1, 
  68                  1, 1, 1, 1, 1, 1, 1, 30, 31, 32, 1, 1, 1, 1, 1, 1, 
  69                  1, 1, 1, 1, 1, 1, 1, 1, 1, 1, 1, 1, 1, 1, 1, 1, 
  70                  1, 1, 1, 1, 1, 1, 1, 1, 33, 1, 1, 1, 1, 1, 1, 1, 
  71                  1, 1, 1, 1, 1, 1, 1, 1, 1, 1, 34, 35, 36, 1, 1, 1, 
  72                  1, 1, 1, 1, 1, 1, 1, 1, 1, 1, 1, 1, 1, 1, 1, 1, 
  73                  1, 1, 1, 1, 1, 1, 1, 1, 1, 1, 37, 1, 1, 1, 1, 1, 
  74                  1, 1, 1, 1, 1, 1, 1, 1, 1, 1, 1, 1, 1, 1, 38, 39, 
  75                  1, 1, 1, 1, 1, 1, 1, 1, 1, 1, 1, 1, 1, 1, 1, 1, 
  76                  1, 1, 1, 1, 1, 1, 1, 1, 1, 1, 1, 40, 41, 1, 1, 1, 
  77                  1, 1, 1, 1, 1, 1, 1, 1, 1, 1, 1, 1, 1, 1, 1, 1, 
  78                  1, 42, 43, 1, 1, 1, 1, 1, 1, 1, 1, 1, 1, 1, 1, 1, 
  79                  1, 1, 1, 1, 1, 1, 1, 1, 1, 1, 1, 1, 1, 44, 1, 1, 
  80                  1, 1, 1, 1, 1, 1, 1, 1, 1, 1, 1, 1, 1, 1, 1, 1, 
  81                  1, 1, 1, 45, 46, 1, 1, 1, 1, 1, 1, 1, 1, 1, 1, 1, 
  82                  1, 1, 1, 1, 1, 1, 1, 1, 1, 1, 1, 1, 1, 1, 1, 47, 
  83                  1, 1, 1, 1, 1, 1, 1, 1, 1, 1, 1, 1, 1, 1, 1, 1, 
  84                  1, 1, 1, 1, 1, 1, 48, 49, 1, 1, 1, 1, 1, 1, 1, 1, 
  85                  1, 1, 1, 1, 1, 1, 1, 1, 1, 1, 1, 1, 1, 1, 1, 1, 
  86                  50, 51, 1, 1, 1, 1, 1, 1, 1, 1, 1, 1, 1, 1, 1, 1, 
  87                  1, 1, 1, 1, 1, 1, 1, 1, 1, 52, 53, 1, 1, 1, 1, 1, 
  88                  1, 1, 1, 1, 1, 1, 1, 1, 1, 1, 1, 1, 1, 1, 1, 1, 
  89                  1, 1, 54, 1, 1, 1, 1, 1, 1, 1, 1, 1, 1, 1, 1, 1, 
  90                  1, 1, 1, 1, 1, 1, 1, 1, 1, 1, 1, 1, 55, 1, 1, 1, 
  91                  1, 1, 1, 1, 1, 1, 1, 1, };
  92          struct tw_icons code ID_OSD2_5054_ID_ICON_1L4_PNG = {
  93                  18,
  94                  1,
  95                  0,
  96                  0,
  97                  50,
  98                  20,
  99                  ID_ICON_1L4_PNG_ids,
 100          };
 101          struct tw_icon code ID_OSD2_5054_ID_ICON_LED1_PNG = {
 102                  25,
 103                  0,
 104                  3,
 105                  1,
 106                  2,
 107                  2,
 108                  56,
 109          };


MODULE INFORMATION:   STATIC OVERLAYABLE
   CODE SIZE        =   ----    ----
   CONSTANT SIZE    =   1059    ----
   XDATA SIZE       =   ----    ----
C51 COMPILER V9.00   PAGE_ID_TD_1_PNG_STRUCT                                               08/05/2014 10:20:10 PAGE 3   

   PDATA SIZE       =   ----    ----
   DATA SIZE        =   ----    ----
   IDATA SIZE       =   ----    ----
   BIT SIZE         =   ----    ----
   EDATA SIZE       =   ----    ----
   HDATA SIZE       =   ----    ----
   XDATA CONST SIZE =   ----    ----
   FAR CONST SIZE   =   ----    ----
END OF MODULE INFORMATION.


C51 COMPILATION COMPLETE.  0 WARNING(S),  0 ERROR(S)
