C51 COMPILER V9.00   PAGE_SURFACE1                                                         12/13/2022 09:00:41 PAGE 1   


C51 COMPILER V9.00, COMPILATION OF MODULE PAGE_SURFACE1
OBJECT MODULE PLACED IN .\Object\page_surface1.obj
COMPILER INVOKED BY: F:\นคื๗ศํผþ\Keil\C51\BIN\C51.EXE Source\page_surface1.c LARGE OMF2 BROWSE INCDIR(.\IncludeFile;..\t
                    -w_lib\sys;..\tw_lib\drivers;.\resource;.\i51) DEFINE(T123AI) DEBUG PRINT(.\List\page_surface1.lst) OBJECT(.\Object\page_
                    -surface1.obj)

line level    source

   1          
   2          #include "sys.h"
   3          #include "tw_widget_sys.h"
   4          #include "res.h"
   5          #include "spiosd.h"
   6          #include "osd2api.h"
   7          #include "disp_config.h"
   8          
   9          #if (PAGE_ADD > 0)
  10          
  11          #include "page_surface1.h"
  12          #include "display.h"
  13          #include "mydrivers.h"
  14          
  15          unsigned char page_surface1_process (TW_EVENT* event)
  16          {
  17   1              switch(event->type)
  18   1              {
  19   2                      case TW_EVENT_TYPE_ENTER_SYSTEM:
  20   2                              dbg(2, (">>>>> Enter Menu Page\n\r"));
  21   2                              tw_td_draw(&main_surface1);
  22   2                              sosd_td_enable();
  23   2                              sosd_enable(DONT_LOAD);
  24   2                              clear_unalarm_area();
  25   2                              if(LIGHT_EN)
  26   2                              {
  27   3                                      LIGHT_EN = 0;
  28   3                                      IC_WritByte(TWIC_P1,0x63,0xf0);
  29   3                              }
  30   2                              display_surface1();
  31   2      
  32   2                              /* todo: Write Your Code Here */
  33   2      
  34   2                      break;
  35   2      
  36   2                      case TW_EVENT_TYPE_QUIT_SYSTEM:
  37   2                              dbg(2, (">>>>> QUIT Menu Page\n\r"));
  38   2      
  39   2                              /* todo: Write Your Code Here */
  40   2      
  41   2                      break;
  42   2      
  43   2                      default:        /* put to nodify if no process this event */
  44   2                              return TW_RETURN_NO_PROCESS;
  45   2      
  46   2      
  47   2              }
  48   1              return TW_RETURN_NONE;
  49   1      }
  50          #endif


MODULE INFORMATION:   STATIC OVERLAYABLE
C51 COMPILER V9.00   PAGE_SURFACE1                                                         12/13/2022 09:00:41 PAGE 2   

   CODE SIZE        =     71    ----
   CONSTANT SIZE    =     77    ----
   XDATA SIZE       =   ----    ----
   PDATA SIZE       =   ----    ----
   DATA SIZE        =   ----    ----
   IDATA SIZE       =   ----    ----
   BIT SIZE         =   ----    ----
   EDATA SIZE       =   ----    ----
   HDATA SIZE       =   ----    ----
   XDATA CONST SIZE =   ----    ----
   FAR CONST SIZE   =   ----    ----
END OF MODULE INFORMATION.


C51 COMPILATION COMPLETE.  0 WARNING(S),  0 ERROR(S)
