Archive member included because of file (symbol)

C:/Program Files (x86)/ChipON IDE/KungFu32/ChipONCC32/ccr1_issue_v0/lib\libio.a(fprintf.o)
                              ./source/main.o (fprintf)
C:/Program Files (x86)/ChipON IDE/KungFu32/ChipONCC32/ccr1_issue_v0/lib\libio.a(vfprintf.o)
                              C:/Program Files (x86)/ChipON IDE/KungFu32/ChipONCC32/ccr1_issue_v0/lib\libio.a(fprintf.o) (vfprintf)
C:/Program Files (x86)/ChipON IDE/KungFu32/ChipONCC32/ccr1_issue_v0/lib\libio.a(putchar.o)
                              C:/Program Files (x86)/ChipON IDE/KungFu32/ChipONCC32/ccr1_issue_v0/lib\libio.a(vfprintf.o) (fputchar)
C:/Program Files (x86)/ChipON IDE/KungFu32/ChipONCC32/ccr1_issue_v0/lib\libstring.a(memset.o)
                              ./source/display.o (memset)
C:/Program Files (x86)/ChipON IDE/KungFu32/ChipONCC32/ccr1_issue_v0/lib\libstdlib.a(ftoa.o)
                              C:/Program Files (x86)/ChipON IDE/KungFu32/ChipONCC32/ccr1_issue_v0/lib\libio.a(vfprintf.o) (ftoa)
C:/Program Files (x86)/ChipON IDE/KungFu32/ChipONCC32/ccr1_issue_v0/lib\libstdlib.a(itoa.o)
                              C:/Program Files (x86)/ChipON IDE/KungFu32/ChipONCC32/ccr1_issue_v0/lib\libstdlib.a(ftoa.o) (uitoa)
C:/Program Files (x86)/ChipON IDE/KungFu32/ChipONCC32/ccr1_issue_v0/lib\libstdlib.a(ltoa.o)
                              C:/Program Files (x86)/ChipON IDE/KungFu32/ChipONCC32/ccr1_issue_v0/lib\libio.a(vfprintf.o) (ultoa)
C:/Program Files (x86)/ChipON IDE/KungFu32/ChipONCC32/ccr1_issue_v0/lib\libctype.a(ctype_tab.o)
                              C:/Program Files (x86)/ChipON IDE/KungFu32/ChipONCC32/ccr1_issue_v0/lib\libio.a(vfprintf.o) (_Ctype)
C:/Program Files (x86)/ChipON IDE/KungFu32/ChipONCC32/ccr1_issue_v0/lib\libcrtv1.a(adddf3.o)
                              ./source/system.o (__adddf3)
C:/Program Files (x86)/ChipON IDE/KungFu32/ChipONCC32/ccr1_issue_v0/lib\libcrtv1.a(addsf3.o)
                              ./source/system.o (__addsf3)
C:/Program Files (x86)/ChipON IDE/KungFu32/ChipONCC32/ccr1_issue_v0/lib\libcrtv1.a(divdf3.o)
                              ./source/system.o (__divdf3)
C:/Program Files (x86)/ChipON IDE/KungFu32/ChipONCC32/ccr1_issue_v0/lib\libcrtv1.a(divsf3.o)
                              ./source/system.o (__divsf3)
C:/Program Files (x86)/ChipON IDE/KungFu32/ChipONCC32/ccr1_issue_v0/lib\libcrtv1.a(fixdfsi.o)
                              ./source/system.o (__fixdfsi)
C:/Program Files (x86)/ChipON IDE/KungFu32/ChipONCC32/ccr1_issue_v0/lib\libcrtv1.a(fixunsdfsi.o)
                              ./source/system.o (__fixunsdfsi)
C:/Program Files (x86)/ChipON IDE/KungFu32/ChipONCC32/ccr1_issue_v0/lib\libcrtv1.a(fixunssfsi.o)
                              ./driver/canreceive.o (__fixunssfsi)
C:/Program Files (x86)/ChipON IDE/KungFu32/ChipONCC32/ccr1_issue_v0/lib\libcrtv1.a(floatsidf.o)
                              ./source/displayhelper.o (__floatsidf)
C:/Program Files (x86)/ChipON IDE/KungFu32/ChipONCC32/ccr1_issue_v0/lib\libcrtv1.a(floatsisf.o)
                              ./source/system.o (__floatsisf)
C:/Program Files (x86)/ChipON IDE/KungFu32/ChipONCC32/ccr1_issue_v0/lib\libcrtv1.a(floatunsisf.o)
                              ./driver/canreceive.o (__floatunsisf)
C:/Program Files (x86)/ChipON IDE/KungFu32/ChipONCC32/ccr1_issue_v0/lib\libcrtv1.a(gedf2.o)
                              ./source/displayhelper.o (__gtdf2)
C:/Program Files (x86)/ChipON IDE/KungFu32/ChipONCC32/ccr1_issue_v0/lib\libcrtv1.a(gesf2.o)
                              ./source/system.o (__gesf2)
C:/Program Files (x86)/ChipON IDE/KungFu32/ChipONCC32/ccr1_issue_v0/lib\libcrtv1.a(ledf2.o)
                              ./source/system.o (__ledf2)
C:/Program Files (x86)/ChipON IDE/KungFu32/ChipONCC32/ccr1_issue_v0/lib\libcrtv1.a(muldf3.o)
                              ./source/displayhelper.o (__muldf3)
C:/Program Files (x86)/ChipON IDE/KungFu32/ChipONCC32/ccr1_issue_v0/lib\libcrtv1.a(mulsf3.o)
                              ./driver/canreceive.o (__mulsf3)
C:/Program Files (x86)/ChipON IDE/KungFu32/ChipONCC32/ccr1_issue_v0/lib\libcrtv1.a(subdf3.o)
                              ./source/system.o (__subdf3)
C:/Program Files (x86)/ChipON IDE/KungFu32/ChipONCC32/ccr1_issue_v0/lib\libcrtv1.a(subsf3.o)
                              ./source/system.o (__subsf3)
C:/Program Files (x86)/ChipON IDE/KungFu32/ChipONCC32/ccr1_issue_v0/lib\libcrtv1.a(truncdfsf2.o)
                              C:/Program Files (x86)/ChipON IDE/KungFu32/ChipONCC32/ccr1_issue_v0/lib\libio.a(vfprintf.o) (__truncdfsf2)
C:/Program Files (x86)/ChipON IDE/KungFu32/ChipONCC32/ccr1_issue_v0/lib\libcrtv1.a(__clzsi2.o)
                              C:/Program Files (x86)/ChipON IDE/KungFu32/ChipONCC32/ccr1_issue_v0/lib\libcrtv1.a(adddf3.o) (__clzsi2)

@@@@@Discarded input sections

 .text          0x00000000        0x0 ./system/src/kf32a_basic_adc.o
 .data          0x00000000        0x0 ./system/src/kf32a_basic_adc.o
 .bss           0x00000000        0x0 ./system/src/kf32a_basic_adc.o
 .text$ADC_Struct_Init
                0x00000000       0x22 ./system/src/kf32a_basic_adc.o
 .text$ADC_Delay_Configuration
                0x00000000       0x24 ./system/src/kf32a_basic_adc.o
 .text$ADC_Delay_Struct_Init
                0x00000000        0xa ./system/src/kf32a_basic_adc.o
 .text$ADC_Analog_Watchdog_Configuration
                0x00000000       0x48 ./system/src/kf32a_basic_adc.o
 .text$ADC_Analog_Watchdog_Struct_Init
                0x00000000       0x10 ./system/src/kf32a_basic_adc.o
 .text$ADC_Watchdog_Single_Channel_Enable
                0x00000000        0xc ./system/src/kf32a_basic_adc.o
 .text$ADC_Scan_Mode_Enable
                0x00000000        0xc ./system/src/kf32a_basic_adc.o
 .text$ADC_Bosssel_Comparator_Calibration
                0x00000000        0xc ./system/src/kf32a_basic_adc.o
 .text$ADC_Bosssel_Calibration
                0x00000000        0xc ./system/src/kf32a_basic_adc.o
 .text$ADC_Trim_Current_Intensity_Bias
                0x00000000        0xc ./system/src/kf32a_basic_adc.o
 .text$ADC_Analog_Clock_Config
                0x00000000       0x10 ./system/src/kf32a_basic_adc.o
 .text$ADC_Data_Align_Config
                0x00000000        0xa ./system/src/kf32a_basic_adc.o
 .text$ADC_Clock_Source_Config
                0x00000000        0xc ./system/src/kf32a_basic_adc.o
 .text$ADC_Regular_Channel_DMA_Cmd
                0x00000000        0xc ./system/src/kf32a_basic_adc.o
 .text$ADC_High_Priority_Channel_DMA_Cmd
                0x00000000       0x14 ./system/src/kf32a_basic_adc.o
 .text$ADC_Double_Mode_Config
                0x00000000       0x18 ./system/src/kf32a_basic_adc.o
 .text$ADC_Reference_Voltage_Config
                0x00000000       0x10 ./system/src/kf32a_basic_adc.o
 .text$ADC_Analog_Watchdog_Channel_Config
                0x00000000       0x10 ./system/src/kf32a_basic_adc.o
 .text$ADC_Regular_Channel_Watchdog_Enable
                0x00000000        0xc ./system/src/kf32a_basic_adc.o
 .text$ADC_External_Trig_Conv_Enable
                0x00000000        0xe ./system/src/kf32a_basic_adc.o
 .text$ADC_External_Trig_Conv_Config
                0x00000000       0x10 ./system/src/kf32a_basic_adc.o
 .text$ADC_Regular_Sequencer_Length_Config
                0x00000000       0x14 ./system/src/kf32a_basic_adc.o
 .text$ADC_Regular_Channel_TxCCRy_Trig_Enable
                0x00000000       0x18 ./system/src/kf32a_basic_adc.o
 .text$ADC_Continuous_Mode_Cmd
                0x00000000        0xc ./system/src/kf32a_basic_adc.o
 .text$ADC_Disc_Mode_Channel_Count_Config
                0x00000000       0x18 ./system/src/kf32a_basic_adc.o
 .text$ADC_Disc_Mode_Cmd
                0x00000000        0xc ./system/src/kf32a_basic_adc.o
 .text$ADC_High_Priority_Watchdog_Enable
                0x00000000        0xc ./system/src/kf32a_basic_adc.o
 .text$ADC_HPExternal_Trig_Conv_Enable
                0x00000000        0xe ./system/src/kf32a_basic_adc.o
 .text$ADC_High_Priority_Channel_Config
                0x00000000       0x1a ./system/src/kf32a_basic_adc.o
 .text$ADC_High_Priority_Sequencer_Length_Config
                0x00000000       0x10 ./system/src/kf32a_basic_adc.o
 .text$ADC_Set_HPChannel_Conv_Value_Offset
                0x00000000        0x4 ./system/src/kf32a_basic_adc.o
 .text$ADC_HPExternal_Trig_Conv_Config
                0x00000000       0x10 ./system/src/kf32a_basic_adc.o
 .text$ADC_Software_HPStart_Conv
                0x00000000        0x6 ./system/src/kf32a_basic_adc.o
 .text$ADC_HPAuto_Conv_Cmd
                0x00000000        0xc ./system/src/kf32a_basic_adc.o
 .text$ADC_HPDisc_Mode_Cmd
                0x00000000        0xc ./system/src/kf32a_basic_adc.o
 .text$ADC_Get_HPConversion_Data
                0x00000000        0x8 ./system/src/kf32a_basic_adc.o
 .text$ADC_Set_INT_Enable
                0x00000000       0x1c ./system/src/kf32a_basic_adc.o
 .text$ADC_Clear_INT_Flag
                0x00000000       0x2c ./system/src/kf32a_basic_adc.o
 .text$ADC_Get_INT_Status
                0x00000000       0x18 ./system/src/kf32a_basic_adc.o
 .text          0x00000000        0x0 ./system/src/kf32a_basic_aes.o
 .data          0x00000000        0x0 ./system/src/kf32a_basic_aes.o
 .bss           0x00000000        0x0 ./system/src/kf32a_basic_aes.o
 .text$AES_Reset
                0x00000000       0x30 ./system/src/kf32a_basic_aes.o
 .text$AES_Configuration
                0x00000000       0x2c ./system/src/kf32a_basic_aes.o
 .text$AES_Struct_Init
                0x00000000       0x10 ./system/src/kf32a_basic_aes.o
 .text$AES_KEY0_DATA
                0x00000000        0xc ./system/src/kf32a_basic_aes.o
 .text$AES_KEY1_DATA
                0x00000000        0xc ./system/src/kf32a_basic_aes.o
 .text$AES_KEY2_DATA
                0x00000000        0xc ./system/src/kf32a_basic_aes.o
 .text$AES_KEY3_DATA
                0x00000000        0xc ./system/src/kf32a_basic_aes.o
 .text$AES_INPUT0_DATA
                0x00000000        0xc ./system/src/kf32a_basic_aes.o
 .text$AES_INPUT1_DATA
                0x00000000        0xc ./system/src/kf32a_basic_aes.o
 .text$AES_INPUT2_DATA
                0x00000000        0xc ./system/src/kf32a_basic_aes.o
 .text$AES_INPUT3_DATA
                0x00000000        0xc ./system/src/kf32a_basic_aes.o
 .text$GET_AES_OUTPUT0_DATA
                0x00000000        0xc ./system/src/kf32a_basic_aes.o
 .text$GET_AES_OUTPUT1_DATA
                0x00000000        0xc ./system/src/kf32a_basic_aes.o
 .text$GET_AES_OUTPUT2_DATA
                0x00000000        0xc ./system/src/kf32a_basic_aes.o
 .text$GET_AES_OUTPUT3_DATA
                0x00000000        0xc ./system/src/kf32a_basic_aes.o
 .text$AES_Get_Flag_Status
                0x00000000        0xc ./system/src/kf32a_basic_aes.o
 .text$AES_Start
                0x00000000       0x10 ./system/src/kf32a_basic_aes.o
 .text$AES_CLR_Flag_Status
                0x00000000       0x1c ./system/src/kf32a_basic_aes.o
 .text          0x00000000        0x0 ./system/src/kf32a_basic_atim.o
 .data          0x00000000        0x0 ./system/src/kf32a_basic_atim.o
 .bss           0x00000000        0x0 ./system/src/kf32a_basic_atim.o
 .text$ATIM_X_Configuration
                0x00000000       0x34 ./system/src/kf32a_basic_atim.o
 .text$ATIM_Z_Configuration
                0x00000000       0x34 ./system/src/kf32a_basic_atim.o
 .text$ATIM_Struct_Init
                0x00000000       0x1c ./system/src/kf32a_basic_atim.o
 .text$ATIM_X_Cmd
                0x00000000        0xe ./system/src/kf32a_basic_atim.o
 .text$ATIM_Z_Cmd
                0x00000000        0xe ./system/src/kf32a_basic_atim.o
 .text$ATIM_X_Updata_Configuration
                0x00000000       0x1a ./system/src/kf32a_basic_atim.o
 .text$ATIM_Z_Updata_Configuration
                0x00000000       0x1a ./system/src/kf32a_basic_atim.o
 .text$ATIM_X_Updata_Cmd
                0x00000000       0x10 ./system/src/kf32a_basic_atim.o
 .text$ATIM_Z_Updata_Cmd
                0x00000000       0x10 ./system/src/kf32a_basic_atim.o
 .text$ATIM_X_Set_Counter
                0x00000000        0x6 ./system/src/kf32a_basic_atim.o
 .text$ATIM_Z_Set_Counter
                0x00000000        0x6 ./system/src/kf32a_basic_atim.o
 .text$ATIM_X_Set_Period
                0x00000000        0x6 ./system/src/kf32a_basic_atim.o
 .text$ATIM_Z_Set_Period
                0x00000000        0x6 ./system/src/kf32a_basic_atim.o
 .text$ATIM_X_Set_Prescaler
                0x00000000        0x6 ./system/src/kf32a_basic_atim.o
 .text$ATIM_Z_Set_Prescaler
                0x00000000        0x6 ./system/src/kf32a_basic_atim.o
 .text$ATIM_X_Counter_Mode_Config
                0x00000000       0x10 ./system/src/kf32a_basic_atim.o
 .text$ATIM_Z_Counter_Mode_Config
                0x00000000       0x10 ./system/src/kf32a_basic_atim.o
 .text$ATIM_X_Clock_Config
                0x00000000        0xc ./system/src/kf32a_basic_atim.o
 .text$ATIM_Z_Clock_Config
                0x00000000        0xc ./system/src/kf32a_basic_atim.o
 .text$ATIM_X_Postscaler_Config
                0x00000000       0x10 ./system/src/kf32a_basic_atim.o
 .text$ATIM_Z_Postscaler_Config
                0x00000000       0x10 ./system/src/kf32a_basic_atim.o
 .text$ATIM_X_External_Pulse_Sync_Config
                0x00000000        0xe ./system/src/kf32a_basic_atim.o
 .text$ATIM_Z_External_Pulse_Sync_Config
                0x00000000        0xe ./system/src/kf32a_basic_atim.o
 .text$ATIM_X_Work_Mode_Config
                0x00000000        0xe ./system/src/kf32a_basic_atim.o
 .text$ATIM_Z_Work_Mode_Config
                0x00000000        0xe ./system/src/kf32a_basic_atim.o
 .text$ATIM_X_Get_Direction
                0x00000000        0xa ./system/src/kf32a_basic_atim.o
 .text$ATIM_Z_Get_Direction
                0x00000000        0xa ./system/src/kf32a_basic_atim.o
 .text$ATIM_X_Overflow_AD_Enable
                0x00000000        0xe ./system/src/kf32a_basic_atim.o
 .text$ATIM_Z_Overflow_AD_Enable
                0x00000000        0xe ./system/src/kf32a_basic_atim.o
 .text$ATIM_X_Underflow_AD_Enable
                0x00000000        0xe ./system/src/kf32a_basic_atim.o
 .text$ATIM_Z_Underflow_AD_Enable
                0x00000000        0xe ./system/src/kf32a_basic_atim.o
 .text$ATIM_X_TriggerAD_Config
                0x00000000        0xe ./system/src/kf32a_basic_atim.o
 .text$ATIM_Z_TriggerAD_Config
                0x00000000        0xe ./system/src/kf32a_basic_atim.o
 .text$ATIM_X_Set_TriggerAD_Signal
                0x00000000        0xa ./system/src/kf32a_basic_atim.o
 .text$ATIM_Z_Set_TriggerAD_Signal
                0x00000000        0x6 ./system/src/kf32a_basic_atim.o
 .text$ATIM_X_Updata_Immediately_Config
                0x00000000       0x10 ./system/src/kf32a_basic_atim.o
 .text$ATIM_Z_Updata_Immediately_Config
                0x00000000       0x10 ./system/src/kf32a_basic_atim.o
 .text$ATIM_X_Updata_Output_Ctl
                0x00000000       0x10 ./system/src/kf32a_basic_atim.o
 .text$ATIM_Z_Updata_Output_Ctl
                0x00000000       0x10 ./system/src/kf32a_basic_atim.o
 .text$ATIM_X_Updata_Enable
                0x00000000       0x10 ./system/src/kf32a_basic_atim.o
 .text$ATIM_Z_Updata_Enable
                0x00000000       0x10 ./system/src/kf32a_basic_atim.o
 .text$ATIM_X_Set_Updata_Counter
                0x00000000        0x8 ./system/src/kf32a_basic_atim.o
 .text$ATIM_Z_Set_Updata_Counter
                0x00000000        0x8 ./system/src/kf32a_basic_atim.o
 .text$ATIM_X_Slave_Mode_Config
                0x00000000       0x12 ./system/src/kf32a_basic_atim.o
 .text$ATIM_Z_Slave_Mode_Config
                0x00000000       0x14 ./system/src/kf32a_basic_atim.o
 .text$ATIM_Master_Mode_Config
                0x00000000       0x10 ./system/src/kf32a_basic_atim.o
 .text$ATIM_Master_Slave_Snyc_Enable
                0x00000000       0x10 ./system/src/kf32a_basic_atim.o
 .text$ATIM_Trigger_Select_Config
                0x00000000       0x14 ./system/src/kf32a_basic_atim.o
 .text$ATIM_Timer_Unite_Enable
                0x00000000       0x10 ./system/src/kf32a_basic_atim.o
 .text$ATIM_X_Get_Counter
                0x00000000        0x6 ./system/src/kf32a_basic_atim.o
 .text$ATIM_Z_Get_Counter
                0x00000000        0x6 ./system/src/kf32a_basic_atim.o
 .text$ATIM_X_Get_Period
                0x00000000        0x6 ./system/src/kf32a_basic_atim.o
 .text$ATIM_Z_Get_Period
                0x00000000        0x6 ./system/src/kf32a_basic_atim.o
 .text$ATIM_X_Get_Prescaler
                0x00000000        0x6 ./system/src/kf32a_basic_atim.o
 .text$ATIM_Z_Get_Prescaler
                0x00000000        0x6 ./system/src/kf32a_basic_atim.o
 .text$ATIM_X_Updata_INT_Enable
                0x00000000       0x10 ./system/src/kf32a_basic_atim.o
 .text$ATIM_Z_Updata_INT_Enable
                0x00000000       0x10 ./system/src/kf32a_basic_atim.o
 .text$ATIM_X_Overflow_INT_Enable
                0x00000000       0x10 ./system/src/kf32a_basic_atim.o
 .text$ATIM_Z_Overflow_INT_Enable
                0x00000000       0x10 ./system/src/kf32a_basic_atim.o
 .text$ATIM_X_Trigger_INT_Enable
                0x00000000       0x10 ./system/src/kf32a_basic_atim.o
 .text$ATIM_X_Updata_DMA_Enable
                0x00000000       0x10 ./system/src/kf32a_basic_atim.o
 .text$ATIM_Z_Updata_DMA_Enable
                0x00000000       0x10 ./system/src/kf32a_basic_atim.o
 .text$ATIM_X_Trigger_DMA_Enable
                0x00000000       0x10 ./system/src/kf32a_basic_atim.o
 .text$ATIM_X_Get_Updata_INT_Flag
                0x00000000        0xc ./system/src/kf32a_basic_atim.o
 .text$ATIM_Z_Get_Updata_INT_Flag
                0x00000000        0xc ./system/src/kf32a_basic_atim.o
 .text$ATIM_X_Get_Overflow_INT_Flag
                0x00000000        0xc ./system/src/kf32a_basic_atim.o
 .text$ATIM_Z_Get_Overflow_INT_Flag
                0x00000000        0xc ./system/src/kf32a_basic_atim.o
 .text$ATIM_X_Get_Trigger_INT_Flag
                0x00000000        0xc ./system/src/kf32a_basic_atim.o
 .text$ATIM_X_Generate_Trigger_Config
                0x00000000       0x10 ./system/src/kf32a_basic_atim.o
 .text$ATIM_X_Get_Updata_DMA_INT_Flag
                0x00000000        0xc ./system/src/kf32a_basic_atim.o
 .text$ATIM_Z_Get_Updata_DMA_INT_Flag
                0x00000000        0xc ./system/src/kf32a_basic_atim.o
 .text$ATIM_X_Get_Trigger_DMA_INT_Flag
                0x00000000        0xc ./system/src/kf32a_basic_atim.o
 .text$ATIM_X_Clear_Updata_INT_Flag
                0x00000000       0x1a ./system/src/kf32a_basic_atim.o
 .text$ATIM_Z_Clear_Updata_INT_Flag
                0x00000000       0x1a ./system/src/kf32a_basic_atim.o
 .text$ATIM_X_Clear_Overflow_INT_Flag
                0x00000000       0x1a ./system/src/kf32a_basic_atim.o
 .text$ATIM_Z_Clear_Overflow_INT_Flag
                0x00000000       0x1a ./system/src/kf32a_basic_atim.o
 .text$ATIM_X_Clear_Trigger_INT_Flag
                0x00000000       0x1a ./system/src/kf32a_basic_atim.o
 .text$ECCP_Compare_Configuration
                0x00000000       0x22 ./system/src/kf32a_basic_atim.o
 .text$ECCP_Capture_Configuration
                0x00000000       0x2e ./system/src/kf32a_basic_atim.o
 .text$ECCP_Capture_Struct_Init
                0x00000000        0xc ./system/src/kf32a_basic_atim.o
 .text$ECCP_PWM_Configuration
                0x00000000       0xa8 ./system/src/kf32a_basic_atim.o
 .text$ECCP_PWM_Struct_Init
                0x00000000       0x18 ./system/src/kf32a_basic_atim.o
 .text$ECCP_Capture_Mode_Config
                0x00000000       0x16 ./system/src/kf32a_basic_atim.o
 .text$ECCP_Compare_Mode_Config
                0x00000000       0x16 ./system/src/kf32a_basic_atim.o
 .text$ECCP_PWM_Mode_Config
                0x00000000       0x10 ./system/src/kf32a_basic_atim.o
 .text$ECCP_Get_Capture_Result
                0x00000000        0xc ./system/src/kf32a_basic_atim.o
 .text$ECCP_Get_Compare_Result
                0x00000000        0xc ./system/src/kf32a_basic_atim.o
 .text$ECCP_Set_Compare_Result
                0x00000000        0xc ./system/src/kf32a_basic_atim.o
 .text$ECCP_Generate_Trigger_Config
                0x00000000       0x1a ./system/src/kf32a_basic_atim.o
 .text$ECCP_PWM_Input_Enable
                0x00000000       0x10 ./system/src/kf32a_basic_atim.o
 .text$ECCP_Input_XOR_Enable
                0x00000000       0x10 ./system/src/kf32a_basic_atim.o
 .text$ECCP_Single_Pulse_Enable
                0x00000000       0x10 ./system/src/kf32a_basic_atim.o
 .text$ECCP_Single_Pulse_Shut_Enable
                0x00000000       0x10 ./system/src/kf32a_basic_atim.o
 .text$ECCP_PWM_Restart_Enable
                0x00000000       0x10 ./system/src/kf32a_basic_atim.o
 .text$ECCP_Dead_Time_Config
                0x00000000       0x28 ./system/src/kf32a_basic_atim.o
 .text$ECCP_Channel_Output_Control
                0x00000000       0x18 ./system/src/kf32a_basic_atim.o
 .text$ECCP_Channel_Output_Mode
                0x00000000       0x18 ./system/src/kf32a_basic_atim.o
 .text$ECCP_Channel_Work_State_Config
                0x00000000       0x18 ./system/src/kf32a_basic_atim.o
 .text$ECCP_Get_Channel_Work_State
                0x00000000       0x16 ./system/src/kf32a_basic_atim.o
 .text$ECCP_CHANNEL4_Shutdown_SEL
                0x00000000        0xe ./system/src/kf32a_basic_atim.o
 .text$ECCP_Channel_Shutdown_Signal
                0x00000000       0x16 ./system/src/kf32a_basic_atim.o
 .text$ECCP_Channel_Pin_Ctl
                0x00000000       0x24 ./system/src/kf32a_basic_atim.o
 .text$ECCP_Zero_Clock_Config
                0x00000000       0x14 ./system/src/kf32a_basic_atim.o
 .text$ECCP_Channel_Pin_Tristate_Enable
                0x00000000       0x1a ./system/src/kf32a_basic_atim.o
 .text$ECCP_Channel_INT_Enable
                0x00000000       0x1a ./system/src/kf32a_basic_atim.o
 .text$ECCP_X_Turn_off_DMA_Enable
                0x00000000       0x10 ./system/src/kf32a_basic_atim.o
 .text$ECCP_Channel_DMA_Enable
                0x00000000       0x1a ./system/src/kf32a_basic_atim.o
 .text$ECCP_Get_Channel_Trigger_INT_Flag
                0x00000000       0x14 ./system/src/kf32a_basic_atim.o
 .text$ECCP_X_Get_Turn_off_DMA_Flag
                0x00000000        0xc ./system/src/kf32a_basic_atim.o
 .text$ECCP_Get_Trigger_DMA_INT_Flag
                0x00000000       0x14 ./system/src/kf32a_basic_atim.o
 .text$ECCP_Clear_Channel_INT_Flag
                0x00000000       0x2a ./system/src/kf32a_basic_atim.o
 .text$ECCP_PWM_Move_Phase_Enable
                0x00000000       0x10 ./system/src/kf32a_basic_atim.o
 .text$ECCP_Channel_Zero_Detect_Sequential_Ctl
                0x00000000       0x16 ./system/src/kf32a_basic_atim.o
 .text$ECCP_Get_Channel_Zero_Detection_State
                0x00000000       0x14 ./system/src/kf32a_basic_atim.o
 .text$ECCP_Clear_Channel_Zero_Detection_State
                0x00000000       0x10 ./system/src/kf32a_basic_atim.o
 .text$ECCP_Channel_Zero_Detect_Enable
                0x00000000       0x18 ./system/src/kf32a_basic_atim.o
 .text$ECCP_Channel_Zero_Voltage_Config
                0x00000000       0x1a ./system/src/kf32a_basic_atim.o
 .text          0x00000000        0x0 ./system/src/kf32a_basic_bkp.o
 .data          0x00000000        0x0 ./system/src/kf32a_basic_bkp.o
 .bss           0x00000000        0x0 ./system/src/kf32a_basic_bkp.o
 .text$BKP_Reset
                0x00000000        0xc ./system/src/kf32a_basic_bkp.o
 .text$BKP_Write_And_Read_Enable
                0x00000000       0xe8 ./system/src/kf32a_basic_bkp.o
 .text$BKP_Reset_Enable
                0x00000000       0x14 ./system/src/kf32a_basic_bkp.o
 .text$BKP_Pin_Effective_Level_Config
                0x00000000       0x22 ./system/src/kf32a_basic_bkp.o
 .text$BKP_Pin_Enable
                0x00000000       0x22 ./system/src/kf32a_basic_bkp.o
 .text$BKP_RTC_Clock_Config
                0x00000000       0x14 ./system/src/kf32a_basic_bkp.o
 .text$BKP_External_Clock_Bypass_Enable
                0x00000000       0x1e ./system/src/kf32a_basic_bkp.o
 .text$BKP_Data_Config
                0x00000000       0x10 ./system/src/kf32a_basic_bkp.o
 .text$BKP_Get_Data
                0x00000000       0x10 ./system/src/kf32a_basic_bkp.o
 .text$BKP_Pin_TAMP_INT_Enable
                0x00000000       0x22 ./system/src/kf32a_basic_bkp.o
 .text$BKP_Get_Pin_TAMP_INT_Flag
                0x00000000       0x1c ./system/src/kf32a_basic_bkp.o
 .text$BKP_Clear_Pin_TAMP_INT_Flag
                0x00000000       0x30 ./system/src/kf32a_basic_bkp.o
 .data$static$pmwrenbkp.1929
                0x00000000        0x4 ./system/src/kf32a_basic_bkp.o
 .data$static$bkpregclrbkp.1930
                0x00000000        0x4 ./system/src/kf32a_basic_bkp.o
 .data$static$bkpwrbkp.1931
                0x00000000        0x4 ./system/src/kf32a_basic_bkp.o
 .text          0x00000000        0x0 ./system/src/kf32a_basic_btim.o
 .data          0x00000000        0x0 ./system/src/kf32a_basic_btim.o
 .bss           0x00000000        0x0 ./system/src/kf32a_basic_btim.o
 .text$BTIM_Configuration
                0x00000000       0x48 ./system/src/kf32a_basic_btim.o
 .text$BTIM_Struct_Init
                0x00000000       0x20 ./system/src/kf32a_basic_btim.o
 .text$BTIM_Cmd
                0x00000000        0xe ./system/src/kf32a_basic_btim.o
 .text$BTIM_Set_Counter
                0x00000000        0x6 ./system/src/kf32a_basic_btim.o
 .text$BTIM_Set_Period
                0x00000000        0x6 ./system/src/kf32a_basic_btim.o
 .text$BTIM_Set_Prescaler
                0x00000000        0x6 ./system/src/kf32a_basic_btim.o
 .text$BTIM_Counter_Mode_Config
                0x00000000       0x10 ./system/src/kf32a_basic_btim.o
 .text$BTIM_Clock_Config
                0x00000000        0xc ./system/src/kf32a_basic_btim.o
 .text$BTIM_External_Pulse_Sync_Config
                0x00000000        0xe ./system/src/kf32a_basic_btim.o
 .text$BTIM_Work_Mode_Config
                0x00000000        0xe ./system/src/kf32a_basic_btim.o
 .text$BTIM_Generate_Trigger_Config
                0x00000000        0xe ./system/src/kf32a_basic_btim.o
 .text$BTIM_Single_Pulse_Enable
                0x00000000        0xe ./system/src/kf32a_basic_btim.o
 .text$BTIM_Single_Pulse_Shut_Enable
                0x00000000        0xe ./system/src/kf32a_basic_btim.o
 .text$BTIM_Updata_Immediately_Config
                0x00000000        0xe ./system/src/kf32a_basic_btim.o
 .text$BTIM_Master_Slave_Snyc_Config
                0x00000000        0xe ./system/src/kf32a_basic_btim.o
 .text$BTIM_Trigger_Select_Config
                0x00000000       0x10 ./system/src/kf32a_basic_btim.o
 .text$BTIM_Slave_Mode_Config
                0x00000000        0xe ./system/src/kf32a_basic_btim.o
 .text$BTIM_Master_Mode_Config
                0x00000000        0xc ./system/src/kf32a_basic_btim.o
 .text$BTIM_Updata_Rising_Edge_Config
                0x00000000        0xe ./system/src/kf32a_basic_btim.o
 .text$BTIM_Updata_Enable
                0x00000000        0xe ./system/src/kf32a_basic_btim.o
 .text$BTIM_Get_Direction
                0x00000000        0xa ./system/src/kf32a_basic_btim.o
 .text$BTIM_Get_Counter
                0x00000000        0x6 ./system/src/kf32a_basic_btim.o
 .text$BTIM_Get_Period
                0x00000000        0x6 ./system/src/kf32a_basic_btim.o
 .text$BTIM_Get_Prescaler
                0x00000000        0x6 ./system/src/kf32a_basic_btim.o
 .text$BTIM_Trigger_DMA_Enable
                0x00000000        0xe ./system/src/kf32a_basic_btim.o
 .text$BTIM_Updata_DMA_Enable
                0x00000000        0xe ./system/src/kf32a_basic_btim.o
 .text$BTIM_Overflow_INT_Enable
                0x00000000        0xe ./system/src/kf32a_basic_btim.o
 .text$BTIM_Trigger_INT_Enable
                0x00000000        0xe ./system/src/kf32a_basic_btim.o
 .text$BTIM_Updata_INT_Enable
                0x00000000        0xe ./system/src/kf32a_basic_btim.o
 .text$BTIM_Get_Trigger_DMA_INT_Status
                0x00000000        0xa ./system/src/kf32a_basic_btim.o
 .text$BTIM_Get_Updata_DMA_INT_Status
                0x00000000        0xa ./system/src/kf32a_basic_btim.o
 .text$BTIM_Get_Overflow_INT_Status
                0x00000000        0xa ./system/src/kf32a_basic_btim.o
 .text$BTIM_Get_Trigger_INT_Status
                0x00000000        0xa ./system/src/kf32a_basic_btim.o
 .text$BTIM_Get_Updata_INT_Status
                0x00000000        0x8 ./system/src/kf32a_basic_btim.o
 .text$BTIM_Get_Trigger_DMA_INT_Flag
                0x00000000        0xa ./system/src/kf32a_basic_btim.o
 .text$BTIM_Get_Updata_DMA_INT_Flag
                0x00000000        0xa ./system/src/kf32a_basic_btim.o
 .text$BTIM_Get_Overflow_INT_Flag
                0x00000000        0xa ./system/src/kf32a_basic_btim.o
 .text$BTIM_Get_Trigger_INT_Flag
                0x00000000        0xa ./system/src/kf32a_basic_btim.o
 .text$BTIM_Get_Updata_INT_Flag
                0x00000000        0x8 ./system/src/kf32a_basic_btim.o
 .text$BTIM_Clear_Overflow_INT_Flag
                0x00000000       0x12 ./system/src/kf32a_basic_btim.o
 .text$BTIM_Clear_Trigger_INT_Flag
                0x00000000       0x12 ./system/src/kf32a_basic_btim.o
 .text$BTIM_Clear_Updata_INT_Flag
                0x00000000       0x12 ./system/src/kf32a_basic_btim.o
 .text          0x00000000        0x0 ./system/src/kf32a_basic_can.o
 .data          0x00000000        0x0 ./system/src/kf32a_basic_can.o
 .bss           0x00000000        0x0 ./system/src/kf32a_basic_can.o
 .text$CAN_Struct_Init
                0x00000000       0x18 ./system/src/kf32a_basic_can.o
 .text$CAN_Get_Receive_Message_Counter
                0x00000000       0x10 ./system/src/kf32a_basic_can.o
 .text$CAN_Cmd  0x00000000        0xc ./system/src/kf32a_basic_can.o
 .text$CAN_Clock_Source_Config
                0x00000000        0xc ./system/src/kf32a_basic_can.o
 .text$CAN_Sleep_Mode_Enable
                0x00000000        0xc ./system/src/kf32a_basic_can.o
 .text$CAN_Reset_Mode_Enable
                0x00000000        0xc ./system/src/kf32a_basic_can.o
 .text$CAN_Work_Mode_Config
                0x00000000        0xc ./system/src/kf32a_basic_can.o
 .text$CAN_Bus_Sample_Times_Config
                0x00000000        0xe ./system/src/kf32a_basic_can.o
 .text$CAN_Time_Segment_Config
                0x00000000       0x18 ./system/src/kf32a_basic_can.o
 .text$CAN_Sync_Jump_Width_Config
                0x00000000        0xe ./system/src/kf32a_basic_can.o
 .text$CAN_Baud_Rate_Preset_Config
                0x00000000        0xe ./system/src/kf32a_basic_can.o
 .text$CAN_Get_Error_Code
                0x00000000       0x2c ./system/src/kf32a_basic_can.o
 .text$CAN_Get_Error_Warning_Limit
                0x00000000        0x6 ./system/src/kf32a_basic_can.o
 .text$CAN_Get_Error_Counter
                0x00000000       0x18 ./system/src/kf32a_basic_can.o
 .text$CAN_Error_Warning_Limit_Config
                0x00000000       0x18 ./system/src/kf32a_basic_can.o
 .text$CAN_Error_Counter_Config
                0x00000000       0x26 ./system/src/kf32a_basic_can.o
 .text$CAN_Acceptance_Config
                0x00000000        0x4 ./system/src/kf32a_basic_can.o
 .text$CAN_Get_Acceptance
                0x00000000        0x4 ./system/src/kf32a_basic_can.o
 .text$CAN_Acceptance_Mask_Config
                0x00000000        0x4 ./system/src/kf32a_basic_can.o
 .text$CAN_Get_Acceptance_Mask
                0x00000000        0x4 ./system/src/kf32a_basic_can.o
 .text$CAN_Message_Struct_Init
                0x00000000       0x1e ./system/src/kf32a_basic_can.o
 .text$CAN_Clear_Buffer_Overflow_Flag
                0x00000000       0x1e ./system/src/kf32a_basic_can.o
 .text$CAN_Transmit_Single
                0x00000000       0x24 ./system/src/kf32a_basic_can.o
 .text$CAN_Transmit_Repeat
                0x00000000       0x14 ./system/src/kf32a_basic_can.o
 .text$CAN_Frame_Format_Config
                0x00000000        0xe ./system/src/kf32a_basic_can.o
 .text$CAN_Remote_Request_Config
                0x00000000        0xe ./system/src/kf32a_basic_can.o
 .text$CAN_Data_Length_Config
                0x00000000        0xe ./system/src/kf32a_basic_can.o
 .text$CAN_Identification_Code_Config
                0x00000000       0x24 ./system/src/kf32a_basic_can.o
 .text          0x00000000        0x0 ./system/src/kf32a_basic_cfgl.o
 .data          0x00000000        0x0 ./system/src/kf32a_basic_cfgl.o
 .bss           0x00000000        0x0 ./system/src/kf32a_basic_cfgl.o
 .text$CFGL_Reset
                0x00000000       0x30 ./system/src/kf32a_basic_cfgl.o
 .text$CFGL_Configuration
                0x00000000      0x130 ./system/src/kf32a_basic_cfgl.o
 .text$CFGL_Struct_Init
                0x00000000       0x9c ./system/src/kf32a_basic_cfgl.o
 .text$CFGL2_OUT_SYNCHRO_Enable
                0x00000000       0x14 ./system/src/kf32a_basic_cfgl.o
 .text$CFGL1_OUT_SYNCHRO_Enable
                0x00000000       0x14 ./system/src/kf32a_basic_cfgl.o
 .text$CFGL2_FALLINT_Enable
                0x00000000       0x24 ./system/src/kf32a_basic_cfgl.o
 .text$CFGL2_RISEINT_Enable
                0x00000000       0x24 ./system/src/kf32a_basic_cfgl.o
 .text$CFGL1_FALLINT_Enable
                0x00000000       0x24 ./system/src/kf32a_basic_cfgl.o
 .text$CFGL1_RISEINT_Enable
                0x00000000       0x24 ./system/src/kf32a_basic_cfgl.o
 .text$CFGL1_Get_INT_Flag
                0x00000000       0x10 ./system/src/kf32a_basic_cfgl.o
 .text$CFGL2_Get_INT_Flag
                0x00000000       0x10 ./system/src/kf32a_basic_cfgl.o
 .text$CFGL1_Clear_RISEINT_Flag
                0x00000000       0x20 ./system/src/kf32a_basic_cfgl.o
 .text$CFGL1_Clear_FALLINT_Flag
                0x00000000       0x20 ./system/src/kf32a_basic_cfgl.o
 .text$CFGL1_Clear_RISEFALLINT_Flag
                0x00000000       0x24 ./system/src/kf32a_basic_cfgl.o
 .text$CFGL2_Clear_RISEINT_Flag
                0x00000000       0x1c ./system/src/kf32a_basic_cfgl.o
 .text$CFGL2_Clear_RISEFALLINT_Flag
                0x00000000       0x20 ./system/src/kf32a_basic_cfgl.o
 .text$CFGL2_Clear_FALLINT_Flag
                0x00000000       0x1c ./system/src/kf32a_basic_cfgl.o
 .text$CFGL2_OUT_STATE
                0x00000000       0x10 ./system/src/kf32a_basic_cfgl.o
 .text$CFGL1_OUT_STATE
                0x00000000       0x10 ./system/src/kf32a_basic_cfgl.o
 .text          0x00000000        0x0 ./system/src/kf32a_basic_cmp.o
 .data          0x00000000        0x0 ./system/src/kf32a_basic_cmp.o
 .bss           0x00000000        0x0 ./system/src/kf32a_basic_cmp.o
 .text$CMP_Reset
                0x00000000       0x30 ./system/src/kf32a_basic_cmp.o
 .text$CMP_Configuration
                0x00000000      0x198 ./system/src/kf32a_basic_cmp.o
 .text$CMP_Struct_Init
                0x00000000       0x1a ./system/src/kf32a_basic_cmp.o
 .text$CMP0_POSITIVE_INPUT_SELECT
                0x00000000       0x18 ./system/src/kf32a_basic_cmp.o
 .text$CMP0_NEGATIVE_INPUT_SELECT
                0x00000000       0x18 ./system/src/kf32a_basic_cmp.o
 .text$CMP1_POSITIVE_INPUT_SELECT
                0x00000000       0x18 ./system/src/kf32a_basic_cmp.o
 .text$CMP1_NEGATIVE_INPUT_SELECT
                0x00000000       0x18 ./system/src/kf32a_basic_cmp.o
 .text$CMP2_POSITIVE_INPUT_SELECT
                0x00000000       0x18 ./system/src/kf32a_basic_cmp.o
 .text$CMP2_NEGATIVE_INPUT_SELECT
                0x00000000       0x18 ./system/src/kf32a_basic_cmp.o
 .text$CMP3_POSITIVE_INPUT_SELECT
                0x00000000       0x2c ./system/src/kf32a_basic_cmp.o
 .text$CMP3_NEGATIVE_INPUT_SELECT
                0x00000000       0x18 ./system/src/kf32a_basic_cmp.o
 .text$CMP0_OUTPUT_POL_SELECT
                0x00000000       0x10 ./system/src/kf32a_basic_cmp.o
 .text$CMP1_OUTPUT_POL_SELECT
                0x00000000       0x10 ./system/src/kf32a_basic_cmp.o
 .text$CMP2_OUTPUT_POL_SELECT
                0x00000000       0x10 ./system/src/kf32a_basic_cmp.o
 .text$CMP3_OUTPUT_POL_SELECT
                0x00000000       0x10 ./system/src/kf32a_basic_cmp.o
 .text$CMP_OUTPUT_SELECT
                0x00000000       0x14 ./system/src/kf32a_basic_cmp.o
 .text$CMP0_Cmd
                0x00000000       0x14 ./system/src/kf32a_basic_cmp.o
 .text$CMP1_Cmd
                0x00000000       0x14 ./system/src/kf32a_basic_cmp.o
 .text$CMP2_Cmd
                0x00000000       0x14 ./system/src/kf32a_basic_cmp.o
 .text$CMP3_Cmd
                0x00000000       0x14 ./system/src/kf32a_basic_cmp.o
 .text$CMP0_Read_Output_State
                0x00000000       0x10 ./system/src/kf32a_basic_cmp.o
 .text$CMP1_Read_Output_State
                0x00000000       0x10 ./system/src/kf32a_basic_cmp.o
 .text$CMP2_Read_Output_State
                0x00000000       0x10 ./system/src/kf32a_basic_cmp.o
 .text$CMP3_Read_Output_State
                0x00000000        0xc ./system/src/kf32a_basic_cmp.o
 .text$CMP0_Get_Updata_INT_Flag
                0x00000000       0x10 ./system/src/kf32a_basic_cmp.o
 .text$CMP1_Get_Updata_INT_Flag
                0x00000000       0x10 ./system/src/kf32a_basic_cmp.o
 .text$CMP2_Get_Updata_INT_Flag
                0x00000000       0x10 ./system/src/kf32a_basic_cmp.o
 .text$CMP3_Get_Updata_INT_Flag
                0x00000000       0x10 ./system/src/kf32a_basic_cmp.o
 .text$CMP_Trigger_Select_Config
                0x00000000       0x10 ./system/src/kf32a_basic_cmp.o
 .text$CMP0_Clear_Trigger_INT_Flag
                0x00000000       0x1c ./system/src/kf32a_basic_cmp.o
 .text$CMP1_Clear_Trigger_INT_Flag
                0x00000000       0x1c ./system/src/kf32a_basic_cmp.o
 .text$CMP2_Clear_Trigger_INT_Flag
                0x00000000       0x1c ./system/src/kf32a_basic_cmp.o
 .text$CMP3_Clear_Trigger_INT_Flag
                0x00000000       0x1c ./system/src/kf32a_basic_cmp.o
 .text$CMP0_INT_Enable
                0x00000000       0x14 ./system/src/kf32a_basic_cmp.o
 .text$CMP1_INT_Enable
                0x00000000       0x14 ./system/src/kf32a_basic_cmp.o
 .text$CMP2_INT_Enable
                0x00000000       0x14 ./system/src/kf32a_basic_cmp.o
 .text$CMP3_INT_Enable
                0x00000000       0x14 ./system/src/kf32a_basic_cmp.o
 .text$CMP_SluggishVoltage_Select
                0x00000000       0x14 ./system/src/kf32a_basic_cmp.o
 .text$CMP_HALLMODE_Select
                0x00000000       0x10 ./system/src/kf32a_basic_cmp.o
 .text$CMP_BEMF_Enable
                0x00000000       0x14 ./system/src/kf32a_basic_cmp.o
 .text$CMP_FLTINSEL_Select
                0x00000000       0x10 ./system/src/kf32a_basic_cmp.o
 .text          0x00000000        0x0 ./system/src/kf32a_basic_crc.o
 .data          0x00000000        0x0 ./system/src/kf32a_basic_crc.o
 .bss           0x00000000        0x0 ./system/src/kf32a_basic_crc.o
 .text$CRC_Reset
                0x00000000       0x30 ./system/src/kf32a_basic_crc.o
 .text$CRC_Configuration
                0x00000000       0x24 ./system/src/kf32a_basic_crc.o
 .text$CRC_Struct_Init
                0x00000000        0xc ./system/src/kf32a_basic_crc.o
 .text$CRC_INPUT_DATA
                0x00000000        0xc ./system/src/kf32a_basic_crc.o
 .text$CRC_GET_RESULT
                0x00000000        0xc ./system/src/kf32a_basic_crc.o
 .text$CRC_SET_INITVALUE
                0x00000000        0xc ./system/src/kf32a_basic_crc.o
 .text$CRC_SET_PLN
                0x00000000        0xc ./system/src/kf32a_basic_crc.o
 .text$CRC_SET_RXOR
                0x00000000        0xc ./system/src/kf32a_basic_crc.o
 .text$CRC_SET_IDATA
                0x00000000        0xc ./system/src/kf32a_basic_crc.o
 .text$CRC_GET_TEMP
                0x00000000        0xc ./system/src/kf32a_basic_crc.o
 .text$CRC_SET_RSET
                0x00000000       0x10 ./system/src/kf32a_basic_crc.o
 .text          0x00000000        0x0 ./system/src/kf32a_basic_dac.o
 .data          0x00000000        0x0 ./system/src/kf32a_basic_dac.o
 .bss           0x00000000        0x0 ./system/src/kf32a_basic_dac.o
 .text$DAC_Reset
                0x00000000       0x74 ./system/src/kf32a_basic_dac.o
 .text$DAC_Configuration
                0x00000000       0x54 ./system/src/kf32a_basic_dac.o
 .text$DAC_Struct_Init
                0x00000000       0x1a ./system/src/kf32a_basic_dac.o
 .text$DAC_Cmd  0x00000000        0xc ./system/src/kf32a_basic_dac.o
 .text$DAC_Software_Trigger_Cmd
                0x00000000        0xc ./system/src/kf32a_basic_dac.o
 .text$DAC_DMA_Cmd
                0x00000000        0xc ./system/src/kf32a_basic_dac.o
 .text$DAC_Output_Buffer_Config
                0x00000000        0xe ./system/src/kf32a_basic_dac.o
 .text$DAC_Output_Port_Config
                0x00000000        0xe ./system/src/kf32a_basic_dac.o
 .text$DAC_Write_Output_Data
                0x00000000        0x4 ./system/src/kf32a_basic_dac.o
 .text$DAC_Read_Output_Data
                0x00000000        0xc ./system/src/kf32a_basic_dac.o
 .text$DAC_Calibration_Config
                0x00000000       0x2c ./system/src/kf32a_basic_dac.o
 .text$DAC_Calibration_Struct_Init
                0x00000000        0xe ./system/src/kf32a_basic_dac.o
 .text          0x00000000        0x0 ./system/src/kf32a_basic_dma.o
 .data          0x00000000        0x0 ./system/src/kf32a_basic_dma.o
 .bss           0x00000000        0x0 ./system/src/kf32a_basic_dma.o
 .text$DMA_Reset
                0x00000000       0x74 ./system/src/kf32a_basic_dma.o
 .text$DMA_Configuration
                0x00000000       0x5c ./system/src/kf32a_basic_dma.o
 .text$DMA_Struct_Init
                0x00000000       0x1c ./system/src/kf32a_basic_dma.o
 .text$DMA_Transfer_Number_Config
                0x00000000        0xe ./system/src/kf32a_basic_dma.o
 .text$DMA_Memory_To_Memory_Enable
                0x00000000       0x10 ./system/src/kf32a_basic_dma.o
 .text$DMA_Channel_Priority_Config
                0x00000000       0x10 ./system/src/kf32a_basic_dma.o
 .text$DMA_Peripheral_Data_Width_Config
                0x00000000       0x10 ./system/src/kf32a_basic_dma.o
 .text$DMA_Memory_Data_Width_Config
                0x00000000       0x10 ./system/src/kf32a_basic_dma.o
 .text$DMA_Peripheral_addr_increase_Enable
                0x00000000       0x10 ./system/src/kf32a_basic_dma.o
 .text$DMA_Memory_addr_increase_Enable
                0x00000000       0x10 ./system/src/kf32a_basic_dma.o
 .text$DMA_Loop_Mode_Enable
                0x00000000       0x10 ./system/src/kf32a_basic_dma.o
 .text$DMA_Transfer_Direction_Config
                0x00000000       0x10 ./system/src/kf32a_basic_dma.o
 .text$DMA_Transfer_Mode_Config
                0x00000000       0x10 ./system/src/kf32a_basic_dma.o
 .text$DMA_Oneshot_Enable
                0x00000000       0x10 ./system/src/kf32a_basic_dma.o
 .text$DMA_Channel_Enable
                0x00000000       0x10 ./system/src/kf32a_basic_dma.o
 .text$DMA_Peripheral_Start_Address_Config
                0x00000000        0x8 ./system/src/kf32a_basic_dma.o
 .text$DMA_Memory_Start_Address_Config
                0x00000000        0x8 ./system/src/kf32a_basic_dma.o
 .text$DMA_Get_Peripheral_Current_Address
                0x00000000        0x8 ./system/src/kf32a_basic_dma.o
 .text$DMA_Get_Memory_Current_Address
                0x00000000        0x8 ./system/src/kf32a_basic_dma.o
 .text$DMA_Get_Transfer_Number_Remain
                0x00000000        0xa ./system/src/kf32a_basic_dma.o
 .text$DMA_Get_INT_Flag
                0x00000000       0x18 ./system/src/kf32a_basic_dma.o
 .text$DMA_Clear_INT_Flag
                0x00000000       0x14 ./system/src/kf32a_basic_dma.o
 .text$DMA_Set_INT_Enable
                0x00000000       0x20 ./system/src/kf32a_basic_dma.o
 .text$DMA_Get_Error_Transfer_INT_Flag
                0x00000000       0x1a ./system/src/kf32a_basic_dma.o
 .text$DMA_Get_Half_Transfer_INT_Flag
                0x00000000       0x1a ./system/src/kf32a_basic_dma.o
 .text$DMA_Get_Finish_Transfer_INT_Flag
                0x00000000       0x1a ./system/src/kf32a_basic_dma.o
 .text$DMA_Error_Transfer_INT_Enable
                0x00000000       0x20 ./system/src/kf32a_basic_dma.o
 .text$DMA_Half_Transfer_INT_Enable
                0x00000000       0x20 ./system/src/kf32a_basic_dma.o
 .text$DMA_Finish_Transfer_INT_Enable
                0x00000000       0x20 ./system/src/kf32a_basic_dma.o
 .text          0x00000000        0x0 ./system/src/kf32a_basic_exic.o
 .data          0x00000000        0x0 ./system/src/kf32a_basic_exic.o
 .bss           0x00000000        0x0 ./system/src/kf32a_basic_exic.o
 .text$EXIC_Reset
                0x00000000       0x30 ./system/src/kf32a_basic_exic.o
 .text$EXIC_Configuration
                0x00000000       0x78 ./system/src/kf32a_basic_exic.o
 .text$EXIC_Struct_Init
                0x00000000       0x2c ./system/src/kf32a_basic_exic.o
 .text$EXIC_Get_Write_Finish_INT_Flag
                0x00000000       0x10 ./system/src/kf32a_basic_exic.o
 .text$EXIC_Clear_Write_Finish_INT_Flag
                0x00000000       0x1c ./system/src/kf32a_basic_exic.o
 .text$EXIC_Get_Read_Finish_INT_Flag
                0x00000000       0x10 ./system/src/kf32a_basic_exic.o
 .text$EXIC_Clear_Read_Finish_INT_Flag
                0x00000000       0x1c ./system/src/kf32a_basic_exic.o
 .text$EXIC_Write_Buff
                0x00000000        0xc ./system/src/kf32a_basic_exic.o
 .text$EXIC_Read_Buff
                0x00000000        0xc ./system/src/kf32a_basic_exic.o
 .text          0x00000000        0x0 ./system/src/kf32a_basic_flash.o
 .data          0x00000000        0x0 ./system/src/kf32a_basic_flash.o
 .bss           0x00000000        0x0 ./system/src/kf32a_basic_flash.o
 .indata$CHECK_RESTRICTION_RAM
                0x00000000        0x8 ./system/src/kf32a_basic_flash.o
 .indata$FLASH_Get_NonVolatile_Memory_Unlock_Status_RAM
                0x00000000       0x10 ./system/src/kf32a_basic_flash.o
 .indata$FLASH_Clear_NonVolatile_Memory_Unlock_Status_RAM
                0x00000000       0x1c ./system/src/kf32a_basic_flash.o
 .text$FLASH_Clear_NonVolatile_Memory_Unlock_Status
                0x00000000       0x1c ./system/src/kf32a_basic_flash.o
 .indata$FLASH_Unlock_ISP_RAM
                0x00000000       0x18 ./system/src/kf32a_basic_flash.o
 .text$FLASH_Unlock_ISP
                0x00000000       0x18 ./system/src/kf32a_basic_flash.o
 .indata$FLASH_Get_Flash_Unlock_Status_RAM
                0x00000000       0x10 ./system/src/kf32a_basic_flash.o
 .indata$FLASH_Clear_Flash_Unlock_Status_RAM
                0x00000000       0x1c ./system/src/kf32a_basic_flash.o
 .text$FLASH_Clear_Flash_Unlock_Status
                0x00000000       0x1c ./system/src/kf32a_basic_flash.o
 .indata$FLASH_Unlock_Code_RAM
                0x00000000       0x18 ./system/src/kf32a_basic_flash.o
 .text$FLASH_Unlock_Code
                0x00000000       0x18 ./system/src/kf32a_basic_flash.o
 .indata$FLASH_Get_Config_Unlock_Status_RAM
                0x00000000       0x10 ./system/src/kf32a_basic_flash.o
 .indata$FLASH_Clear_Config_Unlock_Status_RAM
                0x00000000       0x1c ./system/src/kf32a_basic_flash.o
 .text$FLASH_Clear_Config_Unlock_Status
                0x00000000       0x1c ./system/src/kf32a_basic_flash.o
 .indata$FLASH_Unlock_User_Config_RAM
                0x00000000       0x18 ./system/src/kf32a_basic_flash.o
 .text$FLASH_Unlock_User_Config
                0x00000000       0x18 ./system/src/kf32a_basic_flash.o
 .indata$FLASH_Data_Write_Enable_RAM
                0x00000000       0x18 ./system/src/kf32a_basic_flash.o
 .indata$FLASH_Zone_Config_RAM
                0x00000000       0x20 ./system/src/kf32a_basic_flash.o
 .text$FLASH_Zone_Config
                0x00000000       0x14 ./system/src/kf32a_basic_flash.o
 .indata$FLASH_Standby_Mode_Config_RAM
                0x00000000       0x30 ./system/src/kf32a_basic_flash.o
 .indata$FLASH_Read_Mode_Config_RAM
                0x00000000       0x20 ./system/src/kf32a_basic_flash.o
 .indata$FLASH_Calibration_Updata_Enable_RAM
                0x00000000       0x28 ./system/src/kf32a_basic_flash.o
 .indata$FLASH_Information_Zone_Wipe_Unlock_Config_RAM
                0x00000000       0x28 ./system/src/kf32a_basic_flash.o
 .indata$FLASH_Half_Page_Write_Size_Config_RAM
                0x00000000       0x24 ./system/src/kf32a_basic_flash.o
 .indata$FLASH_Program_Cmd_Config_RAM
                0x00000000       0x28 ./system/src/kf32a_basic_flash.o
 .indata$FLASH_Executive_Cmd_RAM
                0x00000000       0x1c ./system/src/kf32a_basic_flash.o
 .text$FLASH_Executive_Cmd
                0x00000000       0x1c ./system/src/kf32a_basic_flash.o
 .indata$FLASH_NonVolatile_Memory_ECC_Enable_RAM
                0x00000000       0x18 ./system/src/kf32a_basic_flash.o
 .indata$FLASH_Linear_Prefetch_Enable_RAM
                0x00000000       0x18 ./system/src/kf32a_basic_flash.o
 .indata$FLASH_Period_Number_Config_RAM
                0x00000000       0x20 ./system/src/kf32a_basic_flash.o
 .indata$FLASH_Program_Addr_Config_RAM
                0x00000000       0x20 ./system/src/kf32a_basic_flash.o
 .indata$FLASH_Get_Program_Status_RAM
                0x00000000       0x10 ./system/src/kf32a_basic_flash.o
 .text$FLASH_Get_Program_Status
                0x00000000       0x10 ./system/src/kf32a_basic_flash.o
 .indata$FLASH_Get_Wipe_Status_RAM
                0x00000000       0x10 ./system/src/kf32a_basic_flash.o
 .text$FLASH_Get_Wipe_Status
                0x00000000       0x10 ./system/src/kf32a_basic_flash.o
 .indata$FLASH_Get_Compute_Complete_Status_RAM
                0x00000000       0x10 ./system/src/kf32a_basic_flash.o
 .indata$FLASH_Clear_Compute_Complete_Status_RAM
                0x00000000       0x20 ./system/src/kf32a_basic_flash.o
 .indata$FLASH_Get_CFG_Error_Flag_RAM
                0x00000000       0x10 ./system/src/kf32a_basic_flash.o
 .indata$FLASH_Clear_CFG_Error_Flag_RAM
                0x00000000       0x20 ./system/src/kf32a_basic_flash.o
 .indata$FLASH_CheckSum_Addr_Config_RAM
                0x00000000       0x20 ./system/src/kf32a_basic_flash.o
 .indata$FLASH_Start_SIG_Compute_Enable_RAM
                0x00000000       0x18 ./system/src/kf32a_basic_flash.o
 .indata$FLASH_Get_CheckSum_Result_RAM
                0x00000000       0x18 ./system/src/kf32a_basic_flash.o
 .text$FLASH_Wipe_Configuration
                0x00000000       0xac ./system/src/kf32a_basic_flash.o
 .text$FLASH_Program_Configuration
                0x00000000      0x118 ./system/src/kf32a_basic_flash.o
 .indata$Read_Flash_or_CFR_RAM
                0x00000000       0x9c ./system/src/kf32a_basic_flash.o
 .text$Read_Flash_or_CFR
                0x00000000       0x9c ./system/src/kf32a_basic_flash.o
 .text$Read_Soft_Device_ID1
                0x00000000       0x18 ./system/src/kf32a_basic_flash.o
 .text$Read_Soft_Device_ID2
                0x00000000       0x18 ./system/src/kf32a_basic_flash.o
 .text$Read_Soft_Device_ID3
                0x00000000       0x18 ./system/src/kf32a_basic_flash.o
 .text$Read_Soft_Device_ID4
                0x00000000       0x18 ./system/src/kf32a_basic_flash.o
 .bss$comm$read_data
                0x00000000        0x4 ./system/src/kf32a_basic_flash.o
 .text          0x00000000        0x0 ./system/src/kf32a_basic_gpio.o
 .data          0x00000000        0x0 ./system/src/kf32a_basic_gpio.o
 .bss           0x00000000        0x0 ./system/src/kf32a_basic_gpio.o
 .text$GPIO_Reset
                0x00000000      0x124 ./system/src/kf32a_basic_gpio.o
 .text$GPIO_Pin_Lock_Config
                0x00000000       0x1e ./system/src/kf32a_basic_gpio.o
 .text$GPIO_Pull_Up_Enable
                0x00000000       0x16 ./system/src/kf32a_basic_gpio.o
 .text$GPIO_Toggle_Pull_Up_Config
                0x00000000        0xa ./system/src/kf32a_basic_gpio.o
 .text$GPIO_Pull_Down_Enable
                0x00000000       0x16 ./system/src/kf32a_basic_gpio.o
 .text$GPIO_Toggle_Pull_Down_Config
                0x00000000        0xa ./system/src/kf32a_basic_gpio.o
 .text$GPIO_Open_Drain_Enable
                0x00000000       0x16 ./system/src/kf32a_basic_gpio.o
 .text$GPIO_Toggle_Open_Drain_Config
                0x00000000        0xa ./system/src/kf32a_basic_gpio.o
 .text$GPIO_Speed_Config
                0x00000000       0x2a ./system/src/kf32a_basic_gpio.o
 .text$GPIO_Toggle_Speed_Config
                0x00000000       0x20 ./system/src/kf32a_basic_gpio.o
 .text$GPIO_Read_Input_Data
                0x00000000        0x6 ./system/src/kf32a_basic_gpio.o
 .text$GPIO_Read_Output_Data
                0x00000000        0x6 ./system/src/kf32a_basic_gpio.o
 .text$GPIO_Toggle_Output_Data_Config
                0x00000000        0xa ./system/src/kf32a_basic_gpio.o
 .text          0x00000000        0x0 ./system/src/kf32a_basic_gptim.o
 .data          0x00000000        0x0 ./system/src/kf32a_basic_gptim.o
 .bss           0x00000000        0x0 ./system/src/kf32a_basic_gptim.o
 .text$GPTIM_Configuration
                0x00000000       0x6a ./system/src/kf32a_basic_gptim.o
 .text$GPTIM_Struct_Init
                0x00000000       0x1e ./system/src/kf32a_basic_gptim.o
 .text$GPTIM_External_Pulse_Sync_Config
                0x00000000        0xe ./system/src/kf32a_basic_gptim.o
 .text$GPTIM_Master_Slave_Snyc_Config
                0x00000000        0xe ./system/src/kf32a_basic_gptim.o
 .text$GPTIM_Trigger_Select_Config
                0x00000000       0x10 ./system/src/kf32a_basic_gptim.o
 .text$GPTIM_Slave_Mode_Config
                0x00000000        0xe ./system/src/kf32a_basic_gptim.o
 .text$GPTIM_Master_Mode_Config
                0x00000000        0xe ./system/src/kf32a_basic_gptim.o
 .text$GPTIM_Updata_Rising_Edge_Config
                0x00000000        0xe ./system/src/kf32a_basic_gptim.o
 .text$GPTIM_Trigger_DMA_Enable
                0x00000000        0xe ./system/src/kf32a_basic_gptim.o
 .text$GPTIM_Updata_DMA_Enable
                0x00000000        0xe ./system/src/kf32a_basic_gptim.o
 .text$GPTIM_Updata_INT_Enable
                0x00000000        0xe ./system/src/kf32a_basic_gptim.o
 .text$GPTIM_Trigger_INT_Enable
                0x00000000        0xe ./system/src/kf32a_basic_gptim.o
 .text$GPTIM_Generate_Trigger_Config
                0x00000000        0xe ./system/src/kf32a_basic_gptim.o
 .text$GPTIM_Get_Direction
                0x00000000        0xa ./system/src/kf32a_basic_gptim.o
 .text$GPTIM_Get_Counter
                0x00000000       0x20 ./system/src/kf32a_basic_gptim.o
 .text$GPTIM_Get_Period
                0x00000000       0x20 ./system/src/kf32a_basic_gptim.o
 .text$GPTIM_Get_Prescaler
                0x00000000       0x20 ./system/src/kf32a_basic_gptim.o
 .text$GPTIM_Clear_Trigger_INT_Flag
                0x00000000       0x14 ./system/src/kf32a_basic_gptim.o
 .text$GPTIM_Get_Overflow_INT_Flag
                0x00000000        0xa ./system/src/kf32a_basic_gptim.o
 .text$GPTIM_Get_Updata_INT_Flag
                0x00000000        0xa ./system/src/kf32a_basic_gptim.o
 .text$GPTIM_Get_Trigger_INT_Flag
                0x00000000        0xa ./system/src/kf32a_basic_gptim.o
 .text$GPTIM_Get_Updata_DMA_INT_Flag
                0x00000000        0xa ./system/src/kf32a_basic_gptim.o
 .text$GPTIM_Get_Trigger_DMA_INT_Flag
                0x00000000        0xa ./system/src/kf32a_basic_gptim.o
 .text$CCP_Compare_Configuration
                0x00000000       0x36 ./system/src/kf32a_basic_gptim.o
 .text$CCP_Compare_Struct_Init
                0x00000000        0xc ./system/src/kf32a_basic_gptim.o
 .text$CCP_Capture_Configuration
                0x00000000       0x34 ./system/src/kf32a_basic_gptim.o
 .text$CCP_Capture_Struct_Init
                0x00000000       0x10 ./system/src/kf32a_basic_gptim.o
 .text$CCP_PWM_Configuration
                0x00000000       0x62 ./system/src/kf32a_basic_gptim.o
 .text$CCP_PWM_Struct_Init
                0x00000000       0x12 ./system/src/kf32a_basic_gptim.o
 .text$CCP_Capture_Mode_Config
                0x00000000       0x14 ./system/src/kf32a_basic_gptim.o
 .text$CCP_Compare_Mode_Config
                0x00000000       0x14 ./system/src/kf32a_basic_gptim.o
 .text$CCP_Get_Capture_Result
                0x00000000       0x24 ./system/src/kf32a_basic_gptim.o
 .text$CCP_Get_Compare_Result
                0x00000000       0x24 ./system/src/kf32a_basic_gptim.o
 .text$CCP_Compare_PWM_Signal_Clear
                0x00000000       0x16 ./system/src/kf32a_basic_gptim.o
 .text$CCP_Compare_Check_Config
                0x00000000        0xc ./system/src/kf32a_basic_gptim.o
 .text$CCP_Single_Pulse_Shut_Enable
                0x00000000        0xe ./system/src/kf32a_basic_gptim.o
 .text$CCP_Single_Pulse_Enable
                0x00000000        0xe ./system/src/kf32a_basic_gptim.o
 .text$CCP_PWM_Input_Measurement_Config
                0x00000000        0xe ./system/src/kf32a_basic_gptim.o
 .text$CCP_Input_XOR_Config
                0x00000000        0xe ./system/src/kf32a_basic_gptim.o
 .text$CCP_Channel_DMA_Config
                0x00000000       0x18 ./system/src/kf32a_basic_gptim.o
 .text$CCP_Generate_Trigger_Config
                0x00000000       0x18 ./system/src/kf32a_basic_gptim.o
 .text$CCP_USART_Receive_Config
                0x00000000        0xe ./system/src/kf32a_basic_gptim.o
 .text$CCP_Get_Channel_Trigger_INT_Flag
                0x00000000       0x12 ./system/src/kf32a_basic_gptim.o
 .text$CCP_Get_Trigger_DMA_INT_Flag
                0x00000000       0x12 ./system/src/kf32a_basic_gptim.o
 .text$CCP_Channel_INT_Config
                0x00000000       0x18 ./system/src/kf32a_basic_gptim.o
 .text$CCP_Clear_Channel_INT_Flag
                0x00000000       0x24 ./system/src/kf32a_basic_gptim.o
 .text          0x00000000        0x0 ./system/src/kf32a_basic_i2c.o
 .data          0x00000000        0x0 ./system/src/kf32a_basic_i2c.o
 .bss           0x00000000        0x0 ./system/src/kf32a_basic_i2c.o
 .text$I2C_Reset
                0x00000000       0xbc ./system/src/kf32a_basic_i2c.o
 .text$I2C_Configuration
                0x00000000       0x34 ./system/src/kf32a_basic_i2c.o
 .text$I2C_Struct_Init
                0x00000000       0x16 ./system/src/kf32a_basic_i2c.o
 .text$I2C_Cmd  0x00000000        0xc ./system/src/kf32a_basic_i2c.o
 .text$I2C_Bufr_Address_Config
                0x00000000        0xc ./system/src/kf32a_basic_i2c.o
 .text$I2C_Generate_START
                0x00000000        0xc ./system/src/kf32a_basic_i2c.o
 .text$I2C_Generate_STOP
                0x00000000        0xc ./system/src/kf32a_basic_i2c.o
 .text$I2C_Ack_Config
                0x00000000        0xc ./system/src/kf32a_basic_i2c.o
 .text$I2C_Ack_DATA_Config
                0x00000000        0xc ./system/src/kf32a_basic_i2c.o
 .text$I2C_Call_Cmd
                0x00000000        0xc ./system/src/kf32a_basic_i2c.o
 .text$I2C_Clock_Config
                0x00000000        0xc ./system/src/kf32a_basic_i2c.o
 .text$I2C_MATCH_ADDRESS_Config
                0x00000000        0xc ./system/src/kf32a_basic_i2c.o
 .text$I2C_SCL_Enable
                0x00000000        0xc ./system/src/kf32a_basic_i2c.o
 .text$I2C_NMENA_Enable
                0x00000000        0xc ./system/src/kf32a_basic_i2c.o
 .text$I2C_SMBUS_Enable
                0x00000000        0xc ./system/src/kf32a_basic_i2c.o
 .text$I2C_SMBT_Config
                0x00000000        0xc ./system/src/kf32a_basic_i2c.o
 .text$I2C_SMBus_ALERT_Config
                0x00000000        0xc ./system/src/kf32a_basic_i2c.o
 .text$I2C_SendData
                0x00000000        0x4 ./system/src/kf32a_basic_i2c.o
 .text$I2C_SendData8
                0x00000000        0x6 ./system/src/kf32a_basic_i2c.o
 .text$I2C_ReceiveData
                0x00000000        0xc ./system/src/kf32a_basic_i2c.o
 .text$I2C_ARP_Enable
                0x00000000        0xc ./system/src/kf32a_basic_i2c.o
 .text$I2C_ADDR_Config
                0x00000000       0x30 ./system/src/kf32a_basic_i2c.o
 .text$I2C_MSK_Config
                0x00000000       0x30 ./system/src/kf32a_basic_i2c.o
 .text$I2C_BRGH_Config
                0x00000000       0x14 ./system/src/kf32a_basic_i2c.o
 .text$I2C_BRGL_Config
                0x00000000        0xc ./system/src/kf32a_basic_i2c.o
 .text$I2C_Start_INT_Enable
                0x00000000        0xe ./system/src/kf32a_basic_i2c.o
 .text$I2C_Stop_INT_Enable
                0x00000000        0xe ./system/src/kf32a_basic_i2c.o
 .text$I2C_Ack_Fail_INT_Enable
                0x00000000        0xe ./system/src/kf32a_basic_i2c.o
 .text$I2C_Arbitration_Lost_INT_Enable
                0x00000000        0xe ./system/src/kf32a_basic_i2c.o
 .text$I2C_SMBus_Alert_INT_Enable
                0x00000000        0xe ./system/src/kf32a_basic_i2c.o
 .text$I2C_SMBus_HostHead_INT_Enable
                0x00000000        0xe ./system/src/kf32a_basic_i2c.o
 .text$I2C_SMBus_Device_Defaultaddress_INT_Enable
                0x00000000        0xe ./system/src/kf32a_basic_i2c.o
 .text$I2C_ISIE_INT_Enable
                0x00000000        0xe ./system/src/kf32a_basic_i2c.o
 .text$I2C_Receive_DMA_INT_Enable
                0x00000000        0xe ./system/src/kf32a_basic_i2c.o
 .text$I2C_Transmit_DMA_INT_Enable
                0x00000000        0xe ./system/src/kf32a_basic_i2c.o
 .text$I2C_Get_Start_Flag
                0x00000000        0x8 ./system/src/kf32a_basic_i2c.o
 .text$I2C_Clear_Start_Flag
                0x00000000       0x14 ./system/src/kf32a_basic_i2c.o
 .text$I2C_Get_Stop_Flag
                0x00000000        0xa ./system/src/kf32a_basic_i2c.o
 .text$I2C_Clear_Stop_Flag
                0x00000000       0x14 ./system/src/kf32a_basic_i2c.o
 .text$I2C_Get_Address_Match_Flag
                0x00000000        0xa ./system/src/kf32a_basic_i2c.o
 .text$I2C_Get_HighAddress_Flag
                0x00000000        0xa ./system/src/kf32a_basic_i2c.o
 .text$I2C_Get_Data_Flag
                0x00000000        0xa ./system/src/kf32a_basic_i2c.o
 .text$I2C_Get_Ack_Fail_Flag
                0x00000000        0xa ./system/src/kf32a_basic_i2c.o
 .text$I2C_Clear_Ack_Fail_Flag
                0x00000000       0x14 ./system/src/kf32a_basic_i2c.o
 .text$I2C_Get_Arbitration_Lost_Flag
                0x00000000        0xa ./system/src/kf32a_basic_i2c.o
 .text$I2C_Clear_Arbitration_Lost_Flag
                0x00000000       0x14 ./system/src/kf32a_basic_i2c.o
 .text$I2C_Get_Write_Read_Flag
                0x00000000        0xa ./system/src/kf32a_basic_i2c.o
 .text$I2C_Get_SMBus_Alert_Flag
                0x00000000        0xa ./system/src/kf32a_basic_i2c.o
 .text$I2C_Clear_SMBus_Alert_Flag
                0x00000000       0x16 ./system/src/kf32a_basic_i2c.o
 .text$I2C_Get_SMBus_Host_Header_Flag
                0x00000000        0xa ./system/src/kf32a_basic_i2c.o
 .text$I2C_Clear_SMBus_Host_Header_Flag
                0x00000000       0x16 ./system/src/kf32a_basic_i2c.o
 .text$I2C_Get_SMBus_Device_Default_Flag
                0x00000000        0xa ./system/src/kf32a_basic_i2c.o
 .text$I2C_Clear_SMBus_Device_Default_Flag
                0x00000000       0x16 ./system/src/kf32a_basic_i2c.o
 .text$I2C_Get_INTERRUPT_Flag
                0x00000000        0xa ./system/src/kf32a_basic_i2c.o
 .text$I2C_Clear_INTERRUPT_Flag
                0x00000000       0x16 ./system/src/kf32a_basic_i2c.o
 .text$I2C_Get_Receive_Buff_Flag
                0x00000000        0xa ./system/src/kf32a_basic_i2c.o
 .text$I2C_Get_Transmit_Buff_Flag
                0x00000000        0xa ./system/src/kf32a_basic_i2c.o
 .text$I2C_Get_Receive_DMA_Flag
                0x00000000        0xa ./system/src/kf32a_basic_i2c.o
 .text$I2C_Get_Transmit_DMA_Flag
                0x00000000        0xa ./system/src/kf32a_basic_i2c.o
 .text          0x00000000        0x0 ./system/src/kf32a_basic_int.o
 .data          0x00000000        0x0 ./system/src/kf32a_basic_int.o
 .bss           0x00000000        0x0 ./system/src/kf32a_basic_int.o
 .text$INT_Get_Interrupt_Action
                0x00000000       0x14 ./system/src/kf32a_basic_int.o
 .text$INT_Get_Priority_Pending_Action
                0x00000000       0x14 ./system/src/kf32a_basic_int.o
 .text$INT_Priority_Base
                0x00000000       0x1c ./system/src/kf32a_basic_int.o
 .text$INT_Get_Priority_Base
                0x00000000       0x14 ./system/src/kf32a_basic_int.o
 .text$INT_Stack_Align_Config
                0x00000000       0x14 ./system/src/kf32a_basic_int.o
 .text$INT_Fault_Masking_Config
                0x00000000       0x14 ./system/src/kf32a_basic_int.o
 .text$INT_Get_Pre_Empty
                0x00000000       0x10 ./system/src/kf32a_basic_int.o
 .text$INT_Get_Pending_Flag
                0x00000000       0x10 ./system/src/kf32a_basic_int.o
 .text$INT_Priority_Group_Config
                0x00000000       0x14 ./system/src/kf32a_basic_int.o
 .text$INT_Get_Priority_Group
                0x00000000       0x10 ./system/src/kf32a_basic_int.o
 .text$INT_Set_Systick_Flag
                0x00000000        0xc ./system/src/kf32a_basic_int.o
 .text$INT_Set_PendSV_Flag
                0x00000000        0xc ./system/src/kf32a_basic_int.o
 .text$INT_Get_Interrupt_Flag
                0x00000000       0x56 ./system/src/kf32a_basic_int.o
 .text$INT_Set_Interrupt_Priority
                0x00000000       0x28 ./system/src/kf32a_basic_int.o
 .text$INT_Stack_Delay_Enable
                0x00000000       0x18 ./system/src/kf32a_basic_int.o
 .text$INT_External_Mask_Enable
                0x00000000       0x1e ./system/src/kf32a_basic_int.o
 .text$INT_External_Rise_Enable
                0x00000000       0x1e ./system/src/kf32a_basic_int.o
 .text$INT_External_Fall_Enable
                0x00000000       0x1e ./system/src/kf32a_basic_int.o
 .text          0x00000000        0x0 ./system/src/kf32a_basic_iwdt.o
 .data          0x00000000        0x0 ./system/src/kf32a_basic_iwdt.o
 .bss           0x00000000        0x0 ./system/src/kf32a_basic_iwdt.o
 .text$IWDT_Prescaler_Config
                0x00000000       0x14 ./system/src/kf32a_basic_iwdt.o
 .text$IWDT_Overflow_Config
                0x00000000       0x18 ./system/src/kf32a_basic_iwdt.o
 .text$IWDT_Enable
                0x00000000       0x14 ./system/src/kf32a_basic_iwdt.o
 .text$IWDT_Feed_The_Dog
                0x00000000       0x10 ./system/src/kf32a_basic_iwdt.o
 .text          0x00000000        0x0 ./system/src/kf32a_basic_lcd.o
 .data          0x00000000        0x0 ./system/src/kf32a_basic_lcd.o
 .bss           0x00000000        0x0 ./system/src/kf32a_basic_lcd.o
 .text          0x00000000        0x0 ./system/src/kf32a_basic_led.o
 .data          0x00000000        0x0 ./system/src/kf32a_basic_led.o
 .bss           0x00000000        0x0 ./system/src/kf32a_basic_led.o
 .text          0x00000000        0x0 ./system/src/kf32a_basic_op.o
 .data          0x00000000        0x0 ./system/src/kf32a_basic_op.o
 .bss           0x00000000        0x0 ./system/src/kf32a_basic_op.o
 .text$OP_Reset
                0x00000000       0x30 ./system/src/kf32a_basic_op.o
 .text$OP_CAL_Configure
                0x00000000       0x70 ./system/src/kf32a_basic_op.o
 .text$OP_GAIN_SELSECT
                0x00000000       0x58 ./system/src/kf32a_basic_op.o
 .text$OP3_POSITIVE_INPUT_SELSECT
                0x00000000       0x14 ./system/src/kf32a_basic_op.o
 .text$OP_OUTPUT_EN
                0x00000000       0x60 ./system/src/kf32a_basic_op.o
 .text$OP_MODULE_EN
                0x00000000       0x5c ./system/src/kf32a_basic_op.o
 .text          0x00000000        0x0 ./system/src/kf32a_basic_osc.o
 .data          0x00000000        0x0 ./system/src/kf32a_basic_osc.o
 .bss           0x00000000        0x0 ./system/src/kf32a_basic_osc.o
 .text$OSC_SCLK_Configuration
                0x00000000       0xb4 ./system/src/kf32a_basic_osc.o
 .text$OSC_HFCK_Configuration
                0x00000000       0xb2 ./system/src/kf32a_basic_osc.o
 .text$OSC_LFCK_Configuration
                0x00000000       0x3c ./system/src/kf32a_basic_osc.o
 .text$OSC_CK48M_Configuration
                0x00000000       0x90 ./system/src/kf32a_basic_osc.o
 .text$OSC_Struct_Init
                0x00000000        0xe ./system/src/kf32a_basic_osc.o
 .text$OSC_SCLK_Output_Select
                0x00000000       0x18 ./system/src/kf32a_basic_osc.o
 .text$OSC_CK48M_Division_Config
                0x00000000       0x12 ./system/src/kf32a_basic_osc.o
 .text$OSC_CK48M_Source_Config
                0x00000000       0x14 ./system/src/kf32a_basic_osc.o
 .text$OSC_CK48M_Enable
                0x00000000       0x14 ./system/src/kf32a_basic_osc.o
 .text$OSC_EXTLF_Start_Delay_Config
                0x00000000       0x18 ./system/src/kf32a_basic_osc.o
 .text$OSC_Zero_Drift_Config
                0x00000000       0x18 ./system/src/kf32a_basic_osc.o
 .text$OSC_Positive_Drift_Config
                0x00000000       0x18 ./system/src/kf32a_basic_osc.o
 .text$OSC_Negative_Drift_Config
                0x00000000       0x12 ./system/src/kf32a_basic_osc.o
 .text$OSC_Current_Gain_Config
                0x00000000       0x12 ./system/src/kf32a_basic_osc.o
 .text$OSC_External_Input_Enable
                0x00000000       0x14 ./system/src/kf32a_basic_osc.o
 .text$OSC_Feedback_Resistance_Config
                0x00000000       0x14 ./system/src/kf32a_basic_osc.o
 .text$OSC_PLL_Zero_Source_Enable
                0x00000000       0x14 ./system/src/kf32a_basic_osc.o
 .text$OSC_PLL_Vref2_Enable
                0x00000000       0x14 ./system/src/kf32a_basic_osc.o
 .text$OSC_PLL_Vref0p5_Enable
                0x00000000       0x14 ./system/src/kf32a_basic_osc.o
 .text$OSC_PLL_Vref1p2_Enable
                0x00000000       0x14 ./system/src/kf32a_basic_osc.o
 .text$OSC_PLL_Low_Power_20nA_Enable
                0x00000000       0x14 ./system/src/kf32a_basic_osc.o
 .text$OSC_PLL_Vref1p14_Enable
                0x00000000       0x14 ./system/src/kf32a_basic_osc.o
 .text$OSC_PLL_Low_Power_100nA_Enable
                0x00000000       0x14 ./system/src/kf32a_basic_osc.o
 .text$OSC_PLL_LDO_Enable
                0x00000000       0x14 ./system/src/kf32a_basic_osc.o
 .text$OSC_PLL_INT_Enable
                0x00000000       0x14 ./system/src/kf32a_basic_osc.o
 .text$OSC_EXTHF_INT_Enable
                0x00000000       0x14 ./system/src/kf32a_basic_osc.o
 .text$OSC_EXTLF_INT_Enable
                0x00000000       0x14 ./system/src/kf32a_basic_osc.o
 .text$OSC_INTHF_INT_Enable
                0x00000000       0x14 ./system/src/kf32a_basic_osc.o
 .text$OSC_INTLF_INT_Enable
                0x00000000       0x14 ./system/src/kf32a_basic_osc.o
 .text$OSC_Get_Clock_Failure_INT_Flag
                0x00000000        0xe ./system/src/kf32a_basic_osc.o
 .text$OSC_Get_EXTHF_INT_Flag
                0x00000000        0xe ./system/src/kf32a_basic_osc.o
 .text$OSC_Get_EXTLF_INT_Flag
                0x00000000        0xe ./system/src/kf32a_basic_osc.o
 .text$OSC_Get_INTLF_INT_Flag
                0x00000000        0xc ./system/src/kf32a_basic_osc.o
 .text$OSC_Get_LP4MIF_INT_Flag
                0x00000000        0xe ./system/src/kf32a_basic_osc.o
 .text          0x00000000        0x0 ./system/src/kf32a_basic_pclk.o
 .data          0x00000000        0x0 ./system/src/kf32a_basic_pclk.o
 .bss           0x00000000        0x0 ./system/src/kf32a_basic_pclk.o
 .text          0x00000000        0x0 ./system/src/kf32a_basic_pm.o
 .data          0x00000000        0x0 ./system/src/kf32a_basic_pm.o
 .bss           0x00000000        0x0 ./system/src/kf32a_basic_pm.o
 .text$PM_IO_Latch_Enable
                0x00000000       0x14 ./system/src/kf32a_basic_pm.o
 .text$PM_Get_IO_Latch_Status
                0x00000000        0xc ./system/src/kf32a_basic_pm.o
 .text$PM_Internal_Low_Frequency_Enable
                0x00000000       0x14 ./system/src/kf32a_basic_pm.o
 .text$PM_External_Low_Frequency_Enable
                0x00000000       0x14 ./system/src/kf32a_basic_pm.o
 .text$PM_External_Low_Frequency_Clock_Enable
                0x00000000       0x14 ./system/src/kf32a_basic_pm.o
 .text$PM_Main_Bandgap_Enable
                0x00000000       0x14 ./system/src/kf32a_basic_pm.o
 .text$PM_LDO18_Enable
                0x00000000       0x14 ./system/src/kf32a_basic_pm.o
 .text$PM_Backup_Registers_Reset_Config
                0x00000000       0x14 ./system/src/kf32a_basic_pm.o
 .text$PM_Independent_Watchdog_Reset_Config
                0x00000000       0x14 ./system/src/kf32a_basic_pm.o
 .text$PM_SRAMA_In_Standby_Work_Mode_Config
                0x00000000       0x14 ./system/src/kf32a_basic_pm.o
 .text$PM_LPRAM_In_Standby_Work_Mode_Config
                0x00000000       0x14 ./system/src/kf32a_basic_pm.o
 .text$PM_Backup_POR_Delay_Time_Config
                0x00000000       0x14 ./system/src/kf32a_basic_pm.o
 .text$PM_Main_POR_Delay_Time_Config
                0x00000000       0x14 ./system/src/kf32a_basic_pm.o
 .text$PM_Peripheral_IO_Port_Config
                0x00000000       0x14 ./system/src/kf32a_basic_pm.o
 .text$PM_OCAL0LOCK_Enable
                0x00000000       0x14 ./system/src/kf32a_basic_pm.o
 .text$PM_MEMSEL_Enable
                0x00000000       0x14 ./system/src/kf32a_basic_pm.o
 .text$PM_Flash_Power_Off_Enable
                0x00000000       0x14 ./system/src/kf32a_basic_pm.o
 .text$PM_CCP0CLKLPEN_Enable
                0x00000000       0x14 ./system/src/kf32a_basic_pm.o
 .text$PM_Backup_Write_And_Read_Enable
                0x00000000       0x14 ./system/src/kf32a_basic_pm.o
 .text$PM_VREF_Software_Enable
                0x00000000       0x14 ./system/src/kf32a_basic_pm.o
 .text$PM_VREF_SELECT
                0x00000000       0x14 ./system/src/kf32a_basic_pm.o
 .text$PM_LPR_Software_Enable
                0x00000000       0x14 ./system/src/kf32a_basic_pm.o
 .text$PM_Low_Power_Mode_Config
                0x00000000       0x14 ./system/src/kf32a_basic_pm.o
 .text$PM_BOR_Enable
                0x00000000       0x14 ./system/src/kf32a_basic_pm.o
 .text$PM_Low_Power_BOR_Enable
                0x00000000       0x14 ./system/src/kf32a_basic_pm.o
 .text$PM_Temperature_Sensor_Enable
                0x00000000       0x14 ./system/src/kf32a_basic_pm.o
 .text$PM_Temperature_Sensor_Buffer_Enable
                0x00000000       0x14 ./system/src/kf32a_basic_pm.o
 .text$PM_Reference_Voltage_Enable
                0x00000000       0x14 ./system/src/kf32a_basic_pm.o
 .text$PM_Internal_Test_Buffer_Clock_Enable
                0x00000000       0x14 ./system/src/kf32a_basic_pm.o
 .text$PM_Internal_Test_Buffer_Clock_Scaler_Config
                0x00000000       0x18 ./system/src/kf32a_basic_pm.o
 .text$PM_PLL0_Output_Buffer_Enable
                0x00000000       0x14 ./system/src/kf32a_basic_pm.o
 .text$PM_PLL1_Output_Buffer_Enable
                0x00000000       0x14 ./system/src/kf32a_basic_pm.o
 .text$PM_PLL2_Output_Buffer_Enable
                0x00000000       0x14 ./system/src/kf32a_basic_pm.o
 .text$PM_PLL0LDO_Output_Buffer_Enable
                0x00000000       0x14 ./system/src/kf32a_basic_pm.o
 .text$PM_PLL1LDO_Output_Buffer_Enable
                0x00000000       0x14 ./system/src/kf32a_basic_pm.o
 .text$PM_PLL2LDO_Output_Buffer_Enable
                0x00000000       0x14 ./system/src/kf32a_basic_pm.o
 .text$PM_Battery_BOR_Config
                0x00000000       0x18 ./system/src/kf32a_basic_pm.o
 .text$PM_Battery_BOR_Enable
                0x00000000       0x14 ./system/src/kf32a_basic_pm.o
 .text$PM_Peripheral_Voltage_Monitoring_Enable
                0x00000000       0x14 ./system/src/kf32a_basic_pm.o
 .text$PM_Voltage_Detection_Config
                0x00000000       0x14 ./system/src/kf32a_basic_pm.o
 .text$PM_Voltage_Detection_Enable
                0x00000000       0x14 ./system/src/kf32a_basic_pm.o
 .text$PM_External_Wakeup_Pin_Enable
                0x00000000       0x22 ./system/src/kf32a_basic_pm.o
 .text$PM_External_Wakeup_Edge_Config
                0x00000000       0x22 ./system/src/kf32a_basic_pm.o
 .text$PM_Stop_Mode_Peripheral_INLF_Enable
                0x00000000       0x1e ./system/src/kf32a_basic_pm.o
 .text$PM_Peripheral_Reset_Config
                0x00000000       0x1e ./system/src/kf32a_basic_pm.o
 .text$PM_Vdd_Por_Enable
                0x00000000       0x14 ./system/src/kf32a_basic_pm.o
 .text$PM_Low_Power_Bandgap_Enable
                0x00000000       0x14 ./system/src/kf32a_basic_pm.o
 .text$PM_Power_Dissipation_Mode_Config
                0x00000000       0x14 ./system/src/kf32a_basic_pm.o
 .text$PM_Power_Dissipation_Mode_Delay_Config
                0x00000000       0x14 ./system/src/kf32a_basic_pm.o
 .text$PM_Internal_Test_Buffer_Enable
                0x00000000       0x14 ./system/src/kf32a_basic_pm.o
 .text$PM_Clear_Reset_And_Wakeup_Flag
                0x00000000       0x20 ./system/src/kf32a_basic_pm.o
 .text$PM_Get_IWDT_Reset_Flag
                0x00000000       0x30 ./system/src/kf32a_basic_pm.o
 .text$PM_Clear_External_Wakeup_Pin_Flag
                0x00000000       0x24 ./system/src/kf32a_basic_pm.o
 .text$PM_Get_Low_Power_Running_State
                0x00000000       0x10 ./system/src/kf32a_basic_pm.o
 .text$PM_Get_LPR_Status
                0x00000000       0x10 ./system/src/kf32a_basic_pm.o
 .text$PM_Get_Peripheral_Voltage_Detection_Status
                0x00000000       0x10 ./system/src/kf32a_basic_pm.o
 .text$PM_Zero_Drift_Current_Config
                0x00000000       0x14 ./system/src/kf32a_basic_pm.o
 .text$PM_BOR_Voltage_Config
                0x00000000       0x14 ./system/src/kf32a_basic_pm.o
 .text$PM_Main_Regulator_Voltage_Config
                0x00000000       0x18 ./system/src/kf32a_basic_pm.o
 .text$PM_Main_Regulator_HV_Enable
                0x00000000       0x14 ./system/src/kf32a_basic_pm.o
 .text$PM_Reference_Calibration_Config
                0x00000000       0x68 ./system/src/kf32a_basic_pm.o
 .text$PM_INTLF_Bias_Current_Config
                0x00000000       0x18 ./system/src/kf32a_basic_pm.o
 .text$PM_EXTLF_Bias_Current_Config
                0x00000000       0x14 ./system/src/kf32a_basic_pm.o
 .text$PM_INTLF_Capacitance_Calibration_Config
                0x00000000       0x18 ./system/src/kf32a_basic_pm.o
 .text$PM_LP_Bias_Calibration_Config
                0x00000000       0x18 ./system/src/kf32a_basic_pm.o
 .text$PM_LPBG_Pump_Calibration_Config
                0x00000000       0x18 ./system/src/kf32a_basic_pm.o
 .text$PM_EXTLF_N_Bias_Current_Config
                0x00000000       0x14 ./system/src/kf32a_basic_pm.o
 .text$PM_LDO18_Module_Config
                0x00000000       0x14 ./system/src/kf32a_basic_pm.o
 .text$PM_Main_Regulator_Bandgap_Config
                0x00000000       0x14 ./system/src/kf32a_basic_pm.o
 .text$PM_LPR_Module_Config
                0x00000000       0x14 ./system/src/kf32a_basic_pm.o
 .text          0x00000000        0x0 ./system/src/kf32a_basic_qei.o
 .data          0x00000000        0x0 ./system/src/kf32a_basic_qei.o
 .bss           0x00000000        0x0 ./system/src/kf32a_basic_qei.o
 .text$QEI_Reset
                0x00000000       0x6c ./system/src/kf32a_basic_qei.o
 .text$QEI_Configuration
                0x00000000       0x3e ./system/src/kf32a_basic_qei.o
 .text$QEI_Timer_Configuration
                0x00000000       0x1e ./system/src/kf32a_basic_qei.o
 .text$QEI_Struct_Init
                0x00000000       0x16 ./system/src/kf32a_basic_qei.o
 .text$QEI_Timer_Struct_Init
                0x00000000       0x10 ./system/src/kf32a_basic_qei.o
 .text$QEI_Encoder_Mode_Config
                0x00000000       0x10 ./system/src/kf32a_basic_qei.o
 .text$QEI_Location_Counter_Reset_Enable
                0x00000000        0xc ./system/src/kf32a_basic_qei.o
 .text$QEI_Timer_Source_Clock_Config
                0x00000000        0xc ./system/src/kf32a_basic_qei.o
 .text$QEI_Get_Index_Pin_State
                0x00000000        0xa ./system/src/kf32a_basic_qei.o
 .text$QEI_Location_Counter_Output_Enable
                0x00000000        0xc ./system/src/kf32a_basic_qei.o
 .text$QEI_Location_Counter_Direction_Config
                0x00000000        0xc ./system/src/kf32a_basic_qei.o
[...]
 .bss$comm$PCan1Sendbuffx
                0x1000170c      0x500 ./driver/Pcan1.o
                0x1000170c                PCan1Sendbuffx
 .bss$comm$PCan1SendBuff
                0x10001c0c       0x18 ./driver/Pcan1.o
                0x10001c0c                PCan1SendBuff
 .bss$comm$PCan2domsg
                0x10001c24       0x14 ./driver/Pcan2.o
                0x10001c24                PCan2domsg
 .bss$comm$PCan2Sendbuffx
                0x10001c38      0x500 ./driver/Pcan2.o
                0x10001c38                PCan2Sendbuffx
 .bss$comm$PCan2SendBuff
                0x10002138       0x18 ./driver/Pcan2.o
                0x10002138                PCan2SendBuff
 .bss$comm$PCan3domsg
                0x10002150       0x14 ./driver/Pcan3.o
                0x10002150                PCan3domsg
 .bss$comm$PCan3Sendbuffx
                0x10002164      0x500 ./driver/Pcan3.o
                0x10002164                PCan3Sendbuffx
 .bss$comm$PCan3SendBuff
                0x10002664       0x18 ./driver/Pcan3.o
                0x10002664                PCan3SendBuff
 .bss$comm$rs485style
                0x1000267c       0x83 ./driver/RS485.o
                0x1000267c                rs485style
 *fill*         0x100026ff        0x1 
 .bss$comm$t123Ans
                0x10002700        0x2 ./driver/T123AI.o
                0x10002700                t123Ans
 .bss$comm$domsg
                0x10002702        0xf ./driver/T123AI.o
                0x10002702                domsg
 .bss$comm$Sendbuffx
                0x10002711      0xf00 ./driver/T123AI.o
                0x10002711                Sendbuffx
 *fill*         0x10003611        0x3 
 .bss$comm$SendBuff
                0x10003614       0x18 ./driver/T123AI.o
                0x10003614                SendBuff
 .bss$static$sp2.6429
                0x1000362c        0x4 ./driver/canreceive.o
 .bss$static$sp1.6428
                0x10003630        0x4 ./driver/canreceive.o
 .bss$static$sp3.6430
                0x10003634        0x2 ./driver/canreceive.o
 .bss$static$SP4.6431
                0x10003636        0x2 ./driver/canreceive.o
 .bss$comm$timeout
                0x10003638       0x20 ./driver/canreceive.o
                0x10003638                timeout
 .bss$comm$CanData
                0x10003658      0x100 ./driver/canreceive.o
                0x10003658                CanData
 .bss$static$lastcode.6435
                0x10003758        0x1 ./driver/canreceive.o
 .bss$comm$Oil_Alarm_2012
                0x10003759        0x1 ./driver/eeprom.o
                0x10003759                Oil_Alarm_2012
 .bss$comm$Set_Pulse
                0x1000375a        0x2 ./driver/eeprom.o
                0x1000375a                Set_Pulse
 .bss$comm$Set_odometer_const
                0x1000375c        0x2 ./driver/eeprom.o
                0x1000375c                Set_odometer_const
 .bss$comm$Set_backlight_level
                0x1000375e        0x1 ./driver/eeprom.o
                0x1000375e                Set_backlight_level
 .bss$comm$Set_Fuel_Coef
                0x1000375f        0x1 ./driver/eeprom.o
                0x1000375f                Set_Fuel_Coef
 .bss$comm$Set_Coef
                0x10003760        0x1 ./driver/eeprom.o
                0x10003760                Set_Coef
 .bss$comm$Set_Air_Coef
                0x10003761        0x1 ./driver/eeprom.o
                0x10003761                Set_Air_Coef
 .bss$comm$Set_Ranyou_Alarm
                0x10003762        0x1 ./driver/eeprom.o
                0x10003762                Set_Ranyou_Alarm
 .bss$comm$Set_Oil_Alarm
                0x10003763        0x1 ./driver/eeprom.o
                0x10003763                Set_Oil_Alarm
 .bss$comm$Set_Speed_Alarm
                0x10003764        0x1 ./driver/eeprom.o
                0x10003764                Set_Speed_Alarm
 .bss$comm$Set_Air_Alarm
                0x10003765        0x1 ./driver/eeprom.o
                0x10003765                Set_Air_Alarm
 .bss$comm$Pulse
                0x10003766        0x2 ./driver/eeprom.o
                0x10003766                Pulse
 .bss$comm$odometer_const_2012
                0x10003768        0x2 ./driver/eeprom.o
                0x10003768                odometer_const_2012
 .bss$comm$odometer_const
                0x1000376a        0x2 ./driver/eeprom.o
                0x1000376a                odometer_const
 .bss$comm$Bus_Type
                0x1000376c        0x1 ./driver/eeprom.o
                0x1000376c                Bus_Type
 .bss$comm$backlight_level
                0x1000376d        0x1 ./driver/eeprom.o
                0x1000376d                backlight_level
 .bss$comm$Fuel_Coef
                0x1000376e        0x1 ./driver/eeprom.o
                0x1000376e                Fuel_Coef
 .bss$comm$Rain_Delay_Time
                0x1000376f        0x1 ./driver/eeprom.o
                0x1000376f                Rain_Delay_Time
 .bss$comm$Coef
                0x10003770        0x1 ./driver/eeprom.o
                0x10003770                Coef
 .bss$comm$Air2_Coef
                0x10003771        0x1 ./driver/eeprom.o
                0x10003771                Air2_Coef
 .bss$comm$Air_Coef
                0x10003772        0x1 ./driver/eeprom.o
                0x10003772                Air_Coef
 .bss$comm$Ranyou_Alarm
                0x10003773        0x1 ./driver/eeprom.o
                0x10003773                Ranyou_Alarm
 .bss$comm$Oil_Alarm
                0x10003774        0x1 ./driver/eeprom.o
                0x10003774                Oil_Alarm
 .bss$comm$Speed_Alarm
                0x10003775        0x1 ./driver/eeprom.o
                0x10003775                Speed_Alarm
 .bss$comm$Air_Alarm
                0x10003776        0x1 ./driver/eeprom.o
                0x10003776                Air_Alarm
 *fill*         0x10003777        0x1 
 .bss$static$GpioPinNum.6336
                0x10003778        0x2 ./driver/emios.o
 *fill*         0x1000377a        0x2 
 .bss$comm$flash_write
                0x1000377c       0x14 ./driver/flash.o
                0x1000377c                flash_write
 .bss$static$key_index.6370
                0x10003790        0x1 ./driver/key.o
 .bss$comm$MsgFifos
                0x10003791       0x1e ./driver/keyfif.o
                0x10003791                MsgFifos
 *fill*         0x100037af        0x1 
 .bss$comm$ledlogic
                0x100037b0        0x2 ./driver/led.o
                0x100037b0                ledlogic
 .bss$comm$op_protection
                0x100037b2        0xa ./driver/output.o
                0x100037b2                op_protection
 .bss$comm$output_s
                0x100037bc        0x1 ./driver/output.o
                0x100037bc                output_s
 *fill*         0x100037bd        0x3 
 .bss$comm$sw_diagnose
                0x100037c0        0x2 ./driver/output.o
                0x100037c0                sw_diagnose
 .bss$comm$adc_100ma_fd
                0x100037c2        0xa ./driver/output.o
                0x100037c2                adc_100ma_fd
 .bss$comm$SCH_tasks_G
                0x100037cc       0xf0 ./driver/sch.o
                0x100037cc                SCH_tasks_G
 .bss$comm$k    0x100038bc        0x1 ./driver/switch.o
                0x100038bc                k
 .bss$comm$j    0x100038bd        0x1 ./driver/switch.o
                0x100038bd                j
 .bss$comm$i    0x100038be        0x1 ./driver/switch.o
                0x100038be                i
 .bss$comm$dumpx
                0x100038bf        0x1 ./driver/switch.o
                0x100038bf                dumpx
 .bss$comm$port_b
                0x100038c0        0x2 ./driver/switch.o
                0x100038c0                port_b
 .bss$comm$port_d
                0x100038c2        0x2 ./driver/switch.o
                0x100038c2                port_d
 .bss$comm$port_c
                0x100038c4        0x2 ./driver/switch.o
                0x100038c4                port_c
 .bss$comm$port_a
                0x100038c6        0x2 ./driver/switch.o
                0x100038c6                port_a
 .bss$comm$port_mask
                0x100038c8        0x8 ./driver/switch.o
                0x100038c8                port_mask
                0x100038d0                . = ((. + 0x3) & 0xfffffffc)
                0x100038d0                __bss_end__ = .
 *(.userdata*)
                0x100038d0                __allot_end__ = ((. + 0x3) & 0xfffffffc)
                0x100038d0                __Heap_Start__ = __allot_end__
 *(.heap_mem*)
                0x100038d0                . = ((. + 0x3) & 0xfffffffc)
                0x100038d0                __Logic_Heap_End__ = .
                0x000039d0                . = DEFINED (Heap_Mem)?((. + 0x3) & 0xfffffffc):(__Logic_Heap_End__ + __Heap_length__)
 *fill*         0x100038d0      0x100 
                0x100039d0                __Heap_End__ = .
                0x100039d0                __MAX_Stack_LIMITS__ = ((. + 0x3) & 0xfffffffc)
                0x100039d0                . = ((. + 0x3) & 0xfffffffc)
                0x1001fe00                __LMA_STACK_LIMITS__ = DEFINED (Stack_Mem)?(__initial_sp - (__Logic_Stack_Start__ - __Logic_Stack_End__)):.
                0x1001fe00                . = __LMA_STACK_LIMITS__
 *fill*         0x100039d0    0x1c430 
                0x1001fe00                __Logic_Stack_End__ = .
 *(.stack_mem*)
 .stack_mem$Stack_Mem
                0x1001fe00      0x200 ./system/vector.o
                0x1001fe00                Stack_Mem
                0x10020000                __Logic_Stack_Start__ = .
                0x00020000                __initial_sp = 0x20000
                0x00000100                PROVIDE (__Heap_length__, 0x100)

.flashdata      0x0c001c00      0x400
 *(.flashdata*)
                0x00000400                . = 0x400
 *fill*         0x0c001c00      0x400 

.debugormode
 *(.modeconfig*)

.protectmode
 *(.protectconfig*)

.eeprom         0x7f000000     0x1000
 *(.eeprom*)
                0x00001000                . = 0x1000
 *fill*         0x7f000000     0x1000 

.config1
 *(.config1*)

.config2
 *(.config2*)

.stab           0x00000000    0x398f4
 *(.stab)
 .stab          0x00000000     0x17dc ./system/src/kf32a_basic_adc.o
                               0x2970 (size before relaxing)
 .stab          0x000017dc      0x45c ./system/src/kf32a_basic_aes.o
                                0xf0c (size before relaxing)
 .stab          0x00001c38     0x1d88 ./system/src/kf32a_basic_atim.o
                               0x5940 (size before relaxing)
 .stab          0x000039c0      0x408 ./system/src/kf32a_basic_bkp.o
                                0xff0 (size before relaxing)
 .stab          0x00003dc8      0xdf8 ./system/src/kf32a_basic_btim.o
                               0x2304 (size before relaxing)
 .stab          0x00004bc0     0x14c4 ./system/src/kf32a_basic_can.o
                               0x273c (size before relaxing)
 .stab          0x00006084      0x444 ./system/src/kf32a_basic_cfgl.o
                               0x1560 (size before relaxing)
 .stab          0x000064c8      0x84c ./system/src/kf32a_basic_cmp.o
                               0x2190 (size before relaxing)
 .stab          0x00006d14      0x324 ./system/src/kf32a_basic_crc.o
                                0xbb8 (size before relaxing)
 .stab          0x00007038      0x3d8 ./system/src/kf32a_basic_dac.o
                                0xf60 (size before relaxing)
 .stab          0x00007410      0x930 ./system/src/kf32a_basic_dma.o
                               0x1c20 (size before relaxing)
 .stab          0x00007d40      0x294 ./system/src/kf32a_basic_exic.o
                                0xc84 (size before relaxing)
 .stab          0x00007fd4      0xf0c ./system/src/kf32a_basic_flash.o
                               0x2ca0 (size before relaxing)
 .stab          0x00008ee0      0xcb4 ./system/src/kf32a_basic_gpio.o
                               0x1860 (size before relaxing)
 .stab          0x00009b94     0x15cc ./system/src/kf32a_basic_gptim.o
                               0x3330 (size before relaxing)
 .stab          0x0000b160      0xdf8 ./system/src/kf32a_basic_i2c.o
                               0x2958 (size before relaxing)
 .stab          0x0000bf58     0x1020 ./system/src/kf32a_basic_int.o
                               0x1cf8 (size before relaxing)
 .stab          0x0000cf78      0x1d4 ./system/src/kf32a_basic_iwdt.o
                                0x8a0 (size before relaxing)
 .stab          0x0000d14c      0x12c ./system/src/kf32a_basic_lcd.o
                                0x66c (size before relaxing)
 .stab          0x0000d278      0x12c ./system/src/kf32a_basic_led.o
                                0x66c (size before relaxing)
 .stab          0x0000d3a4      0x264 ./system/src/kf32a_basic_op.o
                                0xe94 (size before relaxing)
 .stab          0x0000d608     0x183c ./system/src/kf32a_basic_osc.o
                               0x31e0 (size before relaxing)
 .stab          0x0000ee44      0x3c0 ./system/src/kf32a_basic_pclk.o
                                0x900 (size before relaxing)
 .stab          0x0000f204     0x1008 ./system/src/kf32a_basic_pm.o
                               0x34d4 (size before relaxing)
 .stab          0x0001020c      0x894 ./system/src/kf32a_basic_qei.o
                               0x1b90 (size before relaxing)
 .stab          0x00010aa0      0x354 ./system/src/kf32a_basic_rst.o
                                0x900 (size before relaxing)
 .stab          0x00010df4     0x15f0 ./system/src/kf32a_basic_rtc.o
                               0x5454 (size before relaxing)
 .stab          0x000123e4      0x9a8 ./system/src/kf32a_basic_spi.o
                               0x1f80 (size before relaxing)
 .stab          0x00012d8c      0x57c ./system/src/kf32a_basic_sysctl.o
                               0x1170 (size before relaxing)
 .stab          0x00013308      0x2c4 ./system/src/kf32a_basic_systick.o
                                0xb34 (size before relaxing)
 .stab          0x000135cc     0x15fc ./system/src/kf32a_basic_usart.o
                               0x40e0 (size before relaxing)
 .stab          0x00014bc8      0x144 ./system/src/kf32a_basic_usb.o
                                0x684 (size before relaxing)
 .stab          0x00014d0c      0x4bc ./system/src/kf32a_basic_wwdt.o
                                0xb04 (size before relaxing)
 .stab          0x000151c8      0x1bc ./system/startup.o
                                0x1c8 (size before relaxing)
 .stab          0x00015384      0xc00 ./system/system_init.o
                               0x1860 (size before relaxing)
 .stab          0x00015f84      0x120 ./system/vector.o
                                0x12c (size before relaxing)
 .stab          0x000160a4      0xc00 ./source/MeterConfig.o
                               0x1ca4 (size before relaxing)
 .stab          0x00016ca4      0x300 ./source/aebs.o
                               0x10c8 (size before relaxing)
 .stab          0x00016fa4      0x468 ./source/bootloader.o
                               0x1368 (size before relaxing)
 .stab          0x0001740c     0x3e58 ./source/display.o
                               0x4fec (size before relaxing)
 .stab          0x0001b264     0x7620 ./source/displayhelper.o
                               0x86dc (size before relaxing)
 .stab          0x00022884      0xa80 ./source/kf_it.o
                               0x1848 (size before relaxing)
 .stab          0x00023304      0x9e4 ./source/main.o
                               0x17dc (size before relaxing)
 .stab          0x00023ce8     0x528c ./source/system.o
                               0x63fc (size before relaxing)
 .stab          0x00028f74     0x1860 ./driver/Adc.o
                               0x2664 (size before relaxing)
 .stab          0x0002a7d4     0x126c ./driver/Bcan.o
                               0x22d4 (size before relaxing)
 .stab          0x0002ba40      0xb4c ./driver/Dcan.o
                               0x1cc8 (size before relaxing)
 .stab          0x0002c58c     0x1560 ./driver/EElogic.o
                               0x246c (size before relaxing)
 .stab          0x0002daec      0x900 ./driver/Pcan1.o
                               0x1890 (size before relaxing)
 .stab          0x0002e3ec      0x900 ./driver/Pcan2.o
                               0x1890 (size before relaxing)
 .stab          0x0002ecec      0xa2c ./driver/Pcan3.o
                               0x1890 (size before relaxing)
 .stab          0x0002f718      0x570 ./driver/RS485.o
                               0x1860 (size before relaxing)
 .stab          0x0002fc88      0x738 ./driver/Rtc.o
                               0x1500 (size before relaxing)
 .stab          0x000303c0      0xa08 ./driver/T123AI.o
                               0x1a34 (size before relaxing)
 .stab          0x00030dc8      0xc24 ./driver/ZD24C0x.o
                               0x19ec (size before relaxing)
 .stab          0x000319ec      0x120 ./driver/canfifo.o
                                0x12c (size before relaxing)
 .stab          0x00031b0c     0x1a04 ./driver/canreceive.o
                               0x28f8 (size before relaxing)
 .stab          0x00033510      0x960 ./driver/eeprom.o
                               0x1f5c (size before relaxing)
 .stab          0x00033e70      0xdec ./driver/emios.o
                               0x1cb0 (size before relaxing)
 .stab          0x00034c5c      0x834 ./driver/flash.o
                               0x1e0c (size before relaxing)
 .stab          0x00035490      0x5f4 ./driver/gpio.o
                               0x13bc (size before relaxing)
 .stab          0x00035a84      0xcb4 ./driver/iic.o
                               0x1a7c (size before relaxing)
 .stab          0x00036738      0x7b0 ./driver/key.o
                               0x1620 (size before relaxing)
 .stab          0x00036ee8      0x300 ./driver/keyfif.o
                                0x3a8 (size before relaxing)
 .stab          0x000371e8      0x540 ./driver/led.o
                               0x1308 (size before relaxing)
 .stab          0x00037728      0x99c ./driver/output.o
                               0x1764 (size before relaxing)
 .stab          0x000380c4      0x6cc ./driver/sch.o
                               0x14f4 (size before relaxing)
 .stab          0x00038790      0x7f8 ./driver/switch.o
                               0x15c0 (size before relaxing)
 .stab          0x00038f88      0x558 ./driver/timer.o
                               0x1320 (size before relaxing)
 .stab          0x000394e0      0x414 ./driver/watchdog.o
                               0x11dc (size before relaxing)

.stabstr        0x00000000    0x18e16
 *(.stabstr)
 .stabstr       0x00000000    0x18e16 ./system/src/kf32a_basic_adc.o

.stab.excl
 *(.stab.excl)

.stab.exclstr
 *(.stab.exclstr)

.stab.index
 *(.stab.index)

.stab.indexstr
 *(.stab.indexstr)

.comment
 *(.comment)

.debug
 *(.debug)

.line
 *(.line)

.debug_srcinfo
 *(.debug_srcinfo)

.debug_sfnames
 *(.debug_sfnames)

.debug_aranges
 *(.debug_aranges)

.debug_pubnames
 *(.debug_pubnames)

.debug_info
 *(.debug_info .gnu.linkonce.wi.*)

.debug_abbrev
 *(.debug_abbrev)

.debug_line
 *(.debug_line .debug_line.* .debug_line_end)

.debug_frame
 *(.debug_frame)

.debug_str
 *(.debug_str)

.debug_loc
 *(.debug_loc)

.debug_macinfo
 *(.debug_macinfo)

.debug_weaknames
 *(.debug_weaknames)

.debug_funcnames
 *(.debug_funcnames)

.debug_typenames
 *(.debug_typenames)

.debug_varnames
 *(.debug_varnames)

.debug_pubtypes
 *(.debug_pubtypes)

.debug_ranges
 *(.debug_ranges)

.debug_macro
 *(.debug_macro)

.gnu.attributes
 *(.gnu.attributes)

/DISCARD/
 *(.note.GNU-stack)
 *(.gnu_debuglink)
 *(.gnu.lto_*)
OUTPUT(YB-TZGJ-XMJL-221205.elf elf32-kungfu32-little)
